--------- beginning of /dev/log/main
D/Vibrator(  591): switchOff : Turn OFF vibrator request
D/EVENT_THREAD(  591): void CEventThread::cancelAlarm()
D/EVENT_THREAD(  591): void CEventThread::run() Do poll with timeout: -1
D/Vibrator(  591): switchOn : Turn ON vibrator for 50 ms request
I/AudioPolicyManagerBase(  224): APM: getOutput
I/AudioPolicyManagerBase(  224): APM: getOutput
I/AudioPolicyManagerBase(  224): APM: getOutput
D/AudioPolicyManagerALSA(  224): startOutput() output 2, stream type 1, session 397
D/EVENT_THREAD(  591): void CEventThread::startAlarm(uint32_t) 50ms
D/EVENT_THREAD(  591): void CEventThread::run() Do poll with timeout: 50
D/AudioHardwareALSA(  224): setStreamParameters: key value pair routing=2;stream_flags=2
D/RouteManager(  224): setOutputFlags: output flags = 0x2 (Prev Flags=0x2)
D/RouteManager(  224): setDevices: 0x2
D/RouteManager(  224): setDevices: 0x2
D/RouteManager(  224): setDevices: set device = IHF to output stream
D/RouteManager(  224): setStreamParameters: identical Platform State, do not reconsider routing
--------- beginning of /dev/log/system
D/InputMethodManagerService(  591): --- calledFromForegroundUserOrSystemProcess ? calling uid = 10085 system uid = 1000 calling userId = 0, foreground user id = 0, calling pid = 12106com.android.server.InputMethodManagerService.hideSoftInput(InputMethodManagerService.java:1815)
V/InputMethodManagerService(  591): Client requesting input be hidden
V/InputMethodManagerService(  591): Calling com.android.internal.view.IInputMethod$Stub$Proxy@26bcdfe8.hideSoftInput(0, null)
D/InputMethodManagerService(  591): --- calledFromForegroundUserOrSystemProcess ? calling uid = 10013 system uid = 1000 calling userId = 0, foreground user id = 0, calling pid = 652com.android.server.InputMethodManagerService.getInputMethodList(InputMethodManagerService.java:945)
D/InputMethodManagerService(  591): --- calledFromForegroundUserOrSystemProcess ? calling uid = 10013 system uid = 1000 calling userId = 0, foreground user id = 0, calling pid = 652com.android.server.InputMethodManagerService.getCurrentInputMethodSubtype(InputMethodManagerService.java:3084)
D/        (  800): Surface destroy: ANDROID_NATIVE_WINDOW_MAGIC
D/Vibrator(  591): switchOff : Turn OFF vibrator request
D/EVENT_THREAD(  591): void CEventThread::cancelAlarm()
D/EVENT_THREAD(  591): void CEventThread::run() Do poll with timeout: -1
I/WifiHW  (  591): CMD: IFNAME=wlan0 SIGNAL_POLL
D/wpa_supplicant(  649): RX ctrl_iface - hexdump(len=11): 53 49 47 4e 41 4c 5f 50 4f 4c 4c
D/wpa_supplicant(  649): wlan0: Control interface command 'SIGNAL_POLL'
D/wpa_supplicant(  649): nl80211: survey data missing!
I/wpa_supplicant(  649): nl80211: send_and_recv->nl_recvmsgs failed: 20
I/WifiHW  (  591): REPLY: RSSI=-29
I/WifiHW  (  591): REPLY: LINKSPEED=135
I/WifiHW  (  591): REPLY: NOISE=9999
I/WifiHW  (  591): REPLY: FREQUENCY=2457
D/ConnectivityService(  591): handleConnectivityChange: addresses changed linkProperty[1]: resetMask=0
D/ConnectivityService(  591):    car=removed=[] added=[2002:c037:4467:0:b90c:cca9:26fb:b9b5/64,]
D/Nat464Xlat(  591): requiresClat: netType=1, hasIPv4Address=true
I/AudioPolicyManagerBase(  224): APM: getOutput
I/AudioPolicyManagerBase(  224): APM: getOutput
I/AudioPolicyManagerBase(  224): APM: getOutput
W/AudioTrack(  591): AUDIO_OUTPUT_FLAG_FAST denied by client
D/AudioPolicyManagerALSA(  224): startOutput() output 2, stream type 1, session 398
D/AudioHardwareALSA(  224): setStreamParameters: key value pair routing=2;stream_flags=2
D/RouteManager(  224): setOutputFlags: output flags = 0x2 (Prev Flags=0x2)
D/RouteManager(  224): setDevices: 0x2
D/RouteManager(  224): setDevices: 0x2
D/RouteManager(  224): setDevices: set device = IHF to output stream
D/RouteManager(  224): setStreamParameters: identical Platform State, do not reconsider routing
D/InputMethodManagerService(  591): --- calledFromForegroundUserOrSystemProcess ? calling uid = 10085 system uid = 1000 calling userId = 0, foreground user id = 0, calling pid = 12106com.android.server.InputMethodManagerService.hideSoftInput(InputMethodManagerService.java:1815)
V/InputMethodManagerService(  591): Client requesting input be hidden
I/WAKELOCK_ACQUIRE(  591): TIMESTAMP=11005729051371, TAG=Ze, TYPE=PARTIAL_WAKE_LOCK             , COUNT=0, PID=12134, UID=10085, FLAGS=
D/AudioResamplerIA(  224): Create AudioResamplerIA Resampler: Input rate 44100, output rate 48000
D/        (12106): Pixel Format : GGL_PIXEL_FORMAT_RGBA_8888
I/WAKELOCK_ACQUIRE(  591): TIMESTAMP=11005780618725, TAG=Ze, TYPE=PARTIAL_WAKE_LOCK             , COUNT=0, PID=12134, UID=10085, FLAGS=
I/WAKELOCK_RELEASE(  591): TIMESTAMP=11006730765210, TAG=Ze, TYPE=PARTIAL_WAKE_LOCK             , COUNT=0, PID=12134, UID=10085, FLAGS=
D/        (12106): Surface destroy: ANDROID_NATIVE_WINDOW_MAGIC
I/ActivityManager(  591): START u0 {flg=0x4000000 cmp=com.tencent.mm/.ui.account.LoginUI (has extras)} from pid 12106
I/WAKELOCK_ACQUIRE(  591): TIMESTAMP=11006771619324, TAG=ActivityManager-Launch, TYPE=PARTIAL_WAKE_LOCK             , COUNT=0, PID=591, UID=1000, FLAGS=
W/ActivityManager(  591): Duplicate finish request for ActivityRecord{26c43ec0 u0 com.tencent.mm/.plugin.safedevice.ui.SecurityAccountVerifyUI t26 f}
D/InputMethodManagerService(  591): --- calledFromForegroundUserOrSystemProcess ? calling uid = 10085 system uid = 1000 calling userId = 0, foreground user id = 0, calling pid = 12106com.android.server.InputMethodManagerService.windowGainedFocus(InputMethodManagerService.java:1882)
V/InputMethodManagerService(  591): windowGainedFocus: android.os.BinderProxy@26a39018 controlFlags=#3 softInputMode=#24 windowFlags=#1810100
W/InputMethodManagerService(  591): Window already focused, ignoring focus gain of: com.android.internal.view.IInputMethodClient$Stub$Proxy@271fdae0 attribute=null, token = android.os.BinderProxy@26cbd2a8
I/WifiHW  (  591): CMD: IFNAME=wlan0 SIGNAL_POLL
D/wpa_supplicant(  649): RX ctrl_iface - hexdump(len=11): 53 49 47 4e 41 4c 5f 50 4f 4c 4c
D/wpa_supplicant(  649): wlan0: Control interface command 'SIGNAL_POLL'
D/wpa_supplicant(  649): nl80211: survey data missing!
I/wpa_supplicant(  649): nl80211: send_and_recv->nl_recvmsgs failed: 20
I/WifiHW  (  591): REPLY: RSSI=-29
I/WifiHW  (  591): REPLY: LINKSPEED=135
I/WifiHW  (  591): REPLY: NOISE=9999
I/WifiHW  (  591): REPLY: FREQUENCY=2457
I/WAKELOCK_ACQUIRE(  591): TIMESTAMP=11006801738300, TAG=Ze, TYPE=PARTIAL_WAKE_LOCK             , COUNT=0, PID=12134, UID=10085, FLAGS=
I/WAKELOCK_ACQUIRE(  591): TIMESTAMP=11006850465310, TAG=Ze, TYPE=PARTIAL_WAKE_LOCK             , COUNT=0, PID=12134, UID=10085, FLAGS=
I/WAKELOCK_ACQUIRE(  591): TIMESTAMP=11006869057733, TAG=Ze, TYPE=PARTIAL_WAKE_LOCK             , COUNT=0, PID=12134, UID=10085, FLAGS=
D/InputMethodManagerService(  591): --- calledFromForegroundUserOrSystemProcess ? calling uid = 10085 system uid = 1000 calling userId = 0, foreground user id = 0, calling pid = 12106com.android.server.TextServicesManagerService.getCurrentSpellCheckerSubtype(TextServicesManagerService.java:344)
I/WAKELOCK_ACQUIRE(  591): TIMESTAMP=11006898990312, TAG=Ze, TYPE=PARTIAL_WAKE_LOCK             , COUNT=0, PID=12134, UID=10085, FLAGS=
D/InputMethodManagerService(  591): --- calledFromForegroundUserOrSystemProcess ? calling uid = 10085 system uid = 1000 calling userId = 0, foreground user id = 0, calling pid = 12106com.android.server.TextServicesManagerService.getCurrentSpellCheckerSubtype(TextServicesManagerService.java:344)
D/        (12106): Pixel Format : GGL_PIXEL_FORMAT_RGBA_8888
D/InputMethodManagerService(  591): --- calledFromForegroundUserOrSystemProcess ? calling uid = 10085 system uid = 1000 calling userId = 0, foreground user id = 0, calling pid = 12106com.android.server.InputMethodManagerService.windowGainedFocus(InputMethodManagerService.java:1882)
V/InputMethodManagerService(  591): windowGainedFocus: android.os.BinderProxy@26a39018 controlFlags=#107 softInputMode=#24 windowFlags=#1810100
I/ActivityManager(  591): Displayed com.tencent.mm/.ui.account.LoginUI: +152ms
I/WAKELOCK_RELEASE(  591): TIMESTAMP=11006949528820, TAG=ActivityManager-Launch, TYPE=PARTIAL_WAKE_LOCK             , COUNT=0, PID=591, UID=1000, FLAGS=
D/        (12106): Surface destroy: ANDROID_NATIVE_WINDOW_MAGIC
I/WAKELOCK_ACQUIRE(  591): TIMESTAMP=11007116281641, TAG=Ze, TYPE=PARTIAL_WAKE_LOCK             , COUNT=0, PID=12134, UID=10085, FLAGS=
I/WAKELOCK_ACQUIRE(  591): TIMESTAMP=11007134773108, TAG=Ze, TYPE=PARTIAL_WAKE_LOCK             , COUNT=0, PID=12134, UID=10085, FLAGS=
I/WAKELOCK_ACQUIRE(  591): TIMESTAMP=11007157248579, TAG=Ze, TYPE=PARTIAL_WAKE_LOCK             , COUNT=0, PID=12134, UID=10085, FLAGS=
D/InputMethodManagerService(  591): --- calledFromForegroundUserOrSystemProcess ? calling uid = 10085 system uid = 1000 calling userId = 0, foreground user id = 0, calling pid = 12106com.android.server.InputMethodManagerService.hideSoftInput(InputMethodManagerService.java:1815)
V/InputMethodManagerService(  591): Client requesting input be hidden
D/        (12712): Searching package installed with ABI2 with Uid: 10085 
D/        (12712): Apps with ABI2 9 accessing /proc/cpuinfo 
D/        (12106): Searching package installed with ABI2 with Uid: 10085 
D/        (12106): Apps with ABI2 75 accessing /proc/cpuinfo 
I/WAKELOCK_ACQUIRE(  591): TIMESTAMP=11007429841989, TAG=Ze, TYPE=PARTIAL_WAKE_LOCK             , COUNT=0, PID=12134, UID=10085, FLAGS=
D/        (12106): Pixel Format : GGL_PIXEL_FORMAT_RGBA_8888
I/WAKELOCK_ACQUIRE(  591): TIMESTAMP=11007528112322, TAG=Ze, TYPE=PARTIAL_WAKE_LOCK             , COUNT=0, PID=12134, UID=10085, FLAGS=
I/WAKELOCK_RELEASE(  591): TIMESTAMP=11007782166685, TAG=Ze, TYPE=PARTIAL_WAKE_LOCK             , COUNT=0, PID=12134, UID=10085, FLAGS=
I/WAKELOCK_ACQUIRE(  591): TIMESTAMP=11007851808276, TAG=Ze, TYPE=PARTIAL_WAKE_LOCK             , COUNT=0, PID=12134, UID=10085, FLAGS=
I/WAKELOCK_ACQUIRE(  591): TIMESTAMP=11007977370706, TAG=RILJ, TYPE=PARTIAL_WAKE_LOCK             , COUNT=0, PID=835, UID=1001, FLAGS=
I/WAKELOCK_ACQUIRE(  591): TIMESTAMP=11008039464326, TAG=Ze, TYPE=PARTIAL_WAKE_LOCK             , COUNT=0, PID=12134, UID=10085, FLAGS=
I/WAKELOCK_ACQUIRE(  591): TIMESTAMP=11008177085377, TAG=Ze, TYPE=PARTIAL_WAKE_LOCK             , COUNT=0, PID=12134, UID=10085, FLAGS=
D/dalvikvm(12106): GC_CONCURRENT freed 3473K, 29% free 8691K/12180K, paused 1ms+5ms, total 22ms
D/dalvikvm(12106): Trying to load lib /data/app-lib/com.tencent.mm-1/libtenpay_utils.so 0x4cf61b40
D/dalvikvm(12106): Added shared lib /data/app-lib/com.tencent.mm-1/libtenpay_utils.so 0x4cf61b40
D/dalvikvm(12106): Trying to load lib /data/app-lib/com.tencent.mm-1/libtenpay_cert.so 0x4cf61b40
D/dalvikvm(12106): Added shared lib /data/app-lib/com.tencent.mm-1/libtenpay_cert.so 0x4cf61b40
D/dalvikvm(12106): Trying to load lib /data/app-lib/com.tencent.mm-1/libOfflineUtilJni.so 0x4cf61b40
D/dalvikvm(12106): Added shared lib /data/app-lib/com.tencent.mm-1/libOfflineUtilJni.so 0x4cf61b40
D/dalvikvm(12106): No JNI_OnLoad found in /data/app-lib/com.tencent.mm-1/libOfflineUtilJni.so 0x4cf61b40, skipping init
D/dalvikvm(12106): Trying to load lib /data/app-lib/com.tencent.mm-1/libwechatQrMod.so 0x4cccbc20
D/dalvikvm(12106): Added shared lib /data/app-lib/com.tencent.mm-1/libwechatQrMod.so 0x4cccbc20
D/dalvikvm(12106): No JNI_OnLoad found in /data/app-lib/com.tencent.mm-1/libwechatQrMod.so 0x4cccbc20, skipping init
D/dalvikvm(12106): Trying to load lib /data/app-lib/com.tencent.mm-1/libwechatImgProcessScan.so 0x4cccbc20
D/dalvikvm(12106): Added shared lib /data/app-lib/com.tencent.mm-1/libwechatImgProcessScan.so 0x4cccbc20
D/dalvikvm(12106): No JNI_OnLoad found in /data/app-lib/com.tencent.mm-1/libwechatImgProcessScan.so 0x4cccbc20, skipping init
D/dalvikvm(12106): Trying to load lib /data/app-lib/com.tencent.mm-1/libwechatvoicesilk_v7a.so 0x4cccbc20
D/dalvikvm(12106): Added shared lib /data/app-lib/com.tencent.mm-1/libwechatvoicesilk_v7a.so 0x4cccbc20
D/dalvikvm(12106): No JNI_OnLoad found in /data/app-lib/com.tencent.mm-1/libwechatvoicesilk_v7a.so 0x4cccbc20, skipping init
D/StatusBar.NetworkController(  652): onSignalStrengthsChanged signalStrength=SignalStrength: 99 99 -120 -160 -120 0 -1 99 2147483647 2147483647 2147483647 2147483647 gsm|lte level=0
I/WAKELOCK_RELEASE(  591): TIMESTAMP=11008411497879, TAG=RILJ, TYPE=PARTIAL_WAKE_LOCK             , COUNT=0, PID=835, UID=1001, FLAGS=
I/WAKELOCK_RELEASE(  591): TIMESTAMP=11008430655875, TAG=Ze, TYPE=PARTIAL_WAKE_LOCK             , COUNT=0, PID=12134, UID=10085, FLAGS=
I/WAKELOCK_RELEASE(  591): TIMESTAMP=11009179641556, TAG=Ze, TYPE=PARTIAL_WAKE_LOCK             , COUNT=0, PID=12134, UID=10085, FLAGS=
D/PROPERTY(  224): get media.dump_output.befconv: 0
D/PROPERTY(  224): get media.dump_output.aftconv: 0
D/RouteManager(  224): stopStream: {+++ RECONSIDER ROUTING +++} due to output stream stop event
D/RouteManager(  224): reconsiderRouting
D/EVENT_THREAD(  224): void CEventThread::trig(uint16_t): in
D/EVENT_THREAD(  224): void CEventThread::trig(uint16_t): out
D/RouteManager(  224): doReconsiderRouting:       Platform State:
D/RouteManager(  224): doReconsiderRouting:          -Modem Alive = 1 
D/RouteManager(  224): doReconsiderRouting:          -Modem Call Active = 0 
D/RouteManager(  224): doReconsiderRouting:          -Is Shared I2S glitch free=1 
D/RouteManager(  224): doReconsiderRouting:          -Android Telephony Mode = Normal 
D/RouteManager(  224): doReconsiderRouting:          -RTE MGR HW Mode = Normal 
D/RouteManager(  224): doReconsiderRouting:          -BT Enabled = 0 
D/RouteManager(  224): doReconsiderRouting:          -BT NREC = 0 
D/RouteManager(  224): doReconsiderRouting:          -BT Band = NB 
D/RouteManager(  224): doReconsiderRouting:          -Platform output device = IHF 
D/RouteManager(  224): doReconsiderRouting:          -Platform input device = <none> 
D/RouteManager(  224): doReconsiderRouting:          -Platform input source = None 
D/RouteManager(  224): doReconsiderRouting:          -Platform Band type = NB 
D/RouteManager(  224): doReconsiderRouting:          -Platform Has Direct Stream = no 
D/RouteManager(  224): doReconsiderRouting:          -Platform TTY direction = <none> 
D/RouteManager(  224): doReconsiderRouting:          -Platform HAC Mode = Off 
D/RouteManager(  224): doReconsiderRouting:          -Platform Screen State = On 
D/RouteManager(  224): doReconsiderRouting:          -Platform Context Awareness = false 
D/RouteManager(  224): doReconsiderRouting:          -Platform Always Listening = false 
D/RouteManager(  224): doReconsiderRouting:          -Platform FM State = Off 
D/RouteManager(  224): doReconsiderRouting:          -Platform Bypass Non Linear PP State = Off 
D/RouteManager(  224): doReconsiderRouting:          -Platform Bypass Linear PP State = Off 
D/RouteManager(  224): doReconsiderRouting:          -Platform MicMute = Off 
D/RouteManager(  224): doReconsiderRouting:      Route state:
D/RouteManager(  224): doReconsiderRouting:          -Previously Enabled Route in Input = <none>
D/RouteManager(  224): doReconsiderRouting:          -Previously Enabled Route in Output = Media|HwCodecMedia
D/RouteManager(  224): doReconsiderRouting:          -Selected Route in Input = <none>
D/RouteManager(  224): doReconsiderRouting:          -Selected Route in Output = <none>
D/RouteManager(  224): doReconsiderRouting:          -Route that need reconfiguration in Input = <none>
D/RouteManager(  224): doReconsiderRouting:          -Route that need reconfiguration in Output = <none>
D/RouteManager(  224): executeMuteStage: --------------- Routing Stage = Mute ---------------
D/RouteManager(  224): parameter-framework: Selection criterion changed event: Criterion name: RoutageState, current state: Flow
D/RouteManager(  224): muteRoutes: Expected Routes to be muted in Output = Media|HwCodecMedia
D/RouteManager(  224): parameter-framework: Selection criterion changed event: Criterion name: ClosingPlaybackRoutes, current state: Media|HwCodecMedia
D/RouteManager(  224): parameter-framework: Selection criterion changed event: Criterion name: OpenedPlaybackRoutes, current state: <none>
D/RouteManager(  224): parameter-framework: Configuration application request {
D/RouteManager(  224): parameter-framework:     Applying configurations {
D/RouteManager(  224): parameter-framework:         Applying configuration "Mute" from domain "Routing.Mute.HWCodec.Playback.IHF"
D/RouteManager(  224): parameter-framework:     } Applying configurations
D/RouteManager(  224): parameter-framework: } Configuration application request
D/RouteManager(  224): executeDisableStage: --------------- Routing Stage = Disable ---------------
D/RouteManager(  224): parameter-framework: Selection criterion changed event: Criterion name: RoutageState, current state: Path
D/RouteManager(  224): prepareDisableRoutes: Routes to be disabled(unrouted) in Output = Media|HwCodecMedia
D/ALSAStreamOps(  224): detachRouteL output stream
D/RouteManager/StreamRoute(  224): closePcmDevice called for card (baytrailaudio,0)
D/RouteManager(  224): parameter-framework: Configuration application request {
D/RouteManager(  224): parameter-framework:     Applying configurations {
D/RouteManager(  224): parameter-framework:         Applying configuration "Disable" from domain "Routing.Enable.HWCodec.Playback.IHF"
D/RouteManager(  224): parameter-framework:         Applying configuration "Disable" from domain "Routing.Enable.HWCodec.Playback.Multimedia.IHF"
D/RouteManager(  224): parameter-framework:         Applying configuration "Disable" from domain "Routing.Enable.HWCodec.Playback.Multimedia.Playback"
D/RouteManager(  224): parameter-framework:     } Applying configurations
D/RouteManager(  224): parameter-framework: } Configuration application request
D/RouteManager(  224): executeConfigureStage: --------------- Routing Stage = Configure ---------------
D/RouteManager(  224): parameter-framework: Selection criterion changed event: Criterion name: RoutageState, current state: Configure
D/RouteManager(  224): parameter-framework: Selection criterion changed event: Criterion name: ClosingPlaybackRoutes, current state: <none>
D/RouteManager(  224): parameter-framework: Configuration application request {
D/RouteManager(  224): parameter-framework:     Applying configurations {
D/RouteManager(  224): parameter-framework:         Applying configuration "Deactivated" from domain "Routing.Configure.LPE_Mixer.IHF"
D/RouteManager(  224): parameter-framework:     } Applying configurations
D/RouteManager(  224): parameter-framework: } Configuration application request
D/RouteManager(  224): executeEnableStage: --------------- Routing Stage = Enable ---------------
D/RouteManager(  224): parameter-framework: Selection criterion changed event: Criterion name: RoutageState, current state: Path|Configure
D/RouteManager(  224): parameter-framework: Configuration application request {
D/RouteManager(  224): parameter-framework:     Applying configurations {
D/RouteManager(  224): parameter-framework:     } Applying configurations
D/RouteManager(  224): parameter-framework: } Configuration application request
D/RouteManager(  224): executeUnmuteStage: --------------- Routing Stage = Unmute ---------------
D/RouteManager(  224): parameter-framework: Selection criterion changed event: Criterion name: RoutageState, current state: Flow|Path|Configure
D/RouteManager(  224): parameter-framework: Configuration application request {
D/RouteManager(  224): parameter-framework:     Applying configurations {
D/RouteManager(  224): parameter-framework:     } Applying configurations
D/RouteManager(  224): parameter-framework: } Configuration application request
D/EVENT_THREAD(  224): void CEventThread::run() Do poll with timeout: -1
D/RouteManager(  224): reconsiderRouting: DONE
I/WAKELOCK_RELEASE(  591): TIMESTAMP=11009747839815, TAG=AudioMix, TYPE=PARTIAL_WAKE_LOCK             , COUNT=0, PID=224, UID=1013, FLAGS=
I/WifiHW  (  591): CMD: IFNAME=wlan0 SIGNAL_POLL
D/wpa_supplicant(  649): RX ctrl_iface - hexdump(len=11): 53 49 47 4e 41 4c 5f 50 4f 4c 4c
D/wpa_supplicant(  649): wlan0: Control interface command 'SIGNAL_POLL'
D/wpa_supplicant(  649): nl80211: survey data missing!
I/wpa_supplicant(  649): nl80211: send_and_recv->nl_recvmsgs failed: 20
I/WifiHW  (  591): REPLY: RSSI=-30
I/WifiHW  (  591): REPLY: LINKSPEED=135
I/WifiHW  (  591): REPLY: NOISE=9999
I/WifiHW  (  591): REPLY: FREQUENCY=2457
I/WAKELOCK_RELEASE(  591): TIMESTAMP=11009852968408, TAG=Ze, TYPE=PARTIAL_WAKE_LOCK             , COUNT=0, PID=12134, UID=10085, FLAGS=
D/dalvikvm(12106): GC_CONCURRENT freed 3214K, 26% free 9484K/12812K, paused 1ms+3ms, total 20ms
D/dalvikvm(12106): Trying to load lib /data/app-lib/com.tencent.mm-1/libvoipMain.so 0x4cf61b40
D/dalvikvm(12106): Added shared lib /data/app-lib/com.tencent.mm-1/libvoipMain.so 0x4cf61b40
D/dalvikvm(12106): No JNI_OnLoad found in /data/app-lib/com.tencent.mm-1/libvoipMain.so 0x4cf61b40, skipping init
W/asset   (12106): Asset path /data/data/com.tencent.mm/MicroMsg/c2669e107c90db3af6cf6b4fa4f93a81/brand_i18n.apk is neither a directory nor file (type=1).
I/WAKELOCK_ACQUIRE(  591): TIMESTAMP=11011528546867, TAG=Ze, TYPE=PARTIAL_WAKE_LOCK             , COUNT=0, PID=12134, UID=10085, FLAGS=
I/WAKELOCK_ACQUIRE(  591): TIMESTAMP=11011538507117, TAG=Ze, TYPE=PARTIAL_WAKE_LOCK             , COUNT=0, PID=12134, UID=10085, FLAGS=
I/WAKELOCK_ACQUIRE(  591): TIMESTAMP=11011564547336, TAG=Ze, TYPE=PARTIAL_WAKE_LOCK             , COUNT=0, PID=12134, UID=10085, FLAGS=
D/        (12106): Surface destroy: ANDROID_NATIVE_WINDOW_MAGIC
I/WAKELOCK_ACQUIRE(  591): TIMESTAMP=11011587992037, TAG=Ze, TYPE=PARTIAL_WAKE_LOCK             , COUNT=0, PID=12134, UID=10085, FLAGS=
I/AccountManagerService(  591): the accounts changed, sending broadcast of android.accounts.LOGIN_ACCOUNTS_CHANGED
I/SecurityManagerService(  668): SMS received security event: App[START/com.google.android.music]
D/dalvikvm(12739): Try to disable coredump for pid 12739
D/dalvikvm(12739): Process 12739 nice name: com.google.android.music:main
D/dalvikvm(12739): Extra Options: not specified
I/ActivityManager(  591): Start proc com.google.android.music:main for broadcast com.google.android.music/.AccountsBroadcastReceiver: pid=12739 uid=10057 gids={50057, 3003, 1028, 1015}
I/ContactsProvider(12531): Accounts changed
I/WAKELOCK_ACQUIRE(  591): TIMESTAMP=11011718474795, TAG=SyncLoopWakeLock, TYPE=PARTIAL_WAKE_LOCK             , COUNT=0, PID=591, UID=1000, FLAGS=
I/WAKELOCK_ACQUIRE(  591): TIMESTAMP=11011772265739, TAG=Ze, TYPE=PARTIAL_WAKE_LOCK             , COUNT=0, PID=12134, UID=10085, FLAGS=
D/        (12106): Pixel Format : GGL_PIXEL_FORMAT_RGBA_8888
D/InputMethodManagerService(  591): --- calledFromForegroundUserOrSystemProcess ? calling uid = 10085 system uid = 1000 calling userId = 0, foreground user id = 0, calling pid = 12106com.android.server.InputMethodManagerService.windowGainedFocus(InputMethodManagerService.java:1882)
V/InputMethodManagerService(  591): windowGainedFocus: android.os.BinderProxy@26a39018 controlFlags=#3 softInputMode=#24 windowFlags=#1810100
W/InputMethodManagerService(  591): Window already focused, ignoring focus gain of: com.android.internal.view.IInputMethodClient$Stub$Proxy@26a72d78 attribute=null, token = android.os.BinderProxy@26b145f0
D/InputMethodManagerService(  591): --- calledFromForegroundUserOrSystemProcess ? calling uid = 10085 system uid = 1000 calling userId = 0, foreground user id = 0, calling pid = 12106com.android.server.InputMethodManagerService.windowGainedFocus(InputMethodManagerService.java:1882)
V/InputMethodManagerService(  591): windowGainedFocus: android.os.BinderProxy@26a39018 controlFlags=#104 softInputMode=#120 windowFlags=#1800002
V/InputMethodManagerService(  591): Unspecified window will hide input
I/WAKELOCK_ACQUIRE(  591): TIMESTAMP=11011819376588, TAG=Ze, TYPE=PARTIAL_WAKE_LOCK             , COUNT=0, PID=12134, UID=10085, FLAGS=
I/WAKELOCK_ACQUIRE(  591): TIMESTAMP=11011830271999, TAG=*sync*/com.android.contacts/com.tencent.mm.account/___, TYPE=PARTIAL_WAKE_LOCK             , COUNT=0, PID=591, UID=1000, FLAGS=
I/WAKELOCK_ACQUIRE(  591): TIMESTAMP=11011842423271, TAG=*sync*/com.android.contacts/com.skype.contacts.sync/intelumg, TYPE=PARTIAL_WAKE_LOCK             , COUNT=0, PID=591, UID=1000, FLAGS=
W/ManagedEGLContext(12358): doTerminate failed: EGL count is 2 but managed count is 1
D/dalvikvm(12134): GC_EXPLICIT freed 1682K, 26% free 5248K/7036K, paused 1ms+2ms, total 24ms
I/ContactsProvider(12531): Accounts changed
I/WAKELOCK_RELEASE(  591): TIMESTAMP=11011869845676, TAG=SyncLoopWakeLock, TYPE=PARTIAL_WAKE_LOCK             , COUNT=0, PID=591, UID=1000, FLAGS=
I/WAKELOCK_ACQUIRE(  591): TIMESTAMP=11011870441140, TAG=SyncLoopWakeLock, TYPE=PARTIAL_WAKE_LOCK             , COUNT=0, PID=591, UID=1000, FLAGS=
I/WAKELOCK_RELEASE(  591): TIMESTAMP=11011871931986, TAG=SyncLoopWakeLock, TYPE=PARTIAL_WAKE_LOCK             , COUNT=0, PID=591, UID=1000, FLAGS=
I/WAKELOCK_ACQUIRE(  591): TIMESTAMP=11011872405638, TAG=SyncLoopWakeLock, TYPE=PARTIAL_WAKE_LOCK             , COUNT=0, PID=591, UID=1000, FLAGS=
I/WAKELOCK_RELEASE(  591): TIMESTAMP=11011876967011, TAG=SyncLoopWakeLock, TYPE=PARTIAL_WAKE_LOCK             , COUNT=0, PID=591, UID=1000, FLAGS=
I/WAKELOCK_ACQUIRE(  591): TIMESTAMP=11011878344636, TAG=SyncLoopWakeLock, TYPE=PARTIAL_WAKE_LOCK             , COUNT=0, PID=591, UID=1000, FLAGS=
I/WAKELOCK_RELEASE(  591): TIMESTAMP=11011882261669, TAG=SyncLoopWakeLock, TYPE=PARTIAL_WAKE_LOCK             , COUNT=0, PID=591, UID=1000, FLAGS=
I/WAKELOCK_ACQUIRE(  591): TIMESTAMP=11011882682521, TAG=SyncLoopWakeLock, TYPE=PARTIAL_WAKE_LOCK             , COUNT=0, PID=591, UID=1000, FLAGS=
I/WAKELOCK_RELEASE(  591): TIMESTAMP=11011884479931, TAG=SyncLoopWakeLock, TYPE=PARTIAL_WAKE_LOCK             , COUNT=0, PID=591, UID=1000, FLAGS=
I/WAKELOCK_ACQUIRE(  591): TIMESTAMP=11011886712917, TAG=SyncLoopWakeLock, TYPE=PARTIAL_WAKE_LOCK             , COUNT=0, PID=591, UID=1000, FLAGS=
I/WAKELOCK_RELEASE(  591): TIMESTAMP=11011894227289, TAG=*sync*/com.android.contacts/com.tencent.mm.account/___, TYPE=PARTIAL_WAKE_LOCK             , COUNT=0, PID=591, UID=1000, FLAGS=
I/MusicStore(12739): Database version: 85
W/ContextImpl(12739): Implicit intents with startService are not safe: Intent { act=com.google.android.music.PREFERENCE_SERVICE } android.content.ContextWrapper.bindService:517 com.google.android.music.utils.SafeServiceConnection$ServiceConnectionImp.bindService:98 com.google.android.music.utils.SafeServiceConnection.bindService:259 
I/dalvikvm(12134): Total arena pages for JIT: 11
I/WAKELOCK_ACQUIRE(  591): TIMESTAMP=11012006402469, TAG=*sync*/com.android.contacts/com.tencent.mm.account/___, TYPE=PARTIAL_WAKE_LOCK             , COUNT=0, PID=591, UID=1000, FLAGS=
I/WAKELOCK_RELEASE(  591): TIMESTAMP=11012009427012, TAG=SyncLoopWakeLock, TYPE=PARTIAL_WAKE_LOCK             , COUNT=0, PID=591, UID=1000, FLAGS=
I/WAKELOCK_ACQUIRE(  591): TIMESTAMP=11012010321217, TAG=SyncLoopWakeLock, TYPE=PARTIAL_WAKE_LOCK             , COUNT=0, PID=591, UID=1000, FLAGS=
I/WAKELOCK_RELEASE(  591): TIMESTAMP=11012011103174, TAG=SyncLoopWakeLock, TYPE=PARTIAL_WAKE_LOCK             , COUNT=0, PID=591, UID=1000, FLAGS=
I/WAKELOCK_ACQUIRE(  591): TIMESTAMP=11012025277444, TAG=SyncLoopWakeLock, TYPE=PARTIAL_WAKE_LOCK             , COUNT=0, PID=591, UID=1000, FLAGS=
I/WAKELOCK_RELEASE(  591): TIMESTAMP=11012030034969, TAG=*sync*/com.android.contacts/com.tencent.mm.account/___, TYPE=PARTIAL_WAKE_LOCK             , COUNT=0, PID=591, UID=1000, FLAGS=
I/WAKELOCK_RELEASE(  591): TIMESTAMP=11012030546818, TAG=SyncLoopWakeLock, TYPE=PARTIAL_WAKE_LOCK             , COUNT=0, PID=591, UID=1000, FLAGS=
W/ContextImpl(12739): Implicit intents with startService are not safe: Intent { act=com.google.android.music.NETWORK_MONITOR_SERVICE } android.content.ContextWrapper.bindService:517 com.google.android.music.utils.SafeServiceConnection$ServiceConnectionImp.bindService:98 com.google.android.music.utils.SafeServiceConnection.bindService:259 
D/MusicPreferences(12739): Set pref key LogFilesEnabled=false
D/dalvikvm(  591): GC_EXPLICIT freed 2288K, 40% free 17893K/29732K, paused 2ms+5ms, total 76ms
I/WAKELOCK_ACQUIRE(  591): TIMESTAMP=11012158628746, TAG=Ze, TYPE=PARTIAL_WAKE_LOCK             , COUNT=0, PID=12134, UID=10085, FLAGS=
I/WAKELOCK_RELEASE(  591): TIMESTAMP=11012772299648, TAG=Ze, TYPE=PARTIAL_WAKE_LOCK             , COUNT=0, PID=12134, UID=10085, FLAGS=
I/WifiHW  (  591): CMD: IFNAME=wlan0 SIGNAL_POLL
D/wpa_supplicant(  649): RX ctrl_iface - hexdump(len=11): 53 49 47 4e 41 4c 5f 50 4f 4c 4c
D/wpa_supplicant(  649): wlan0: Control interface command 'SIGNAL_POLL'
D/wpa_supplicant(  649): nl80211: survey data missing!
I/wpa_supplicant(  649): nl80211: send_and_recv->nl_recvmsgs failed: 20
I/WifiHW  (  591): REPLY: RSSI=-29
I/WifiHW  (  591): REPLY: LINKSPEED=135
I/WifiHW  (  591): REPLY: NOISE=9999
I/WifiHW  (  591): REPLY: FREQUENCY=2457
I/WAKELOCK_RELEASE(  591): TIMESTAMP=11013160351681, TAG=Ze, TYPE=PARTIAL_WAKE_LOCK             , COUNT=0, PID=12134, UID=10085, FLAGS=
I/MediaRouter(12739): Found default route: MediaRouter.RouteInfo{ uniqueId=android/.support.v7.media.SystemMediaRouteProvider:DEFAULT_ROUTE, name=Tablet, description=null, enabled=true, connecting=false, playbackType=0, playbackStream=3, volumeHandling=1, volume=10, volumeMax=15, presentationDisplayId=-1, extras=null, providerPackageName=android }
I/SecurityManagerService(  668): SMS received security event: App[START/com.google.android.music]
D/dalvikvm(12774): Try to disable coredump for pid 12774
D/dalvikvm(12774): Process 12774 nice name: com.google.android.music:ui
D/dalvikvm(12774): Extra Options: not specified
I/SecurityManagerService(  668): SMS received security event: App[START/com.android.browser]
I/ActivityManager(  591): Start proc com.google.android.music:ui for service com.google.android.music/.tutorial.SignupStatus$SignupCheckService: pid=12774 uid=10057 gids={50057, 3003, 1028, 1015}
D/dalvikvm(12788): Try to disable coredump for pid 12788
D/dalvikvm(12788): Process 12788 nice name: com.android.browser
D/dalvikvm(12788): Extra Options: not specified
I/ActivityManager(  591): Start proc com.android.browser for broadcast com.android.browser/.AccountsChangedReceiver: pid=12788 uid=10001 gids={50001, 3003, 1028, 1015}
I/SecurityManagerService(  668): SMS received security event: App[START/com.android.exchange]
D/dalvikvm(12801): Try to disable coredump for pid 12801
D/dalvikvm(12801): Process 12801 nice name: com.android.exchange
D/dalvikvm(12801): Extra Options: not specified
I/ActivityManager(  591): Start proc com.android.exchange for content provider com.android.exchange/.provider.ExchangeDirectoryProvider: pid=12801 uid=10039 gids={50039, 3003, 1028, 1015}
D/MusicPreferences(12739): Set pref key isInvalidAccount=false
I/CastUtils(12739): Removing provider: MediaRouter.RouteProviderInfo{ packageName=com.google.android.gms }
D/SyncService(12549): mObserverContact : onChange (false)
D/MusicPreferences(12739): Set pref key upgradeSyncDone=false
D/GalleryUtils(12549): [GalleryUtils :: hasSpaceForSize] available size : 2325MB, input size : 128MB.
W/ContextImpl(12774): Implicit intents with startService are not safe: Intent { act=com.google.android.music.PREFERENCE_SERVICE } android.content.ContextWrapper.bindService:517 com.google.android.music.utils.SafeServiceConnection$ServiceConnectionImp.bindService:98 com.google.android.music.utils.SafeServiceConnection.bindService:259 
D/SyncManager(12549): thread is awaken. suspended = false, queue empty = false
D/SyncManager(12549): current job start. id = 100
D/MusicPreferences(12774): Set pref key LogFilesEnabled=false
W/ContextImpl(12774): Implicit intents with startService are not safe: Intent { act=com.google.android.music.NETWORK_MONITOR_SERVICE } android.content.ContextWrapper.bindService:517 com.google.android.music.utils.SafeServiceConnection$ServiceConnectionImp.bindService:98 com.google.android.music.utils.SafeServiceConnection.bindService:259 
I/SecurityManagerService(  668): SMS received security event: App[START/com.android.email]
D/dalvikvm(12823): Try to disable coredump for pid 12823
D/dalvikvm(12823): Process 12823 nice name: com.android.email
D/dalvikvm(12823): Extra Options: not specified
I/ActivityManager(  591): Start proc com.android.email for content provider com.android.email/.provider.EmailProvider: pid=12823 uid=10038 gids={50038, 3003, 1028, 1015}
D/JNI.CPP (12549): [JNI_OnLoad:263] ====================
I/JNI.CPP (12549): [JNI_OnLoad:265] engine build info [ name ] : ia_face_jni
I/JNI.CPP (12549): [JNI_OnLoad:268] engine build info [ date ] : Fri Jan 24 17:57:41 KST 2014
I/JNI.CPP (12549): [JNI_OnLoad:271] engine build info [ version ] : __bulid_revision_440__
D/JNI.CPP (12549): [JNI_OnLoad:273] ====================
D/JNI.CPP (12549): [jniRegisterNativeMethods:47] register native methods. class: com/intel/engine/cv/Image, num: 2
D/dalvikvm(  216): GC_EXPLICIT freed 45K, 2% free 4491K/4576K, paused 0ms+2ms, total 17ms
D/JNI.CPP (12549): [jniRegisterNativeMethods:66] 	(  1:  0) JNI_destroyBitmap / (I)V
D/JNI.CPP (12549): [jniRegisterNativeMethods:66] 	(  0:  0) JNI_setBitmap / (Landroid/graphics/Bitmap;)V
D/JNI.CPP (12549): [jniRegisterNativeMethods:76] 	RegisterNatives Error. (0/2)
D/JNI.CPP (12549): [jniRegisterNativeMethods:77]  
D/JNI.CPP (12549): [jniRegisterNativeMethods:47] register native methods. class: com/intel/engine/cv/FaceDetector, num: 2
D/JNI.CPP (12549): [jniRegisterNativeMethods:66] 	(  1:  0) JNI_setMaxFacesNumber / (I)I
D/JNI.CPP (12549): [jniRegisterNativeMethods:66] 	(  0:  0) JNI_findFaces / (Lcom/intel/engine/cv/Image;)[Lcom/intel/engine/cv/Face;
D/JNI.CPP (12549): [jniRegisterNativeMethods:76] 	RegisterNatives Error. (0/2)
D/JNI.CPP (12549): [jniRegisterNativeMethods:77]  
D/JNI.CPP (12549): [jniRegisterNativeMethods:47] register native methods. class: com/intel/engine/cv/SmileDetector, num: 1
I/WAKELOCK_ACQUIRE(  591): TIMESTAMP=11013561755876, TAG=Icing, TYPE=PARTIAL_WAKE_LOCK             , COUNT=0, PID=3122, UID=10009, FLAGS=
W/ContextImpl(12774): Implicit intents with startService are not safe: Intent { act=com.google.android.music.STORE_SERVICE } android.content.ContextWrapper.bindService:517 com.google.android.music.utils.SafeServiceConnection$ServiceConnectionImp.bindService:98 com.google.android.music.utils.SafeServiceConnection.bindService:259 
D/dalvikvm(  216): GC_EXPLICIT freed <1K, 2% free 4491K/4576K, paused 1ms+2ms, total 16ms
D/JNI.CPP (12549): [jniRegisterNativeMethods:66] 	(  0:  0) JNI_smileDetect / (Lcom/intel/engine/cv/Image;[Lcom/intel/engine/cv/Face;)V
D/JNI.CPP (12549): [jniRegisterNativeMethods:76] 	RegisterNatives Error. (0/1)
D/JNI.CPP (12549): [jniRegisterNativeMethods:77]  
D/JNI.CPP (12549): [jniRegisterNativeMethods:47] register native methods. class: com/intel/engine/cv/BlinkDetector, num: 1
D/JNI.CPP (12549): [jniRegisterNativeMethods:66] 	(  0:  0) JNI_blinkDetect / (Lcom/intel/engine/cv/Image;[Lcom/intel/engine/cv/Face;)V
D/JNI.CPP (12549): [jniRegisterNativeMethods:76] 	RegisterNatives Error. (0/1)
D/JNI.CPP (12549): [jniRegisterNativeMethods:77]  
D/JNI.CPP (12549): [jniRegisterNativeMethods:47] register native methods. class: com/intel/engine/cv/FaceRecognizer, num: 13
D/JNI.CPP (12549): [jniRegisterNativeMethods:66] 	( 12:  0) JNI_getSimilarFaces / (Lcom/intel/engine/cv/Face;II)[Lcom/intel/engine/cv/Face;
D/JNI.CPP (12549): [jniRegisterNativeMethods:66] 	( 11:  0) JNI_getPersonLookupKey / (I)Ljava/lang/String;
D/JNI.CPP (12549): [jniRegisterNativeMethods:66] 	( 10:  0) JNI_updatePersonData / (ILjava/lang/String;Ljava/lang/String;)I
D/JNI.CPP (12549): [jniRegisterNativeMethods:66] 	(  9:  0) JNI_addPerson / (Ljava/lang/String;Ljava/lang/String;)I
D/JNI.CPP (12549): [jniRegisterNativeMethods:66] 	(  8:  0) JNI_deletePerson / (I)I
D/JNI.CPP (12549): [jniRegisterNativeMethods:66] 	(  7:  0) JNI_getPersonName / (I)Ljava/lang/String;
D/JNI.CPP (12549): [jniRegisterNativeMethods:66] 	(  6:  0) JNI_unregisterAllFaces / (I)I
D/JNI.CPP (12549): [jniRegisterNativeMethods:66] 	(  5:  0) JNI_unregisterFace / (I)I
D/JNI.CPP (12549): [jniRegisterNativeMethods:66] 	(  4:  0) JNI_registerFace / (Lcom/intel/engine/cv/Face;I)I
D/JNI.CPP (12549): [jniRegisterNativeMethods:66] 	(  3:  0) JNI_matchMultiple / ([Lcom/intel/engine/cv/Face;)I
D/JNI.CPP (12549): [jniRegisterNativeMethods:66] 	(  2:  0) JNI_matchSingle / (Lcom/intel/engine/cv/Face;)I
D/JNI.CPP (12549): [jniRegisterNativeMethods:66] 	(  1:  0) JNI_prepareMatching / (Lcom/intel/engine/cv/Image;[Lcom/intel/engine/cv/Face;)I
D/JNI.CPP (12549): [jniRegisterNativeMethods:66] 	(  0:  0) JNI_loadFaceFeatureDatabase / ()I
D/JNI.CPP (12549): [jniRegisterNativeMethods:76] 	RegisterNatives Error. (0/13)
D/JNI.CPP (12549): [jniRegisterNativeMethods:77]  
D/JNI.CPP (12549): [jniRegisterNativeMethods:47] register native methods. class: com/intel/engine/cv/FaceDatabase, num: 4
D/JNI.CPP (12549): [jniRegisterNativeMethods:66] 	(  3:  0) JNI_deleteDatabase / ()V
D/JNI.CPP (12549): [jniRegisterNativeMethods:66] 	(  2:  0) JNI_deleteFaces / ([I)V
D/JNI.CPP (12549): [jniRegisterNativeMethods:66] 	(  1:  0) JNI_loadFace / (I)Lcom/intel/engine/cv/Face;
D/JNI.CPP (12549): [jniRegisterNativeMethods:66] 	(  0:  0) JNI_storeFace / (Lcom/intel/engine/cv/Face;Ljava/lang/String;)I
D/JNI.CPP (12549): [jniRegisterNativeMethods:76] 	RegisterNatives Error. (0/4)
D/JNI.CPP (12549): [jniRegisterNativeMethods:77]  
D/STATECOMMONDATA.CPP(12549): [cvapi_common_get_dbpath:39] property_get (DBPATH) : /sdcard/DCIM/ (13)
D/dalvikvm(  216): GC_EXPLICIT freed <1K, 2% free 4491K/4576K, paused 1ms+2ms, total 15ms
W/ContextImpl(12739): Implicit intents with startService are not safe: Intent { act=com.google.android.music.NETWORK_MONITOR_SERVICE } android.content.ContextWrapper.bindService:517 com.google.android.music.utils.SafeServiceConnection$ServiceConnectionImp.bindService:98 com.google.android.music.utils.SafeServiceConnection.bindService:259 
I/WAKELOCK_RELEASE(  591): TIMESTAMP=11013597445713, TAG=Ze, TYPE=PARTIAL_WAKE_LOCK             , COUNT=0, PID=12134, UID=10085, FLAGS=
I/MediaRouter(12774): Found default route: MediaRouter.RouteInfo{ uniqueId=android/.support.v7.media.SystemMediaRouteProvider:DEFAULT_ROUTE, name=Tablet, description=null, enabled=true, connecting=false, playbackType=0, playbackStream=3, volumeHandling=1, volume=10, volumeMax=15, presentationDisplayId=-1, extras=null, providerPackageName=android }
D/PHOTODATABASE.CPP(12549): [cvapi_database_select_max_temp_feature_id:867] #2 max_feature_id : 0
D/JNI.CPP (12549): [JNI_OnLoad:306] featureIdSeed : 1406012846
D/JNI.CPP (12549): [JNI_OnLoad:311] face feature size : 67392
D/STATECOMMONDATA.CPP(12549): [cvapi_common_get_dbpath:39] property_get (DBPATH) : /sdcard/DCIM/ (13)
I/PHOTODATABASE.CPP(12549): [cvapi_database_create_photo_tables:86] photodb_path : /sdcard/DCIM/.PhotoDB.db
D/JNI.CPP (12549): [JNI_OnLoad:316] photo tables created success
D/STATECOMMONDATA.CPP(12549): [cvapi_common_get_dbpath:39] property_get (DBPATH) : /sdcard/DCIM/ (13)
I/PERSONDATABASE.CPP(12549): [get_persondb_path:34] db path is /sdcard/DCIM/.PersonDB.db
D/SystemUtils(12739): getSystemProperty: lpa.decode=null
W/ContextImpl(12774): Implicit intents with startService are not safe: Intent { act=com.google.android.music.NETWORK_MONITOR_SERVICE } android.content.ContextWrapper.bindService:517 com.google.android.music.utils.SafeServiceConnection$ServiceConnectionImp.bindService:98 com.google.android.music.utils.SafeServiceConnection.bindService:259 
I/ActivityManager(  591): Process com.tencent.mm:tools (pid 12358) has died.
D/InputMethodManagerService(  591): --- calledFromForegroundUserOrSystemProcess ? calling uid = 1000 system uid = 1000 calling userId = 0, foreground user id = 0, calling pid = 591dalvik.system.NativeStart.run(Native Method)
E/MDM     ( 3122): No Google accounts; deferring server state update and enabling accounts changed receiver.
D/JNI.CPP (12549): [JNI_OnLoad:322] person tables created success
D/STATECOMMONDATA.CPP(12549): [cvapi_common_get_dbpath:39] property_get (DBPATH) : /sdcard/DCIM/ (13)
I/PERSONDATABASE.CPP(12549): [get_persondb_path:34] db path is /sdcard/DCIM/.PersonDB.db
I/SecurityManagerService(  668): SMS received security event: App[STOP/com.tencent.mm]
D/PERSONDATABASE.CPP(12549): [cvapi_database_load_all_features_to_engine:810] Row count from DB : 0
D/JNI.CPP (12549): [JNI_OnLoad:326] loading face feature database 0 
E/JNI.CPP (12549): [JNI_OnLoad:333] failed to dlopen(/system/lib/libatomacc.so)
E/JNI.CPP (12549): [JNI_OnLoad:361] dlerror: dlopen failed: library "/system/lib/libatomacc.so" not found
I/ConfigStore(12739): Config Database version: 1
E/ia_face_jni(12549): LIBRARY LOADED SUCCESSFULLY
E/ia_face_jni(12549): LIBRARY LOADED SUCCESSFULLY
D/MusicStore(12739): Disabled WAL
I/SecurityManagerService(  668): SMS received security event: App[START/com.google.android.gms]
D/dalvikvm(12852): Try to disable coredump for pid 12852
D/dalvikvm(12852): Process 12852 nice name: com.google.android.gms.ui
D/dalvikvm(12852): Extra Options: not specified
I/ActivityManager(  591): Start proc com.google.android.gms.ui for broadcast com.google.android.gms/.auth.authzen.GcmReceiverService$Receiver: pid=12852 uid=10009 gids={50009, 3003, 1007, 3002, 3001, 1028, 1015, 3007, 2001, 3006}
D/MusicStore(12739): Database opened
I/WAKELOCK_ACQUIRE(  591): TIMESTAMP=11013736362752, TAG=AudioMix, TYPE=PARTIAL_WAKE_LOCK             , COUNT=0, PID=224, UID=1013, FLAGS=
I/WAKELOCK_ACQUIRE(  591): TIMESTAMP=11013737047401, TAG=AudioMix, TYPE=PARTIAL_WAKE_LOCK             , COUNT=0, PID=224, UID=1013, FLAGS=
I/WAKELOCK_ACQUIRE(  591): TIMESTAMP=11013746757283, TAG=com.google.android.music.playback.LocalDevicePlayback.mAsyncWakeLock, TYPE=PARTIAL_WAKE_LOCK             , COUNT=0, PID=12739, UID=10057, FLAGS=
I/WAKELOCK_RELEASE(  591): TIMESTAMP=11013748884465, TAG=com.google.android.music.playback.LocalDevicePlayback.mAsyncWakeLock, TYPE=PARTIAL_WAKE_LOCK             , COUNT=0, PID=12739, UID=10057, FLAGS=
D/MusicStore(12739): Disabled WAL
D/ConfigStore(12739): Database opened
D/CacheService(12739): onCreate
E/ContactSync(12549): itemListis== null
D/SyncManager(12549): current job finish. id = 100
D/SyncManager(12549): thread is waiting...
D/CacheService(12739): onBind
W/ContextImpl(12739): Implicit intents with startService are not safe: Intent { act=com.google.android.music.NETWORK_MONITOR_SERVICE } android.content.ContextWrapper.bindService:517 com.google.android.music.utils.SafeServiceConnection$ServiceConnectionImp.bindService:98 com.google.android.music.utils.SafeServiceConnection.bindService:259 
V/UIStateManager(12774): Nautilus status changed null to UNAVAILABLE
I/CastUtils(12774): Removing provider: MediaRouter.RouteProviderInfo{ packageName=com.google.android.gms }
I/UIStateManager(12774): Connected to playback service
I/LocalDevicePlayback(12739): Streaming client created.
I/WAKELOCK_RELEASE(  591): TIMESTAMP=11013826563857, TAG=Ze, TYPE=PARTIAL_WAKE_LOCK             , COUNT=0, PID=12134, UID=10085, FLAGS=
D/ActivityThread(12823): Loading provider com.android.email.provider;com.android.email.notifier: com.android.email.provider.EmailProvider
D/ActivityThread(12823): Loading provider com.android.email.provider;com.android.email.notifier: com.android.email.provider.EmailProvider
I/MultiDex(12852): load(/system/priv-app/GmsCore.apk, forceReload=false)
I/MultiDex(12852): Need extracted file /data/data/com.google.android.gms/files/secondary-dexes/GmsCore.apk.classes2.zip
I/MultiDex(12852): No extraction needed for /data/data/com.google.android.gms/files/secondary-dexes/GmsCore.apk.classes2.zip of size 1430458
V/AuthZen (12852): Received broadcast action: android.accounts.LOGIN_ACCOUNTS_CHANGED
V/AuthZen (12852): Received a GCM message.
V/AuthZen (12852): [DefaultAuthzenGcmReceiverDelegateService] Received an Authzen GCM message.
I/GCoreUlr( 3031): Starting service, intent=Intent { cmp=com.google.android.gms/com.google.android.location.reporting.service.DispatchingService (has extras) }, extras=Bundle[{intentType=2, receiverAction=android.accounts.LOGIN_ACCOUNTS_CHANGED}]
I/GCoreUlr( 3031): WorldUpdater received intent Intent { cmp=com.google.android.gms/com.google.android.location.reporting.service.DispatchingService (has extras) } with receiverAction android.accounts.LOGIN_ACCOUNTS_CHANGED, forceUpdate false
I/WAKELOCK_ACQUIRE(  591): TIMESTAMP=11014032315638, TAG=UlrDispatchingService, TYPE=PARTIAL_WAKE_LOCK             , COUNT=0, PID=3031, UID=10009, FLAGS=
I/SecurityManagerService(  668): SMS received security event: App[START/com.google.android.partnersetup]
D/dalvikvm(12884): Try to disable coredump for pid 12884
D/dalvikvm(12884): Process 12884 nice name: com.google.android.partnersetup
D/dalvikvm(12884): Extra Options: not specified
I/PeopleDatabaseHelper( 3122): cleanUpNonGplusAccounts done.
I/ActivityManager(  591): Start proc com.google.android.partnersetup for broadcast com.google.android.partnersetup/.RlzPingBroadcastReceiver: pid=12884 uid=10012 gids={50012, 3003}
I/GCoreUlr( 3031): WorldUpdater skipping work for android.accounts.LOGIN_ACCOUNTS_CHANGED
I/WAKELOCK_RELEASE(  591): TIMESTAMP=11014113277190, TAG=UlrDispatchingService, TYPE=PARTIAL_WAKE_LOCK             , COUNT=0, PID=3031, UID=10009, FLAGS=
I/WAKELOCK_RELEASE(  591): TIMESTAMP=11014130805740, TAG=Icing, TYPE=PARTIAL_WAKE_LOCK             , COUNT=0, PID=3122, UID=10009, FLAGS=
I/WAKELOCK_ACQUIRE(  591): TIMESTAMP=11014134696528, TAG=Icing, TYPE=PARTIAL_WAKE_LOCK             , COUNT=0, PID=3122, UID=10009, FLAGS=
I/ContactDirectoryManager(12531): deleted 0 stale rows which don't have any relevant directory
I/AuthZen (12852): Fetching signing key...
D/Volley  ( 1489): [116] DiskBasedCache.clear: Cache cleared.
D/Finsky  ( 1489): [1] UpdateWidgetsReceiver.onReceive: Updated 0 MarketWidgetProvider widgets (android.accounts.LOGIN_ACCOUNTS_CHANGED)
D/Finsky  ( 1489): [1] UpdateWidgetsReceiver.onReceive: Updated 0 RecommendedWidgetProvider widgets (android.accounts.LOGIN_ACCOUNTS_CHANGED)
D/Finsky  ( 1489): [1] UpdateWidgetsReceiver.onReceive: Updated 0 NowPlayingWidgetProvider widgets (android.accounts.LOGIN_ACCOUNTS_CHANGED)
I/WAKELOCK_RELEASE(  591): TIMESTAMP=11014191644686, TAG=Icing, TYPE=PARTIAL_WAKE_LOCK             , COUNT=0, PID=3122, UID=10009, FLAGS=
I/AuthZen (12852): Signing key fetched successfuly!
I/WAKELOCK_ACQUIRE(  591): TIMESTAMP=11014198451465, TAG=Icing, TYPE=PARTIAL_WAKE_LOCK             , COUNT=0, PID=3122, UID=10009, FLAGS=
D/Volley  ( 1489): [120] DiskBasedCache.clear: Cache cleared.
W/Finsky  ( 1489): [1] FinskyApp.getCurrentAccount: No account configured on this device.
I/ContactDirectoryManager(12531): Discovered 0 contact directories in 2096ms
I/SecurityManagerService(  668): SMS received security event: App[START/com.google.android.calendar]
D/SyncService(12549): mObserverContact : onChange (false)
I/WAKELOCK_RELEASE(  591): TIMESTAMP=11014227712116, TAG=Icing, TYPE=PARTIAL_WAKE_LOCK             , COUNT=0, PID=3122, UID=10009, FLAGS=
I/ActivityManager(  591): Start proc com.google.android.calendar for broadcast com.google.android.calendar/com.google.android.syncadapters.calendar.CalendarSyncAdapterBroadcastReceiver: pid=12903 uid=10030 gids={50030, 3003}
D/dalvikvm(12903): Try to disable coredump for pid 12903
D/dalvikvm(12903): Process 12903 nice name: com.google.android.calendar
D/dalvikvm(12903): Extra Options: not specified
D/GalleryUtils(12549): [GalleryUtils :: hasSpaceForSize] available size : 2325MB, input size : 128MB.
D/SyncManager(12549): thread is awaken. suspended = false, queue empty = false
D/SyncManager(12549): current job start. id = 100
I/WAKELOCK_ACQUIRE(  591): TIMESTAMP=11014248934522, TAG=Icing, TYPE=PARTIAL_WAKE_LOCK             , COUNT=0, PID=3122, UID=10009, FLAGS=
I/WAKELOCK_RELEASE(  591): TIMESTAMP=11014262699808, TAG=Icing, TYPE=PARTIAL_WAKE_LOCK             , COUNT=0, PID=3122, UID=10009, FLAGS=
W/GAV2    ( 5130): Thread[Thread-371,5,main]: dispatch call queued.  Need to call GAServiceManager.getInstance().initialize().
W/ActivityManager(  591): Unable to start service Intent { cmp=com.android.email/.service.AttachmentDownloadService } U=0: not found
E/ContactSync(12549): itemListis== null
D/SyncManager(12549): current job finish. id = 100
D/SyncManager(12549): thread is waiting...
I/Email   (12823): Observing account changes for notifications
I/WAKELOCK_ACQUIRE(  591): TIMESTAMP=11014341394017, TAG=Icing, TYPE=PARTIAL_WAKE_LOCK             , COUNT=0, PID=3122, UID=10009, FLAGS=
W/ActivityManager(  591): Unable to start service Intent { cmp=com.android.email/.service.AttachmentDownloadService } U=0: not found
W/ActivityManager(  591): Unable to start service Intent { cmp=com.android.email/.service.AttachmentDownloadService } U=0: not found
I/SecurityManagerService(  668): SMS received security event: App[START/com.android.chrome]
D/dalvikvm(12924): Try to disable coredump for pid 12924
D/dalvikvm(12924): Process 12924 nice name: com.android.chrome
D/dalvikvm(12924): Extra Options: not specified
I/ActivityManager(  591): Start proc com.android.chrome for broadcast com.android.chrome/com.google.android.apps.chrome.services.AccountsChangedReceiver: pid=12924 uid=10033 gids={50033, 3003, 1028, 1015}
W/AbstractGoogleClient(12903): Application name is not set. Call Builder#setApplicationName.
D/dalvikvm(  591): GC_EXPLICIT freed 291K, 40% free 17877K/29732K, paused 2ms+4ms, total 64ms
I/SecurityManagerService(  668): SMS received security event: App[START/com.android.providers.calendar]
D/dalvikvm(12940): Try to disable coredump for pid 12940
D/dalvikvm(12940): Process 12940 nice name: com.android.providers.calendar
