D/RouteManager(  224): doReconsiderRouting:          -Platform output device = IHF [has changed]
D/RouteManager(  224): doReconsiderRouting:          -Platform input device = <none> 
D/RouteManager(  224): doReconsiderRouting:          -Platform input source = None 
D/RouteManager(  224): doReconsiderRouting:          -Platform Band type = NB 
D/RouteManager(  224): doReconsiderRouting:          -Platform Has Direct Stream = no 
D/RouteManager(  224): doReconsiderRouting:          -Platform TTY direction = <none> 
D/RouteManager(  224): doReconsiderRouting:          -Platform HAC Mode = Off 
D/RouteManager(  224): doReconsiderRouting:          -Platform Screen State = On 
D/RouteManager(  224): doReconsiderRouting:          -Platform Context Awareness = false 
D/RouteManager(  224): doReconsiderRouting:          -Platform Always Listening = false 
D/RouteManager(  224): doReconsiderRouting:          -Platform FM State = Off 
D/RouteManager(  224): doReconsiderRouting:          -Platform Bypass Non Linear PP State = Off 
D/RouteManager(  224): doReconsiderRouting:          -Platform Bypass Linear PP State = Off 
D/RouteManager(  224): doReconsiderRouting:          -Platform MicMute = Off 
D/RouteManager(  224): doReconsiderRouting:      Route state:
D/RouteManager(  224): doReconsiderRouting:          -Previously Enabled Route in Input = <none>
D/RouteManager(  224): doReconsiderRouting:          -Previously Enabled Route in Output = Media|HwCodecMedia
D/RouteManager(  224): doReconsiderRouting:          -Selected Route in Input = <none>
D/RouteManager(  224): doReconsiderRouting:          -Selected Route in Output = Media|HwCodecMedia
D/RouteManager(  224): doReconsiderRouting:          -Route that need reconfiguration in Input = <none>
D/RouteManager(  224): doReconsiderRouting:          -Route that need reconfiguration in Output = Media|HwCodecMedia
D/RouteManager(  224): executeMuteStage: --------------- Routing Stage = Mute ---------------
D/RouteManager(  224): parameter-framework: Selection criterion changed event: Criterion name: RoutageState, current state: Flow
D/RouteManager(  224): muteRoutes: Expected Routes to be muted in Output = Media|HwCodecMedia
D/RouteManager(  224): parameter-framework: Selection criterion changed event: Criterion name: ClosingPlaybackRoutes, current state: Media|HwCodecMedia
D/RouteManager(  224): parameter-framework: Selection criterion changed event: Criterion name: OpenedPlaybackRoutes, current state: <none>
D/RouteManager(  224): parameter-framework: Configuration application request {
D/RouteManager(  224): parameter-framework:     Applying configurations {
D/RouteManager(  224): parameter-framework:         Applying configuration "Mute" from domain "Routing.Mute.HWCodec.Playback.IHF"
D/RouteManager(  224): parameter-framework:     } Applying configurations
D/RouteManager(  224): parameter-framework: } Configuration application request
D/RouteManager(  224): executeDisableStage: --------------- Routing Stage = Disable ---------------
D/RouteManager(  224): parameter-framework: Selection criterion changed event: Criterion name: RoutageState, current state: Path
D/RouteManager(  224): parameter-framework: Selection criterion changed event: Criterion name: ClosingPlaybackRoutes, current state: <none>
D/RouteManager(  224): parameter-framework: Selection criterion changed event: Criterion name: OpenedPlaybackRoutes, current state: Media|HwCodecMedia
D/RouteManager(  224): parameter-framework: Configuration application request {
D/RouteManager(  224): parameter-framework:     Applying configurations {
D/RouteManager(  224): parameter-framework:     } Applying configurations
D/RouteManager(  224): parameter-framework: } Configuration application request
D/RouteManager(  224): executeConfigureStage: --------------- Routing Stage = Configure ---------------
D/RouteManager(  224): parameter-framework: Selection criterion changed event: Criterion name: RoutageState, current state: Configure
D/RouteManager(  224): parameter-framework: Selection criterion changed event: Criterion name: SelectedOutputDevice, current state: IHF
D/RouteManager(  224): parameter-framework: Selection criterion changed event: Criterion name: SelectedInputDevice, current state: <none>
D/RouteManager(  224): parameter-framework: Selection criterion changed event: Criterion name: AudioSource, current state: None
D/RouteManager(  224): parameter-framework: Configuration application request {
D/RouteManager(  224): parameter-framework:     Applying configurations {
D/RouteManager(  224): parameter-framework:         Applying configuration "Enabled" from domain "IHF.SDRC"
D/RouteManager(  224): parameter-framework:         Applying configuration "Enabled" from domain "IHF.StereoEq"
D/RouteManager(  224): parameter-framework:         Applying configuration "Activated" from domain "Routing.Configure.LPE_Mixer.IHF"
D/RouteManager(  224): parameter-framework:         Applying configuration "Deactivated" from domain "Routing.Configure.LPE_Mixer.HS"
D/RouteManager(  224): parameter-framework:     } Applying configurations
D/RouteManager(  224): parameter-framework: } Configuration application request
D/RouteManager(  224): executeEnableStage: --------------- Routing Stage = Enable ---------------
D/RouteManager(  224): parameter-framework: Selection criterion changed event: Criterion name: RoutageState, current state: Path|Configure
D/RouteManager(  224): parameter-framework: Configuration application request {
D/RouteManager(  224): parameter-framework:     Applying configurations {
D/RouteManager(  224): parameter-framework:         Applying configuration "Enable" from domain "Routing.Enable.HWCodec.Playback.Multimedia.IHF"
D/RouteManager(  224): parameter-framework:     } Applying configurations
D/RouteManager(  224): parameter-framework: } Configuration application request
D/RouteManager(  224): executeUnmuteStage: --------------- Routing Stage = Unmute ---------------
D/RouteManager(  224): parameter-framework: Selection criterion changed event: Criterion name: RoutageState, current state: Flow|Path|Configure
D/RouteManager(  224): parameter-framework: Configuration application request {
D/RouteManager(  224): parameter-framework:     Applying configurations {
D/RouteManager(  224): parameter-framework:         Applying configuration "Unmute" from domain "Routing.Mute.HWCodec.Playback.IHF"
D/RouteManager(  224): parameter-framework:     } Applying configurations
D/RouteManager(  224): parameter-framework: } Configuration application request
D/RouteManager(  224): reconsiderRouting: DONE
D/EVENT_THREAD(  224): void CEventThread::run() Do poll with timeout: -1
D/AudioResamplerIA(  224): Create AudioResamplerIA Resampler: Input rate 44100, output rate 48000
E/MediaPlayer(12106): Should have subtitle controller already set
I/WAKELOCK_ACQUIRE(  591): TIMESTAMP=11100682625644, TAG=Ze, TYPE=PARTIAL_WAKE_LOCK             , COUNT=0, PID=12134, UID=10085, FLAGS=
I/WAKELOCK_RELEASE(  591): TIMESTAMP=11101265315058, TAG=Ze, TYPE=PARTIAL_WAKE_LOCK             , COUNT=0, PID=12134, UID=10085, FLAGS=
I/WAKELOCK_ACQUIRE(  591): TIMESTAMP=11101339322687, TAG=TimedEventQueue, TYPE=PARTIAL_WAKE_LOCK             , COUNT=0, PID=224, UID=1013, FLAGS=
I/WAKELOCK_RELEASE(  591): TIMESTAMP=11101631522149, TAG=TimedEventQueue, TYPE=PARTIAL_WAKE_LOCK             , COUNT=0, PID=224, UID=1013, FLAGS=
I/WAKELOCK_RELEASE(  591): TIMESTAMP=11101684054327, TAG=Ze, TYPE=PARTIAL_WAKE_LOCK             , COUNT=0, PID=12134, UID=10085, FLAGS=
I/WAKELOCK_RELEASE(  591): TIMESTAMP=11102273031387, TAG=Ze, TYPE=PARTIAL_WAKE_LOCK             , COUNT=0, PID=12134, UID=10085, FLAGS=
I/WAKELOCK_RELEASE(  591): TIMESTAMP=11102313347877, TAG=Ze, TYPE=PARTIAL_WAKE_LOCK             , COUNT=0, PID=12134, UID=10085, FLAGS=
I/ActivityManager(  591): START u0 {flg=0x4000000 cmp=com.tencent.mm/.ui.chatting.ChattingUI (has extras)} from pid 12106
I/WAKELOCK_ACQUIRE(  591): TIMESTAMP=11102663875463, TAG=ActivityManager-Launch, TYPE=PARTIAL_WAKE_LOCK             , COUNT=0, PID=591, UID=1000, FLAGS=
D/Camera_HAL(  224): atom_stop_preview
D/Camera_HAL(  224): atom_stop_preview
D/Camera_HAL(  224): atom_cancel_picture
D/Camera_HAL(  224): atom_release
D/Camera_HAL(  224): atom_set_preview_window preview_window = 0x0
I/CameraClient(  224): Destroying camera 1
D/Camera_HAL(  224): ATOM_CloseCameraHardware
I/WifiHW  (  591): CMD: IFNAME=wlan0 SIGNAL_POLL
D/wpa_supplicant(  649): RX ctrl_iface - hexdump(len=11): 53 49 47 4e 41 4c 5f 50 4f 4c 4c
D/wpa_supplicant(  649): wlan0: Control interface command 'SIGNAL_POLL'
D/wpa_supplicant(  649): nl80211: survey data missing!
I/wpa_supplicant(  649): nl80211: send_and_recv->nl_recvmsgs failed: 20
I/WifiHW  (  591): REPLY: RSSI=-34
I/WifiHW  (  591): REPLY: LINKSPEED=135
I/WifiHW  (  591): REPLY: NOISE=9999
I/WifiHW  (  591): REPLY: FREQUENCY=2457
D/Camera_PictureThread(  224): @~PictureThread: release mOutBuf
D/Camera_PictureThread(  224): @~PictureThread: release mExifBuf
D/Camera_PictureThread(  224): @~PictureThread: release mThumbBuf
D/Camera_PictureThread(  224): @~PictureThread: release mScaledPic
D/Camera_PictureThread(  224): @~PictureThread: release InputBuffers
D/Camera_PictureThread(  224): @~PictureThread: release postview buffers
D/Camera_PictureThread(  224): @~PictureThread: release mHwCompressor
D/Camera_PictureThread(  224): @~PictureThread: release mExifMaker
W/Camera_V4L2DevBase(  224): Device not opened!
W/Camera_V4L2DevBase(  224): Destroying a device object not closed, closing first
W/Camera_V4L2DevBase(  224): Destroying a device object not closed, closing first
I/cip_VorbisDec(  224): UMC Decoder plugin deleted
I/cip_VorbisDec(  224): UMC Decoder plugin deleted
D/dalvikvm(12106): Trying to load lib /data/app-lib/com.tencent.mm-1/libwechatvoicesilk_v7a.so 0x4cccbc20
D/dalvikvm(12106): Shared lib '/data/app-lib/com.tencent.mm-1/libwechatvoicesilk_v7a.so' already loaded in same CL 0x4cccbc20
I/AudioPolicyManagerBase(  224): APM: getOutput
I/AudioPolicyManagerBase(  224): APM: getOutput
I/AudioPolicyManagerBase(  224): APM: getOutput
D/InputMethodManagerService(  591): --- calledFromForegroundUserOrSystemProcess ? calling uid = 10085 system uid = 1000 calling userId = 0, foreground user id = 0, calling pid = 12106com.android.server.TextServicesManagerService.getCurrentSpellCheckerSubtype(TextServicesManagerService.java:344)
D/InputMethodManagerService(  591): --- calledFromForegroundUserOrSystemProcess ? calling uid = 10085 system uid = 1000 calling userId = 0, foreground user id = 0, calling pid = 12106com.android.server.TextServicesManagerService.getCurrentSpellCheckerSubtype(TextServicesManagerService.java:344)
D/        (12106): Pixel Format : GGL_PIXEL_FORMAT_RGBA_8888
I/ActivityManager(  591): Displayed com.tencent.mm/.ui.chatting.ChattingUI: +482ms
D/InputMethodManagerService(  591): --- calledFromForegroundUserOrSystemProcess ? calling uid = 10085 system uid = 1000 calling userId = 0, foreground user id = 0, calling pid = 12106com.android.server.InputMethodManagerService.windowGainedFocus(InputMethodManagerService.java:1882)
V/InputMethodManagerService(  591): windowGainedFocus: android.os.BinderProxy@26a39018 controlFlags=#105 softInputMode=#110 windowFlags=#1810100
V/InputMethodManagerService(  591): Unspecified window will hide input
D/InputMethodManagerService(  591): --- calledFromForegroundUserOrSystemProcess ? calling uid = 10085 system uid = 1000 calling userId = 0, foreground user id = 0, calling pid = 12106com.android.server.InputMethodManagerService.hideSoftInput(InputMethodManagerService.java:1815)
V/InputMethodManagerService(  591): Client requesting input be hidden
D/InputMethodManagerService(  591): --- calledFromForegroundUserOrSystemProcess ? calling uid = 10085 system uid = 1000 calling userId = 0, foreground user id = 0, calling pid = 12106com.android.server.InputMethodManagerService.hideSoftInput(InputMethodManagerService.java:1815)
V/InputMethodManagerService(  591): Client requesting input be hidden
D/        (12106): Surface destroy: ANDROID_NATIVE_WINDOW_MAGIC
D/        (12106): Surface destroy: ANDROID_NATIVE_WINDOW_MAGIC
D/        (12106): Surface destroy: ANDROID_NATIVE_WINDOW_MAGIC
I/WAKELOCK_RELEASE(  591): TIMESTAMP=11103578559788, TAG=ActivityManager-Launch, TYPE=PARTIAL_WAKE_LOCK             , COUNT=0, PID=591, UID=1000, FLAGS=
I/ActivityManager(  591): Process com.google.android.calendar (pid 13192) has died.
I/SecurityManagerService(  668): SMS received security event: App[STOP/com.google.android.calendar]
I/WindowState(  591): WIN DEATH: Window{26ae8838 u0 com.tencent.mobileqq/com.tencent.mobileqq.activity.LoginActivity}
D/InputMethodManagerService(  591): --- calledFromForegroundUserOrSystemProcess ? calling uid = 1000 system uid = 1000 calling userId = 0, foreground user id = 0, calling pid = 591dalvik.system.NativeStart.run(Native Method)
I/ActivityManager(  591): Process com.tencent.mobileqq:MSF (pid 4929) has died.
W/ActivityManager(  591): Scheduling restart of crashed service com.tencent.mobileqq/.msf.service.MsfService in 1000ms
I/SecurityManagerService(  668): SMS received security event: App[STOP/com.tencent.mobileqq]
I/ActivityManager(  591): Process com.tencent.mobileqq (pid 4912) has died.
I/SecurityManagerService(  668): SMS received security event: App[STOP/com.tencent.mobileqq]
I/WAKELOCK_RELEASE(  591): TIMESTAMP=11103701764203, TAG=WindowManager, TYPE=SCREEN_BRIGHT_WAKE_LOCK       , COUNT=0, PID=591, UID=1000, FLAGS= ON_AFTER_RELEASE
I/MediaFocusControl(  591):  AudioFocus  abandonAudioFocus() from android.media.AudioManager@267c6b70com.tencent.mm.compatible.g.f@26832e30
D/PROPERTY(  224): get media.dump_output.befconv: 0
D/PROPERTY(  224): get media.dump_output.aftconv: 0
D/RouteManager(  224): stopStream: {+++ RECONSIDER ROUTING +++} due to output stream stop event
D/RouteManager(  224): reconsiderRouting
D/EVENT_THREAD(  224): void CEventThread::trig(uint16_t): in
D/EVENT_THREAD(  224): void CEventThread::trig(uint16_t): out
D/RouteManager(  224): doReconsiderRouting:       Platform State:
D/RouteManager(  224): doReconsiderRouting:          -Modem Alive = 1 
D/RouteManager(  224): doReconsiderRouting:          -Modem Call Active = 0 
D/RouteManager(  224): doReconsiderRouting:          -Is Shared I2S glitch free=1 
D/RouteManager(  224): doReconsiderRouting:          -Android Telephony Mode = Normal 
D/RouteManager(  224): doReconsiderRouting:          -RTE MGR HW Mode = Normal 
D/RouteManager(  224): doReconsiderRouting:          -BT Enabled = 0 
D/RouteManager(  224): doReconsiderRouting:          -BT NREC = 0 
D/RouteManager(  224): doReconsiderRouting:          -BT Band = NB 
D/RouteManager(  224): doReconsiderRouting:          -Platform output device = IHF 
D/RouteManager(  224): doReconsiderRouting:          -Platform input device = <none> 
D/RouteManager(  224): doReconsiderRouting:          -Platform input source = None 
D/RouteManager(  224): doReconsiderRouting:          -Platform Band type = NB 
D/RouteManager(  224): doReconsiderRouting:          -Platform Has Direct Stream = no 
D/RouteManager(  224): doReconsiderRouting:          -Platform TTY direction = <none> 
D/RouteManager(  224): doReconsiderRouting:          -Platform HAC Mode = Off 
D/RouteManager(  224): doReconsiderRouting:          -Platform Screen State = On 
D/RouteManager(  224): doReconsiderRouting:          -Platform Context Awareness = false 
D/RouteManager(  224): doReconsiderRouting:          -Platform Always Listening = false 
D/RouteManager(  224): doReconsiderRouting:          -Platform FM State = Off 
D/RouteManager(  224): doReconsiderRouting:          -Platform Bypass Non Linear PP State = Off 
D/RouteManager(  224): doReconsiderRouting:          -Platform Bypass Linear PP State = Off 
D/RouteManager(  224): doReconsiderRouting:          -Platform MicMute = Off 
D/RouteManager(  224): doReconsiderRouting:      Route state:
D/RouteManager(  224): doReconsiderRouting:          -Previously Enabled Route in Input = <none>
D/RouteManager(  224): doReconsiderRouting:          -Previously Enabled Route in Output = Media|HwCodecMedia
D/RouteManager(  224): doReconsiderRouting:          -Selected Route in Input = <none>
D/RouteManager(  224): doReconsiderRouting:          -Selected Route in Output = <none>
D/RouteManager(  224): doReconsiderRouting:          -Route that need reconfiguration in Input = <none>
D/RouteManager(  224): doReconsiderRouting:          -Route that need reconfiguration in Output = <none>
D/RouteManager(  224): executeMuteStage: --------------- Routing Stage = Mute ---------------
D/RouteManager(  224): parameter-framework: Selection criterion changed event: Criterion name: RoutageState, current state: Flow
D/RouteManager(  224): muteRoutes: Expected Routes to be muted in Output = Media|HwCodecMedia
D/RouteManager(  224): parameter-framework: Selection criterion changed event: Criterion name: ClosingPlaybackRoutes, current state: Media|HwCodecMedia
D/RouteManager(  224): parameter-framework: Selection criterion changed event: Criterion name: OpenedPlaybackRoutes, current state: <none>
D/RouteManager(  224): parameter-framework: Configuration application request {
D/RouteManager(  224): parameter-framework:     Applying configurations {
D/RouteManager(  224): parameter-framework:         Applying configuration "Mute" from domain "Routing.Mute.HWCodec.Playback.IHF"
D/RouteManager(  224): parameter-framework:     } Applying configurations
D/RouteManager(  224): parameter-framework: } Configuration application request
D/RouteManager(  224): executeDisableStage: --------------- Routing Stage = Disable ---------------
D/RouteManager(  224): parameter-framework: Selection criterion changed event: Criterion name: RoutageState, current state: Path
D/RouteManager(  224): prepareDisableRoutes: Routes to be disabled(unrouted) in Output = Media|HwCodecMedia
D/ALSAStreamOps(  224): detachRouteL output stream
D/RouteManager/StreamRoute(  224): closePcmDevice called for card (baytrailaudio,0)
D/dalvikvm(  668): GC_CONCURRENT freed 3959K, 47% free 5118K/9568K, paused 1ms+1ms, total 7ms
D/RouteManager(  224): parameter-framework: Configuration application request {
D/RouteManager(  224): parameter-framework:     Applying configurations {
D/RouteManager(  224): parameter-framework:         Applying configuration "Disable" from domain "Routing.Enable.HWCodec.Playback.IHF"
D/RouteManager(  224): parameter-framework:         Applying configuration "Disable" from domain "Routing.Enable.HWCodec.Playback.Multimedia.IHF"
D/RouteManager(  224): parameter-framework:         Applying configuration "Disable" from domain "Routing.Enable.HWCodec.Playback.Multimedia.Playback"
I/SecurityManagerService(  668): SMS received security event: App[START/com.tencent.mobileqq]
D/RouteManager(  224): parameter-framework:     } Applying configurations
D/RouteManager(  224): parameter-framework: } Configuration application request
D/RouteManager(  224): executeConfigureStage: --------------- Routing Stage = Configure ---------------
D/RouteManager(  224): parameter-framework: Selection criterion changed event: Criterion name: RoutageState, current state: Configure
D/RouteManager(  224): parameter-framework: Selection criterion changed event: Criterion name: ClosingPlaybackRoutes, current state: <none>
D/RouteManager(  224): parameter-framework: Configuration application request {
D/RouteManager(  224): parameter-framework:     Applying configurations {
D/RouteManager(  224): parameter-framework:         Applying configuration "Deactivated" from domain "Routing.Configure.LPE_Mixer.IHF"
D/RouteManager(  224): parameter-framework:     } Applying configurations
D/RouteManager(  224): parameter-framework: } Configuration application request
D/RouteManager(  224): executeEnableStage: --------------- Routing Stage = Enable ---------------
D/RouteManager(  224): parameter-framework: Selection criterion changed event: Criterion name: RoutageState, current state: Path|Configure
D/RouteManager(  224): parameter-framework: Configuration application request {
D/RouteManager(  224): parameter-framework:     Applying configurations {
D/RouteManager(  224): parameter-framework:     } Applying configurations
D/RouteManager(  224): parameter-framework: } Configuration application request
D/RouteManager(  224): executeUnmuteStage: --------------- Routing Stage = Unmute ---------------
D/RouteManager(  224): parameter-framework: Selection criterion changed event: Criterion name: RoutageState, current state: Flow|Path|Configure
D/RouteManager(  224): parameter-framework: Configuration application request {
D/RouteManager(  224): parameter-framework:     Applying configurations {
D/RouteManager(  224): parameter-framework:     } Applying configurations
D/RouteManager(  224): parameter-framework: } Configuration application request
D/EVENT_THREAD(  224): void CEventThread::run() Do poll with timeout: -1
D/RouteManager(  224): reconsiderRouting: DONE
I/WAKELOCK_RELEASE(  591): TIMESTAMP=11104666542448, TAG=AudioMix, TYPE=PARTIAL_WAKE_LOCK             , COUNT=0, PID=224, UID=1013, FLAGS=
D/dalvikvm(13409): Try to disable coredump for pid 13409
D/dalvikvm(13409): Process 13409 nice name: com.tencent.mobileqq:MSF
D/dalvikvm(13409): Extra Options: not specified
D/Zygote  (13409): Setting os.arch
I/ActivityManager(  591): Start proc com.tencent.mobileqq:MSF for service com.tencent.mobileqq/.msf.service.MsfService: pid=13409 uid=10082 gids={50082, 3003, 3002, 3001, 1028, 1015}
I/dalvikvm(13409): Enabling JNI app bug workarounds for target SDK version 7...
D/mqq     (13409): [E]doInit begin with Application(com.tencent.mobileqq:MSF) lanuched.isNeedMSF=true
D/appMemory(13409): QLog init retry 
D/MSF.C.MsfCore(13409): [E]MsfCore init begin.
D/dalvikvm(13409): Trying to load lib /data/data/com.tencent.mobileqq/txlib/libmsfbootV2.so 0x4ccd01f0
D/houdini (13409): [13409] Loading library(version: 4.0.4.44607 RELEASE)... successfully.
D/dalvikvm(13409): Added shared lib /data/data/com.tencent.mobileqq/txlib/libmsfbootV2.so 0x4ccd01f0
W/dalvikvm(13409): No implementation found for native Loicq/wlogin_sdk/tools/EcdhCrypt;.GenECDHKey:(Ljava/lang/String;)I
D/dalvikvm(13409): No JNI_OnLoad found in /system/lib/libaesni.so 0x0, skipping init
D/dalvikvm(13409): Trying to load lib /data/app-lib/com.tencent.mobileqq-1/libNativeRQD.so 0x4ccd01f0
D/dalvikvm(13409): Added shared lib /data/app-lib/com.tencent.mobileqq-1/libNativeRQD.so 0x4ccd01f0
D/dalvikvm(13409): No JNI_OnLoad found in /data/app-lib/com.tencent.mobileqq-1/libNativeRQD.so 0x4ccd01f0, skipping init
W/dalvikvm(13409): No implementation found for native Lcom/tencent/feedback/eup/jni/NativeExceptionUpload;.registNativeExceptionHandler2:(Ljava/lang/String;Ljava/lang/String;II)Ljava/lang/String;
I/native_eup(13409): Java_com_tencent_feedback_eup_jni_NativeExceptionUpload_registNativeExceptionHandler start
I/native_eup(13409): found native exception upload!
I/native_eup(13409): found native exception handler!
I/native_eup(13409): regist handler start procType 1 , level 19 , tombDir:/data/data/com.tencent.mobileqq/app_tombs
I/native_eup(13409): registSignal start
I/native_eup(13409): registSignal end
I/native_eup(13409): regist handler end
I/native_eup(13409): Java_com_tencent_feedback_eup_jni_NativeExceptionUpload_registNativeExceptionHandler end
I/native_eup(13409): NativeRQDVersion:NRQD_1.7.1
I/native_eup(13409): Java_com_tencent_feedback_eup_jni_NativeExceptionUpload_enableHandler start
I/native_eup(13409): Java_com_tencent_feedback_eup_jni_NativeExceptionUpload_enableHandler end
I/native_eup(13409): setLogMode 3 current 4
D/MSF.C.NetConnInfoCenter(13409): [E]currentAPN:. received networkInfo: CONNECTED :NetworkInfo: type: WIFI[], state: CONNECTED/CONNECTED, reason: (unspecified), extra: "shz24f-umg-ap02-Racer", roaming: false, failover: false, isAvailable: true, isConnectedToProvisioningNetwork: false. extra NetworkInfo: null
D/MSF.C.NetConnInfoCenter(13409): [E]netchange NONE to WIFI
D/dalvikvm(13409): Trying to load lib /data/data/com.tencent.mobileqq/txlib/libcodecwrapperV2.so 0x4ccd01f0
D/dalvikvm(13409): Added shared lib /data/data/com.tencent.mobileqq/txlib/libcodecwrapperV2.so 0x4ccd01f0
D/MSF.C.MsfCore(13409): [E]MsfCore init finished.
I/WifiHW  (  591): CMD: IFNAME=wlan0 SIGNAL_POLL
D/wpa_supplicant(  649): RX ctrl_iface - hexdump(len=11): 53 49 47 4e 41 4c 5f 50 4f 4c 4c
D/wpa_supplicant(  649): wlan0: Control interface command 'SIGNAL_POLL'
D/wpa_supplicant(  649): nl80211: survey data missing!
I/wpa_supplicant(  649): nl80211: send_and_recv->nl_recvmsgs failed: 20
I/WifiHW  (  591): REPLY: RSSI=-33
I/WifiHW  (  591): REPLY: LINKSPEED=135
I/WifiHW  (  591): REPLY: NOISE=9999
I/WifiHW  (  591): REPLY: FREQUENCY=2457
I/WAKELOCK_ACQUIRE(  591): TIMESTAMP=11107413028702, TAG=AlarmManager, TYPE=PARTIAL_WAKE_LOCK             , COUNT=0, PID=591, UID=1000, FLAGS=
I/WAKELOCK_RELEASE(  591): TIMESTAMP=11107436188150, TAG=AlarmManager, TYPE=PARTIAL_WAKE_LOCK             , COUNT=0, PID=591, UID=1000, FLAGS=
I/SecurityManagerService(  668): SMS received security event: App[START/com.google.android.configupdater]
I/WAKELOCK_ACQUIRE(  591): TIMESTAMP=11107781916847, TAG=AlarmManager, TYPE=PARTIAL_WAKE_LOCK             , COUNT=0, PID=591, UID=1000, FLAGS=
I/ActivityManager(  591): Start proc com.google.android.configupdater for broadcast com.google.android.configupdater/.SmsShortCodes.SmsShortCodesUpdateRequestReceiver: pid=13452 uid=10003 gids={50003, 3003, 2001}
D/dalvikvm(13452): Try to disable coredump for pid 13452
D/dalvikvm(13452): Process 13452 nice name: com.google.android.configupdater
D/dalvikvm(13452): Extra Options: not specified
W/ContextImpl(13452): Implicit intents with startService are not safe: Intent { act=com.google.android.configupdater.SmsShortCodes.START (has extras) } android.content.ContextWrapper.startService:494 android.content.ContextWrapper.startService:494 com.google.android.configupdater.UpdateRequestReceiver.startUpdate:219 
I/WAKELOCK_RELEASE(  591): TIMESTAMP=11107890623519, TAG=AlarmManager, TYPE=PARTIAL_WAKE_LOCK             , COUNT=0, PID=591, UID=1000, FLAGS=
I/UpdateFetcherService(13452): Update started
D/dalvikvm(  591): GC_EXPLICIT freed 3486K, 40% free 17934K/29732K, paused 1ms+6ms, total 73ms
I/DownloadManager( 2551): Download 46 starting
I/WAKELOCK_ACQUIRE(  591): TIMESTAMP=11108091427611, TAG=DownloadManager, TYPE=PARTIAL_WAKE_LOCK             , COUNT=0, PID=2551, UID=10007, FLAGS=
I/WifiHW  (  591): CMD: IFNAME=wlan0 SIGNAL_POLL
D/wpa_supplicant(  649): RX ctrl_iface - hexdump(len=11): 53 49 47 4e 41 4c 5f 50 4f 4c 4c
D/wpa_supplicant(  649): wlan0: Control interface command 'SIGNAL_POLL'
D/wpa_supplicant(  649): nl80211: survey data missing!
I/wpa_supplicant(  649): nl80211: send_and_recv->nl_recvmsgs failed: 20
I/WifiHW  (  591): REPLY: RSSI=-34
I/WifiHW  (  591): REPLY: LINKSPEED=135
I/WifiHW  (  591): REPLY: NOISE=9999
I/WifiHW  (  591): REPLY: FREQUENCY=2457
I/WAKELOCK_ACQUIRE(  591): TIMESTAMP=11110076762570, TAG=RILJ, TYPE=PARTIAL_WAKE_LOCK             , COUNT=0, PID=835, UID=1001, FLAGS=
D/StatusBar.NetworkController(  652): onSignalStrengthsChanged signalStrength=SignalStrength: 99 99 -120 -160 -120 0 -1 99 2147483647 2147483647 2147483647 2147483647 gsm|lte level=0
I/WAKELOCK_RELEASE(  591): TIMESTAMP=11110422092591, TAG=RILJ, TYPE=PARTIAL_WAKE_LOCK             , COUNT=0, PID=835, UID=1001, FLAGS=
I/WifiHW  (  591): CMD: IFNAME=wlan0 SIGNAL_POLL
D/wpa_supplicant(  649): RX ctrl_iface - hexdump(len=11): 53 49 47 4e 41 4c 5f 50 4f 4c 4c
D/wpa_supplicant(  649): wlan0: Control interface command 'SIGNAL_POLL'
D/wpa_supplicant(  649): nl80211: survey data missing!
I/wpa_supplicant(  649): nl80211: send_and_recv->nl_recvmsgs failed: 20
I/WifiHW  (  591): REPLY: RSSI=-34
I/WifiHW  (  591): REPLY: LINKSPEED=135
I/WifiHW  (  591): REPLY: NOISE=9999
I/WifiHW  (  591): REPLY: FREQUENCY=2457
I/WAKELOCK_RELEASE(  591): TIMESTAMP=11112973210626, TAG=Ze, TYPE=PARTIAL_WAKE_LOCK             , COUNT=0, PID=12106, UID=10085, FLAGS=
I/WifiHW  (  591): CMD: IFNAME=wlan0 SIGNAL_POLL
D/wpa_supplicant(  649): RX ctrl_iface - hexdump(len=11): 53 49 47 4e 41 4c 5f 50 4f 4c 4c
D/wpa_supplicant(  649): wlan0: Control interface command 'SIGNAL_POLL'
D/wpa_supplicant(  649): nl80211: survey data missing!
I/wpa_supplicant(  649): nl80211: send_and_recv->nl_recvmsgs failed: 20
I/WifiHW  (  591): REPLY: RSSI=-34
I/WifiHW  (  591): REPLY: LINKSPEED=135
I/WifiHW  (  591): REPLY: NOISE=9999
I/WifiHW  (  591): REPLY: FREQUENCY=2457
I/WifiHW  (  591): CMD: IFNAME=wlan0 SIGNAL_POLL
D/wpa_supplicant(  649): RX ctrl_iface - hexdump(len=11): 53 49 47 4e 41 4c 5f 50 4f 4c 4c
D/wpa_supplicant(  649): wlan0: Control interface command 'SIGNAL_POLL'
D/wpa_supplicant(  649): nl80211: survey data missing!
I/wpa_supplicant(  649): nl80211: send_and_recv->nl_recvmsgs failed: 20
I/WifiHW  (  591): REPLY: RSSI=-33
I/WifiHW  (  591): REPLY: LINKSPEED=135
I/WifiHW  (  591): REPLY: NOISE=9999
I/WifiHW  (  591): REPLY: FREQUENCY=2457
I/WifiHW  (  591): CMD: IFNAME=wlan0 SIGNAL_POLL
D/wpa_supplicant(  649): RX ctrl_iface - hexdump(len=11): 53 49 47 4e 41 4c 5f 50 4f 4c 4c
D/wpa_supplicant(  649): wlan0: Control interface command 'SIGNAL_POLL'
D/wpa_supplicant(  649): nl80211: survey data missing!
I/wpa_supplicant(  649): nl80211: send_and_recv->nl_recvmsgs failed: 20
I/WifiHW  (  591): REPLY: RSSI=-31
I/WifiHW  (  591): REPLY: LINKSPEED=135
I/WifiHW  (  591): REPLY: NOISE=9999
I/WifiHW  (  591): REPLY: FREQUENCY=2457
I/WifiHW  (  591): CMD: IFNAME=wlan0 SIGNAL_POLL
D/wpa_supplicant(  649): RX ctrl_iface - hexdump(len=11): 53 49 47 4e 41 4c 5f 50 4f 4c 4c
D/wpa_supplicant(  649): wlan0: Control interface command 'SIGNAL_POLL'
D/wpa_supplicant(  649): nl80211: survey data missing!
I/wpa_supplicant(  649): nl80211: send_and_recv->nl_recvmsgs failed: 20
I/WifiHW  (  591): REPLY: RSSI=-31
I/WifiHW  (  591): REPLY: LINKSPEED=135
I/WifiHW  (  591): REPLY: NOISE=9999
I/WifiHW  (  591): REPLY: FREQUENCY=2457
I/WifiHW  (  591): CMD: IFNAME=wlan0 SIGNAL_POLL
D/wpa_supplicant(  649): RX ctrl_iface - hexdump(len=11): 53 49 47 4e 41 4c 5f 50 4f 4c 4c
D/wpa_supplicant(  649): wlan0: Control interface command 'SIGNAL_POLL'
D/wpa_supplicant(  649): nl80211: survey data missing!
I/wpa_supplicant(  649): nl80211: send_and_recv->nl_recvmsgs failed: 20
I/WifiHW  (  591): REPLY: RSSI=-32
I/WifiHW  (  591): REPLY: LINKSPEED=135
I/WifiHW  (  591): REPLY: NOISE=9999
I/WifiHW  (  591): REPLY: FREQUENCY=2457
I/WifiHW  (  591): CMD: IFNAME=wlan0 SIGNAL_POLL
D/wpa_supplicant(  649): RX ctrl_iface - hexdump(len=11): 53 49 47 4e 41 4c 5f 50 4f 4c 4c
D/wpa_supplicant(  649): wlan0: Control interface command 'SIGNAL_POLL'
D/wpa_supplicant(  649): nl80211: survey data missing!
I/wpa_supplicant(  649): nl80211: send_and_recv->nl_recvmsgs failed: 20
I/WifiHW  (  591): REPLY: RSSI=-32
I/WifiHW  (  591): REPLY: LINKSPEED=135
I/WifiHW  (  591): REPLY: NOISE=9999
I/WifiHW  (  591): REPLY: FREQUENCY=2457
I/WAKELOCK_ACQUIRE(  591): TIMESTAMP=11130450690003, TAG=RILJ, TYPE=PARTIAL_WAKE_LOCK             , COUNT=0, PID=835, UID=1001, FLAGS=
I/WAKELOCK_RELEASE(  591): TIMESTAMP=11130793597665, TAG=RILJ, TYPE=PARTIAL_WAKE_LOCK             , COUNT=0, PID=835, UID=1001, FLAGS=
D/StatusBar.NetworkController(  652): onSignalStrengthsChanged signalStrength=SignalStrength: 99 99 -120 -160 -120 0 -1 99 2147483647 2147483647 2147483647 2147483647 gsm|lte level=0
I/DownloadManager( 2551): Ignoring Content-Length since Transfer-Encoding is also defined
I/DownloadManager( 2551): Download 46 finished with status SUCCESS
I/WAKELOCK_RELEASE(  591): TIMESTAMP=11130995515310, TAG=DownloadManager, TYPE=PARTIAL_WAKE_LOCK             , COUNT=0, PID=2551, UID=10007, FLAGS=
W/ContextImpl(13452): Implicit intents with startService are not safe: Intent { act=com.google.android.configupdater.SmsShortCodes.NEW_METADATA (has extras) } android.content.ContextWrapper.startService:494 android.content.ContextWrapper.startService:494 com.google.android.configupdater.UpdateRequestReceiver.handleMetadataDownload:244 
I/DownloadManager( 2551): Download 47 starting
I/WAKELOCK_ACQUIRE(  591): TIMESTAMP=11131107612634, TAG=DownloadManager, TYPE=PARTIAL_WAKE_LOCK             , COUNT=0, PID=2551, UID=10007, FLAGS=
I/dalvikvm(13452): Total arena pages for JIT: 11
I/WifiHW  (  591): CMD: IFNAME=wlan0 SIGNAL_POLL
D/wpa_supplicant(  649): RX ctrl_iface - hexdump(len=11): 53 49 47 4e 41 4c 5f 50 4f 4c 4c
D/wpa_supplicant(  649): wlan0: Control interface command 'SIGNAL_POLL'
D/wpa_supplicant(  649): nl80211: survey data missing!
I/wpa_supplicant(  649): nl80211: send_and_recv->nl_recvmsgs failed: 20
I/WifiHW  (  591): REPLY: RSSI=-32
I/WifiHW  (  591): REPLY: LINKSPEED=135
I/WifiHW  (  591): REPLY: NOISE=9999
I/WifiHW  (  591): REPLY: FREQUENCY=2457
I/DownloadManager( 2551): Ignoring Content-Length since Transfer-Encoding is also defined
I/WifiHW  (  591): CMD: IFNAME=wlan0 SIGNAL_POLL
D/wpa_supplicant(  649): RX ctrl_iface - hexdump(len=11): 53 49 47 4e 41 4c 5f 50 4f 4c 4c
D/wpa_supplicant(  649): wlan0: Control interface command 'SIGNAL_POLL'
D/wpa_supplicant(  649): nl80211: survey data missing!
I/wpa_supplicant(  649): nl80211: send_and_recv->nl_recvmsgs failed: 20
I/WifiHW  (  591): REPLY: RSSI=-33
I/WifiHW  (  591): REPLY: LINKSPEED=135
I/WifiHW  (  591): REPLY: NOISE=9999
I/WifiHW  (  591): REPLY: FREQUENCY=2457
I/WifiHW  (  591): CMD: IFNAME=wlan0 SIGNAL_POLL
D/wpa_supplicant(  649): RX ctrl_iface - hexdump(len=11): 53 49 47 4e 41 4c 5f 50 4f 4c 4c
D/wpa_supplicant(  649): wlan0: Control interface command 'SIGNAL_POLL'
D/wpa_supplicant(  649): nl80211: survey data missing!
I/wpa_supplicant(  649): nl80211: send_and_recv->nl_recvmsgs failed: 20
I/WifiHW  (  591): REPLY: RSSI=-33
I/WifiHW  (  591): REPLY: LINKSPEED=135
I/WifiHW  (  591): REPLY: NOISE=9999
I/WifiHW  (  591): REPLY: FREQUENCY=2457
I/WifiHW  (  591): CMD: IFNAME=wlan0 SIGNAL_POLL
D/wpa_supplicant(  649): RX ctrl_iface - hexdump(len=11): 53 49 47 4e 41 4c 5f 50 4f 4c 4c
D/wpa_supplicant(  649): wlan0: Control interface command 'SIGNAL_POLL'
D/wpa_supplicant(  649): nl80211: survey data missing!
I/wpa_supplicant(  649): nl80211: send_and_recv->nl_recvmsgs failed: 20
I/WifiHW  (  591): REPLY: RSSI=-33
I/WifiHW  (  591): REPLY: LINKSPEED=135
I/WifiHW  (  591): REPLY: NOISE=9999
I/WifiHW  (  591): REPLY: FREQUENCY=2457
I/WifiHW  (  591): CMD: IFNAME=wlan0 SIGNAL_POLL
D/wpa_supplicant(  649): RX ctrl_iface - hexdump(len=11): 53 49 47 4e 41 4c 5f 50 4f 4c 4c
D/wpa_supplicant(  649): wlan0: Control interface command 'SIGNAL_POLL'
D/wpa_supplicant(  649): nl80211: survey data missing!
I/wpa_supplicant(  649): nl80211: send_and_recv->nl_recvmsgs failed: 20
I/WifiHW  (  591): REPLY: RSSI=-33
I/WifiHW  (  591): REPLY: LINKSPEED=135
I/WifiHW  (  591): REPLY: NOISE=9999
I/WifiHW  (  591): REPLY: FREQUENCY=2457
