I/wpa_supplicant(  649): nl80211: send_and_recv->nl_recvmsgs failed: 20
I/WifiHW  (  591): REPLY: RSSI=-30
I/WifiHW  (  591): REPLY: LINKSPEED=135
I/WifiHW  (  591): REPLY: NOISE=9999
I/WifiHW  (  591): REPLY: FREQUENCY=2457
I/WAKELOCK_ACQUIRE(  591): TIMESTAMP=11024878523520, TAG=Ze, TYPE=PARTIAL_WAKE_LOCK             , COUNT=0, PID=12134, UID=10085, FLAGS=
I/WAKELOCK_ACQUIRE(  591): TIMESTAMP=11024936300315, TAG=Ze, TYPE=PARTIAL_WAKE_LOCK             , COUNT=0, PID=12134, UID=10085, FLAGS=
I/WAKELOCK_ACQUIRE(  591): TIMESTAMP=11024958785422, TAG=Ze, TYPE=PARTIAL_WAKE_LOCK             , COUNT=0, PID=12134, UID=10085, FLAGS=
D/dalvikvm(12106): GC_CONCURRENT freed 3370K, 25% free 11168K/14728K, paused 4ms+8ms, total 24ms
I/WAKELOCK_ACQUIRE(  591): TIMESTAMP=11025743486681, TAG=Ze, TYPE=PARTIAL_WAKE_LOCK             , COUNT=0, PID=12134, UID=10085, FLAGS=
I/WAKELOCK_ACQUIRE(  591): TIMESTAMP=11025803923916, TAG=Ze, TYPE=PARTIAL_WAKE_LOCK             , COUNT=0, PID=12134, UID=10085, FLAGS=
I/WAKELOCK_RELEASE(  591): TIMESTAMP=11025881899264, TAG=Ze, TYPE=PARTIAL_WAKE_LOCK             , COUNT=0, PID=12134, UID=10085, FLAGS=
I/WAKELOCK_RELEASE(  591): TIMESTAMP=11025937821242, TAG=Ze, TYPE=PARTIAL_WAKE_LOCK             , COUNT=0, PID=12134, UID=10085, FLAGS=
I/WAKELOCK_ACQUIRE(  591): TIMESTAMP=11026007554958, TAG=Ze, TYPE=PARTIAL_WAKE_LOCK             , COUNT=0, PID=12134, UID=10085, FLAGS=
I/WAKELOCK_ACQUIRE(  591): TIMESTAMP=11026027570895, TAG=Ze, TYPE=PARTIAL_WAKE_LOCK             , COUNT=0, PID=12134, UID=10085, FLAGS=
I/WAKELOCK_ACQUIRE(  591): TIMESTAMP=11026549726534, TAG=Ze, TYPE=PARTIAL_WAKE_LOCK             , COUNT=0, PID=12134, UID=10085, FLAGS=
D/PROPERTY(  224): get media.dump_output.befconv: 0
D/PROPERTY(  224): get media.dump_output.aftconv: 0
D/RouteManager(  224): stopStream: {+++ RECONSIDER ROUTING +++} due to output stream stop event
D/RouteManager(  224): reconsiderRouting
D/EVENT_THREAD(  224): void CEventThread::trig(uint16_t): in
D/EVENT_THREAD(  224): void CEventThread::trig(uint16_t): out
D/RouteManager(  224): doReconsiderRouting:       Platform State:
D/RouteManager(  224): doReconsiderRouting:          -Modem Alive = 1 
D/RouteManager(  224): doReconsiderRouting:          -Modem Call Active = 0 
D/RouteManager(  224): doReconsiderRouting:          -Is Shared I2S glitch free=1 
D/RouteManager(  224): doReconsiderRouting:          -Android Telephony Mode = Normal 
D/RouteManager(  224): doReconsiderRouting:          -RTE MGR HW Mode = Normal 
D/RouteManager(  224): doReconsiderRouting:          -BT Enabled = 0 
D/RouteManager(  224): doReconsiderRouting:          -BT NREC = 0 
D/RouteManager(  224): doReconsiderRouting:          -BT Band = NB 
D/RouteManager(  224): doReconsiderRouting:          -Platform output device = IHF 
D/RouteManager(  224): doReconsiderRouting:          -Platform input device = <none> 
D/RouteManager(  224): doReconsiderRouting:          -Platform input source = None 
D/RouteManager(  224): doReconsiderRouting:          -Platform Band type = NB 
D/RouteManager(  224): doReconsiderRouting:          -Platform Has Direct Stream = no 
D/RouteManager(  224): doReconsiderRouting:          -Platform TTY direction = <none> 
D/RouteManager(  224): doReconsiderRouting:          -Platform HAC Mode = Off 
D/RouteManager(  224): doReconsiderRouting:          -Platform Screen State = On 
D/RouteManager(  224): doReconsiderRouting:          -Platform Context Awareness = false 
D/RouteManager(  224): doReconsiderRouting:          -Platform Always Listening = false 
D/RouteManager(  224): doReconsiderRouting:          -Platform FM State = Off 
D/RouteManager(  224): doReconsiderRouting:          -Platform Bypass Non Linear PP State = Off 
D/RouteManager(  224): doReconsiderRouting:          -Platform Bypass Linear PP State = Off 
D/RouteManager(  224): doReconsiderRouting:          -Platform MicMute = Off 
D/RouteManager(  224): doReconsiderRouting:      Route state:
D/RouteManager(  224): doReconsiderRouting:          -Previously Enabled Route in Input = <none>
D/RouteManager(  224): doReconsiderRouting:          -Previously Enabled Route in Output = Media|HwCodecMedia
D/RouteManager(  224): doReconsiderRouting:          -Selected Route in Input = <none>
D/RouteManager(  224): doReconsiderRouting:          -Selected Route in Output = <none>
D/RouteManager(  224): doReconsiderRouting:          -Route that need reconfiguration in Input = <none>
D/RouteManager(  224): doReconsiderRouting:          -Route that need reconfiguration in Output = <none>
D/RouteManager(  224): executeMuteStage: --------------- Routing Stage = Mute ---------------
D/RouteManager(  224): parameter-framework: Selection criterion changed event: Criterion name: RoutageState, current state: Flow
D/RouteManager(  224): muteRoutes: Expected Routes to be muted in Output = Media|HwCodecMedia
D/RouteManager(  224): parameter-framework: Selection criterion changed event: Criterion name: ClosingPlaybackRoutes, current state: Media|HwCodecMedia
D/RouteManager(  224): parameter-framework: Selection criterion changed event: Criterion name: OpenedPlaybackRoutes, current state: <none>
D/RouteManager(  224): parameter-framework: Configuration application request {
D/RouteManager(  224): parameter-framework:     Applying configurations {
D/RouteManager(  224): parameter-framework:         Applying configuration "Mute" from domain "Routing.Mute.HWCodec.Playback.IHF"
D/RouteManager(  224): parameter-framework:     } Applying configurations
D/RouteManager(  224): parameter-framework: } Configuration application request
D/RouteManager(  224): executeDisableStage: --------------- Routing Stage = Disable ---------------
D/RouteManager(  224): parameter-framework: Selection criterion changed event: Criterion name: RoutageState, current state: Path
D/RouteManager(  224): prepareDisableRoutes: Routes to be disabled(unrouted) in Output = Media|HwCodecMedia
D/ALSAStreamOps(  224): detachRouteL output stream
D/RouteManager/StreamRoute(  224): closePcmDevice called for card (baytrailaudio,0)
D/RouteManager(  224): parameter-framework: Configuration application request {
D/RouteManager(  224): parameter-framework:     Applying configurations {
D/RouteManager(  224): parameter-framework:         Applying configuration "Disable" from domain "Routing.Enable.HWCodec.Playback.IHF"
D/RouteManager(  224): parameter-framework:         Applying configuration "Disable" from domain "Routing.Enable.HWCodec.Playback.Multimedia.IHF"
D/RouteManager(  224): parameter-framework:         Applying configuration "Disable" from domain "Routing.Enable.HWCodec.Playback.Multimedia.Playback"
D/RouteManager(  224): parameter-framework:     } Applying configurations
D/RouteManager(  224): parameter-framework: } Configuration application request
D/RouteManager(  224): executeConfigureStage: --------------- Routing Stage = Configure ---------------
D/RouteManager(  224): parameter-framework: Selection criterion changed event: Criterion name: RoutageState, current state: Configure
D/RouteManager(  224): parameter-framework: Selection criterion changed event: Criterion name: ClosingPlaybackRoutes, current state: <none>
D/RouteManager(  224): parameter-framework: Configuration application request {
D/RouteManager(  224): parameter-framework:     Applying configurations {
D/RouteManager(  224): parameter-framework:         Applying configuration "Deactivated" from domain "Routing.Configure.LPE_Mixer.IHF"
D/RouteManager(  224): parameter-framework:     } Applying configurations
D/RouteManager(  224): parameter-framework: } Configuration application request
D/RouteManager(  224): executeEnableStage: --------------- Routing Stage = Enable ---------------
D/RouteManager(  224): parameter-framework: Selection criterion changed event: Criterion name: RoutageState, current state: Path|Configure
D/RouteManager(  224): parameter-framework: Configuration application request {
D/RouteManager(  224): parameter-framework:     Applying configurations {
D/RouteManager(  224): parameter-framework:     } Applying configurations
D/RouteManager(  224): parameter-framework: } Configuration application request
D/RouteManager(  224): executeUnmuteStage: --------------- Routing Stage = Unmute ---------------
D/RouteManager(  224): parameter-framework: Selection criterion changed event: Criterion name: RoutageState, current state: Flow|Path|Configure
D/RouteManager(  224): parameter-framework: Configuration application request {
D/RouteManager(  224): parameter-framework:     Applying configurations {
D/RouteManager(  224): parameter-framework:     } Applying configurations
D/RouteManager(  224): parameter-framework: } Configuration application request
D/EVENT_THREAD(  224): void CEventThread::run() Do poll with timeout: -1
D/RouteManager(  224): reconsiderRouting: DONE
I/WAKELOCK_RELEASE(  591): TIMESTAMP=11026710625184, TAG=AudioMix, TYPE=PARTIAL_WAKE_LOCK             , COUNT=0, PID=224, UID=1013, FLAGS=
I/WAKELOCK_ACQUIRE(  591): TIMESTAMP=11026745975229, TAG=Ze, TYPE=PARTIAL_WAKE_LOCK             , COUNT=0, PID=12134, UID=10085, FLAGS=
I/WAKELOCK_RELEASE(  591): TIMESTAMP=11027009410517, TAG=Ze, TYPE=PARTIAL_WAKE_LOCK             , COUNT=0, PID=12134, UID=10085, FLAGS=
D/        (12106): Surface destroy: ANDROID_NATIVE_WINDOW_MAGIC
I/WAKELOCK_RELEASE(  591): TIMESTAMP=11027375757468, TAG=NetSceneInit Lock, TYPE=FULL_WAKE_LOCK                , COUNT=0, PID=12106, UID=10085, FLAGS=
D/dalvikvm(12106): GC_CONCURRENT freed 3283K, 22% free 12131K/15468K, paused 3ms+10ms, total 44ms
D/dalvikvm(12106): WAIT_FOR_CONCURRENT_GC blocked 37ms
D/InputMethodManagerService(  591): --- calledFromForegroundUserOrSystemProcess ? calling uid = 10085 system uid = 1000 calling userId = 0, foreground user id = 0, calling pid = 12106com.android.server.InputMethodManagerService.windowGainedFocus(InputMethodManagerService.java:1882)
V/InputMethodManagerService(  591): windowGainedFocus: android.os.BinderProxy@26a39018 controlFlags=#0 softInputMode=#10 windowFlags=#1810100
W/InputMethodManagerService(  591): Window already focused, ignoring focus gain of: com.android.internal.view.IInputMethodClient$Stub$Proxy@26a14c30 attribute=null, token = android.os.BinderProxy@26a794c0
I/WAKELOCK_ACQUIRE(  591): TIMESTAMP=11027443870762, TAG=Ze, TYPE=PARTIAL_WAKE_LOCK             , COUNT=0, PID=12134, UID=10085, FLAGS=
I/WAKELOCK_ACQUIRE(  591): TIMESTAMP=11027476579820, TAG=Ze, TYPE=PARTIAL_WAKE_LOCK             , COUNT=0, PID=12134, UID=10085, FLAGS=
I/WAKELOCK_RELEASE(  591): TIMESTAMP=11027550133152, TAG=Ze, TYPE=PARTIAL_WAKE_LOCK             , COUNT=0, PID=12134, UID=10085, FLAGS=
I/WifiHW  (  591): CMD: IFNAME=wlan0 SIGNAL_POLL
D/wpa_supplicant(  649): RX ctrl_iface - hexdump(len=11): 53 49 47 4e 41 4c 5f 50 4f 4c 4c
D/wpa_supplicant(  649): wlan0: Control interface command 'SIGNAL_POLL'
D/wpa_supplicant(  649): nl80211: survey data missing!
I/wpa_supplicant(  649): nl80211: send_and_recv->nl_recvmsgs failed: 20
I/WifiHW  (  591): REPLY: RSSI=-30
I/WifiHW  (  591): REPLY: LINKSPEED=135
I/WifiHW  (  591): REPLY: NOISE=9999
I/WifiHW  (  591): REPLY: FREQUENCY=2457
I/WAKELOCK_ACQUIRE(  591): TIMESTAMP=11027829461892, TAG=Ze, TYPE=PARTIAL_WAKE_LOCK             , COUNT=0, PID=12134, UID=10085, FLAGS=
I/WAKELOCK_ACQUIRE(  591): TIMESTAMP=11027908050310, TAG=Ze, TYPE=PARTIAL_WAKE_LOCK             , COUNT=0, PID=12134, UID=10085, FLAGS=
I/WAKELOCK_ACQUIRE(  591): TIMESTAMP=11027910718776, TAG=Ze, TYPE=PARTIAL_WAKE_LOCK             , COUNT=0, PID=12134, UID=10085, FLAGS=
D/AlertService(13192): Beginning updateAlertNotification
I/EsApplication(13058): Trimming memory (onTrimMemory 60)
D/AlertService(13192): No fired or scheduled alerts
D/AlertService(13192): Scheduling next alarm with AlarmScheduler. sEventReminderReceived: null
I/EsApplication(13058): Trimming memory (onTrimMemory 60)
D/AlarmScheduler(13192): No events found starting within 1 week.
I/WAKELOCK_RELEASE(  591): TIMESTAMP=11028101911494, TAG=StartingAlertService, TYPE=PARTIAL_WAKE_LOCK             , COUNT=0, PID=13192, UID=10030, FLAGS=
I/WAKELOCK_ACQUIRE(  591): TIMESTAMP=11028369295170, TAG=Ze, TYPE=PARTIAL_WAKE_LOCK             , COUNT=0, PID=12106, UID=10085, FLAGS=
I/WAKELOCK_ACQUIRE(  591): TIMESTAMP=11028375453864, TAG=Ze, TYPE=PARTIAL_WAKE_LOCK             , COUNT=0, PID=12106, UID=10085, FLAGS=
I/WAKELOCK_ACQUIRE(  591): TIMESTAMP=11028421283940, TAG=RILJ, TYPE=PARTIAL_WAKE_LOCK             , COUNT=0, PID=835, UID=1001, FLAGS=
I/WAKELOCK_RELEASE(  591): TIMESTAMP=11028449134193, TAG=Ze, TYPE=PARTIAL_WAKE_LOCK             , COUNT=0, PID=12134, UID=10085, FLAGS=
I/WAKELOCK_RELEASE(  591): TIMESTAMP=11028747529321, TAG=Ze, TYPE=PARTIAL_WAKE_LOCK             , COUNT=0, PID=12134, UID=10085, FLAGS=
D/StatusBar.NetworkController(  652): onSignalStrengthsChanged signalStrength=SignalStrength: 99 99 -120 -160 -120 0 -1 99 2147483647 2147483647 2147483647 2147483647 gsm|lte level=0
I/WAKELOCK_RELEASE(  591): TIMESTAMP=11028841068301, TAG=RILJ, TYPE=PARTIAL_WAKE_LOCK             , COUNT=0, PID=835, UID=1001, FLAGS=
I/WAKELOCK_ACQUIRE(  591): TIMESTAMP=11028851307576, TAG=Ze, TYPE=PARTIAL_WAKE_LOCK             , COUNT=0, PID=12134, UID=10085, FLAGS=
I/WAKELOCK_ACQUIRE(  591): TIMESTAMP=11028863123280, TAG=Ze, TYPE=PARTIAL_WAKE_LOCK             , COUNT=0, PID=12134, UID=10085, FLAGS=
I/WAKELOCK_ACQUIRE(  591): TIMESTAMP=11028878191948, TAG=Ze, TYPE=PARTIAL_WAKE_LOCK             , COUNT=0, PID=12134, UID=10085, FLAGS=
I/WAKELOCK_ACQUIRE(  591): TIMESTAMP=11028898234225, TAG=Ze, TYPE=PARTIAL_WAKE_LOCK             , COUNT=0, PID=12134, UID=10085, FLAGS=
I/WAKELOCK_RELEASE(  591): TIMESTAMP=11028912757204, TAG=Ze, TYPE=PARTIAL_WAKE_LOCK             , COUNT=0, PID=12134, UID=10085, FLAGS=
D/InputMethodManagerService(  591): --- calledFromForegroundUserOrSystemProcess ? calling uid = 10085 system uid = 1000 calling userId = 0, foreground user id = 0, calling pid = 12106com.android.server.InputMethodManagerService.startInput(InputMethodManagerService.java:1250)
I/WAKELOCK_ACQUIRE(  591): TIMESTAMP=11029156252347, TAG=Ze, TYPE=PARTIAL_WAKE_LOCK             , COUNT=0, PID=12134, UID=10085, FLAGS=
I/WAKELOCK_ACQUIRE(  591): TIMESTAMP=11029164446184, TAG=AlarmManager, TYPE=PARTIAL_WAKE_LOCK             , COUNT=0, PID=591, UID=1000, FLAGS=
I/WAKELOCK_RELEASE(  591): TIMESTAMP=11029164825252, TAG=AlarmManager, TYPE=PARTIAL_WAKE_LOCK             , COUNT=0, PID=591, UID=1000, FLAGS=
V/AlarmManager(  591): triggered: flg=0x4 cmp=com.android.vending/com.google.android.finsky.services.ContentSyncService
V/AlarmManager(  591): Pkg: com.android.vending
I/WAKELOCK_ACQUIRE(  591): TIMESTAMP=11029173452097, TAG=Ze, TYPE=PARTIAL_WAKE_LOCK             , COUNT=0, PID=12134, UID=10085, FLAGS=
I/WAKELOCK_ACQUIRE(  591): TIMESTAMP=11029250200828, TAG=Ze, TYPE=PARTIAL_WAKE_LOCK             , COUNT=0, PID=12134, UID=10085, FLAGS=
D/Finsky  ( 1489): [1] 5.onFinished: Installation state replication succeeded.
I/WAKELOCK_ACQUIRE(  591): TIMESTAMP=11029396520459, TAG=Ze, TYPE=PARTIAL_WAKE_LOCK             , COUNT=0, PID=12134, UID=10085, FLAGS=
I/WAKELOCK_RELEASE(  591): TIMESTAMP=11029399417394, TAG=Ze, TYPE=PARTIAL_WAKE_LOCK             , COUNT=0, PID=12106, UID=10085, FLAGS=
I/WAKELOCK_ACQUIRE(  591): TIMESTAMP=11029415801083, TAG=Ze, TYPE=PARTIAL_WAKE_LOCK             , COUNT=0, PID=12134, UID=10085, FLAGS=
I/WAKELOCK_ACQUIRE(  591): TIMESTAMP=11029530349266, TAG=Ze, TYPE=PARTIAL_WAKE_LOCK             , COUNT=0, PID=12134, UID=10085, FLAGS=
I/WAKELOCK_ACQUIRE(  591): TIMESTAMP=11029540504348, TAG=Ze, TYPE=PARTIAL_WAKE_LOCK             , COUNT=0, PID=12134, UID=10085, FLAGS=
I/WAKELOCK_ACQUIRE(  591): TIMESTAMP=11029552527617, TAG=Ze, TYPE=PARTIAL_WAKE_LOCK             , COUNT=0, PID=12134, UID=10085, FLAGS=
I/WAKELOCK_ACQUIRE(  591): TIMESTAMP=11029558306138, TAG=Ze, TYPE=PARTIAL_WAKE_LOCK             , COUNT=0, PID=12134, UID=10085, FLAGS=
I/WAKELOCK_ACQUIRE(  591): TIMESTAMP=11029565362578, TAG=Ze, TYPE=PARTIAL_WAKE_LOCK             , COUNT=0, PID=12134, UID=10085, FLAGS=
I/WAKELOCK_ACQUIRE(  591): TIMESTAMP=11029582184063, TAG=Ze, TYPE=PARTIAL_WAKE_LOCK             , COUNT=0, PID=12134, UID=10085, FLAGS=
I/WAKELOCK_ACQUIRE(  591): TIMESTAMP=11029583798149, TAG=Ze, TYPE=PARTIAL_WAKE_LOCK             , COUNT=0, PID=12134, UID=10085, FLAGS=
I/WAKELOCK_ACQUIRE(  591): TIMESTAMP=11029592472634, TAG=Ze, TYPE=PARTIAL_WAKE_LOCK             , COUNT=0, PID=12134, UID=10085, FLAGS=
I/WAKELOCK_ACQUIRE(  591): TIMESTAMP=11029600904418, TAG=Ze, TYPE=PARTIAL_WAKE_LOCK             , COUNT=0, PID=12134, UID=10085, FLAGS=
I/WAKELOCK_ACQUIRE(  591): TIMESTAMP=11029601355427, TAG=Ze, TYPE=PARTIAL_WAKE_LOCK             , COUNT=0, PID=12134, UID=10085, FLAGS=
I/WAKELOCK_ACQUIRE(  591): TIMESTAMP=11029615330737, TAG=Ze, TYPE=PARTIAL_WAKE_LOCK             , COUNT=0, PID=12134, UID=10085, FLAGS=
I/WAKELOCK_ACQUIRE(  591): TIMESTAMP=11029627001001, TAG=Ze, TYPE=PARTIAL_WAKE_LOCK             , COUNT=0, PID=12134, UID=10085, FLAGS=
I/WAKELOCK_ACQUIRE(  591): TIMESTAMP=11029644313251, TAG=Ze, TYPE=PARTIAL_WAKE_LOCK             , COUNT=0, PID=12134, UID=10085, FLAGS=
I/WAKELOCK_ACQUIRE(  591): TIMESTAMP=11029660983849, TAG=Ze, TYPE=PARTIAL_WAKE_LOCK             , COUNT=0, PID=12134, UID=10085, FLAGS=
I/WAKELOCK_ACQUIRE(  591): TIMESTAMP=11029739868246, TAG=Ze, TYPE=PARTIAL_WAKE_LOCK             , COUNT=0, PID=12134, UID=10085, FLAGS=
I/WAKELOCK_ACQUIRE(  591): TIMESTAMP=11029756232939, TAG=Ze, TYPE=PARTIAL_WAKE_LOCK             , COUNT=0, PID=12134, UID=10085, FLAGS=
D/dalvikvm(12106): GC_CONCURRENT freed 5249K, 32% free 11367K/16664K, paused 2ms+4ms, total 24ms
I/WAKELOCK_ACQUIRE(  591): TIMESTAMP=11029865180200, TAG=Ze, TYPE=PARTIAL_WAKE_LOCK             , COUNT=0, PID=12134, UID=10085, FLAGS=
I/WAKELOCK_ACQUIRE(  591): TIMESTAMP=11029897356481, TAG=Ze, TYPE=PARTIAL_WAKE_LOCK             , COUNT=0, PID=12134, UID=10085, FLAGS=
I/WAKELOCK_ACQUIRE(  591): TIMESTAMP=11029906925927, TAG=Ze, TYPE=PARTIAL_WAKE_LOCK             , COUNT=0, PID=12134, UID=10085, FLAGS=
I/WAKELOCK_ACQUIRE(  591): TIMESTAMP=11029909973618, TAG=Ze, TYPE=PARTIAL_WAKE_LOCK             , COUNT=0, PID=12134, UID=10085, FLAGS=
I/WAKELOCK_ACQUIRE(  591): TIMESTAMP=11029917351957, TAG=Ze, TYPE=PARTIAL_WAKE_LOCK             , COUNT=0, PID=12134, UID=10085, FLAGS=
I/WAKELOCK_ACQUIRE(  591): TIMESTAMP=11029918225366, TAG=Ze, TYPE=PARTIAL_WAKE_LOCK             , COUNT=0, PID=12134, UID=10085, FLAGS=
I/WAKELOCK_ACQUIRE(  591): TIMESTAMP=11029937594610, TAG=Ze, TYPE=PARTIAL_WAKE_LOCK             , COUNT=0, PID=12134, UID=10085, FLAGS=
I/WAKELOCK_ACQUIRE(  591): TIMESTAMP=11029972546110, TAG=Ze, TYPE=PARTIAL_WAKE_LOCK             , COUNT=0, PID=12134, UID=10085, FLAGS=
I/WAKELOCK_ACQUIRE(  591): TIMESTAMP=11029978150488, TAG=Ze, TYPE=PARTIAL_WAKE_LOCK             , COUNT=0, PID=12134, UID=10085, FLAGS=
I/WAKELOCK_ACQUIRE(  591): TIMESTAMP=11029993189504, TAG=Ze, TYPE=PARTIAL_WAKE_LOCK             , COUNT=0, PID=12134, UID=10085, FLAGS=
I/WAKELOCK_ACQUIRE(  591): TIMESTAMP=11029996429639, TAG=Ze, TYPE=PARTIAL_WAKE_LOCK             , COUNT=0, PID=12134, UID=10085, FLAGS=
I/WAKELOCK_ACQUIRE(  591): TIMESTAMP=11030034749363, TAG=Ze, TYPE=PARTIAL_WAKE_LOCK             , COUNT=0, PID=12134, UID=10085, FLAGS=
I/WAKELOCK_ACQUIRE(  591): TIMESTAMP=11030269527925, TAG=Ze, TYPE=PARTIAL_WAKE_LOCK             , COUNT=0, PID=12134, UID=10085, FLAGS=
I/WAKELOCK_ACQUIRE(  591): TIMESTAMP=11030347040337, TAG=Ze, TYPE=PARTIAL_WAKE_LOCK             , COUNT=0, PID=12134, UID=10085, FLAGS=
I/WAKELOCK_ACQUIRE(  591): TIMESTAMP=11030602761106, TAG=Ze, TYPE=PARTIAL_WAKE_LOCK             , COUNT=0, PID=12134, UID=10085, FLAGS=
I/WifiHW  (  591): CMD: IFNAME=wlan0 SIGNAL_POLL
D/wpa_supplicant(  649): RX ctrl_iface - hexdump(len=11): 53 49 47 4e 41 4c 5f 50 4f 4c 4c
D/wpa_supplicant(  649): wlan0: Control interface command 'SIGNAL_POLL'
D/wpa_supplicant(  649): nl80211: survey data missing!
I/wpa_supplicant(  649): nl80211: send_and_recv->nl_recvmsgs failed: 20
I/WifiHW  (  591): REPLY: RSSI=-30
I/WifiHW  (  591): REPLY: LINKSPEED=135
I/WifiHW  (  591): REPLY: NOISE=9999
I/WifiHW  (  591): REPLY: FREQUENCY=2457
I/WAKELOCK_RELEASE(  591): TIMESTAMP=11030974645834, TAG=Ze, TYPE=PARTIAL_WAKE_LOCK             , COUNT=0, PID=12134, UID=10085, FLAGS=
I/WAKELOCK_RELEASE(  591): TIMESTAMP=11030998927727, TAG=Ze, TYPE=PARTIAL_WAKE_LOCK             , COUNT=0, PID=12134, UID=10085, FLAGS=
I/WAKELOCK_RELEASE(  591): TIMESTAMP=11031997448014, TAG=Ze, TYPE=PARTIAL_WAKE_LOCK             , COUNT=0, PID=12134, UID=10085, FLAGS=
I/WAKELOCK_RELEASE(  591): TIMESTAMP=11032604610722, TAG=Ze, TYPE=PARTIAL_WAKE_LOCK             , COUNT=0, PID=12134, UID=10085, FLAGS=
I/WifiHW  (  591): CMD: IFNAME=wlan0 SIGNAL_POLL
D/wpa_supplicant(  649): RX ctrl_iface - hexdump(len=11): 53 49 47 4e 41 4c 5f 50 4f 4c 4c
D/wpa_supplicant(  649): wlan0: Control interface command 'SIGNAL_POLL'
D/wpa_supplicant(  649): nl80211: survey data missing!
I/wpa_supplicant(  649): nl80211: send_and_recv->nl_recvmsgs failed: 20
I/WifiHW  (  591): REPLY: RSSI=-30
I/WifiHW  (  591): REPLY: LINKSPEED=135
I/WifiHW  (  591): REPLY: NOISE=9999
I/WifiHW  (  591): REPLY: FREQUENCY=2457
I/WifiHW  (  591): CMD: IFNAME=wlan0 SIGNAL_POLL
D/wpa_supplicant(  649): RX ctrl_iface - hexdump(len=11): 53 49 47 4e 41 4c 5f 50 4f 4c 4c
D/wpa_supplicant(  649): wlan0: Control interface command 'SIGNAL_POLL'
D/wpa_supplicant(  649): nl80211: survey data missing!
I/wpa_supplicant(  649): nl80211: send_and_recv->nl_recvmsgs failed: 20
I/WifiHW  (  591): REPLY: RSSI=-29
I/WifiHW  (  591): REPLY: LINKSPEED=135
I/WifiHW  (  591): REPLY: NOISE=9999
I/WifiHW  (  591): REPLY: FREQUENCY=2457
I/WifiHW  (  591): CMD: IFNAME=wlan0 SIGNAL_POLL
D/wpa_supplicant(  649): RX ctrl_iface - hexdump(len=11): 53 49 47 4e 41 4c 5f 50 4f 4c 4c
D/wpa_supplicant(  649): wlan0: Control interface command 'SIGNAL_POLL'
D/wpa_supplicant(  649): nl80211: survey data missing!
I/wpa_supplicant(  649): nl80211: send_and_recv->nl_recvmsgs failed: 20
I/WifiHW  (  591): REPLY: RSSI=-29
I/WifiHW  (  591): REPLY: LINKSPEED=135
I/WifiHW  (  591): REPLY: NOISE=9999
I/WifiHW  (  591): REPLY: FREQUENCY=2457
I/WAKELOCK_ACQUIRE(  591): TIMESTAMP=11041864434533, TAG=AlarmManager, TYPE=PARTIAL_WAKE_LOCK             , COUNT=0, PID=591, UID=1000, FLAGS=
I/WAKELOCK_ACQUIRE(  591): TIMESTAMP=11041873190150, TAG=SyncManagerHandleSyncAlarm, TYPE=PARTIAL_WAKE_LOCK             , COUNT=0, PID=591, UID=1000, FLAGS=
I/WAKELOCK_ACQUIRE(  591): TIMESTAMP=11041877344182, TAG=SyncLoopWakeLock, TYPE=PARTIAL_WAKE_LOCK             , COUNT=0, PID=591, UID=1000, FLAGS=
I/WAKELOCK_RELEASE(  591): TIMESTAMP=11041883011176, TAG=AlarmManager, TYPE=PARTIAL_WAKE_LOCK             , COUNT=0, PID=591, UID=1000, FLAGS=
V/AlarmManager(  591): triggered: act=android.content.syncmanager.SYNC_ALARM flg=0x14
V/AlarmManager(  591): Pkg: android
I/WAKELOCK_RELEASE(  591): TIMESTAMP=11041888734666, TAG=SyncManagerHandleSyncAlarm, TYPE=PARTIAL_WAKE_LOCK             , COUNT=0, PID=591, UID=1000, FLAGS=
I/WAKELOCK_RELEASE(  591): TIMESTAMP=11041889209278, TAG=SyncLoopWakeLock, TYPE=PARTIAL_WAKE_LOCK             , COUNT=0, PID=591, UID=1000, FLAGS=
I/CRASHLOG(  242): [IPTRAK] check_iptrak_file: Initial value of 'need_update' 0.
I/CRASHLOG(  242): [IPTRAK] check_iptrak_file: Force update value 0.
I/CRASHLOG(  242): [IPTRAK] check_iptrak_file: 'need_update' value 0.
I/WAKELOCK_RELEASE(  591): TIMESTAMP=11042376229721, TAG=Ze, TYPE=PARTIAL_WAKE_LOCK             , COUNT=0, PID=12106, UID=10085, FLAGS=
I/WifiHW  (  591): CMD: IFNAME=wlan0 SIGNAL_POLL
D/wpa_supplicant(  649): RX ctrl_iface - hexdump(len=11): 53 49 47 4e 41 4c 5f 50 4f 4c 4c
D/wpa_supplicant(  649): wlan0: Control interface command 'SIGNAL_POLL'
D/wpa_supplicant(  649): nl80211: survey data missing!
I/wpa_supplicant(  649): nl80211: send_and_recv->nl_recvmsgs failed: 20
I/WifiHW  (  591): REPLY: RSSI=-29
I/WifiHW  (  591): REPLY: LINKSPEED=135
I/WifiHW  (  591): REPLY: NOISE=9999
I/WifiHW  (  591): REPLY: FREQUENCY=2457
I/WifiHW  (  591): CMD: IFNAME=wlan0 SIGNAL_POLL
D/wpa_supplicant(  649): RX ctrl_iface - hexdump(len=11): 53 49 47 4e 41 4c 5f 50 4f 4c 4c
D/wpa_supplicant(  649): wlan0: Control interface command 'SIGNAL_POLL'
D/wpa_supplicant(  649): nl80211: survey data missing!
I/wpa_supplicant(  649): nl80211: send_and_recv->nl_recvmsgs failed: 20
I/WifiHW  (  591): REPLY: RSSI=-29
I/WifiHW  (  591): REPLY: LINKSPEED=135
I/WifiHW  (  591): REPLY: NOISE=9999
I/WifiHW  (  591): REPLY: FREQUENCY=2457
I/WAKELOCK_ACQUIRE(  591): TIMESTAMP=11047413441109, TAG=AlarmManager, TYPE=PARTIAL_WAKE_LOCK             , COUNT=0, PID=591, UID=1000, FLAGS=
I/WAKELOCK_RELEASE(  591): TIMESTAMP=11047434897420, TAG=AlarmManager, TYPE=PARTIAL_WAKE_LOCK             , COUNT=0, PID=591, UID=1000, FLAGS=
I/WifiHW  (  591): CMD: IFNAME=wlan0 SIGNAL_POLL
D/wpa_supplicant(  649): RX ctrl_iface - hexdump(len=11): 53 49 47 4e 41 4c 5f 50 4f 4c 4c
D/wpa_supplicant(  649): wlan0: Control interface command 'SIGNAL_POLL'
D/wpa_supplicant(  649): nl80211: survey data missing!
I/wpa_supplicant(  649): nl80211: send_and_recv->nl_recvmsgs failed: 20
I/WifiHW  (  591): REPLY: RSSI=-28
I/WifiHW  (  591): REPLY: LINKSPEED=135
I/WifiHW  (  591): REPLY: NOISE=9999
I/WifiHW  (  591): REPLY: FREQUENCY=2457
I/WAKELOCK_ACQUIRE(  591): TIMESTAMP=11048865295357, TAG=RILJ, TYPE=PARTIAL_WAKE_LOCK             , COUNT=0, PID=835, UID=1001, FLAGS=
I/WAKELOCK_RELEASE(  591): TIMESTAMP=11049224686129, TAG=RILJ, TYPE=PARTIAL_WAKE_LOCK             , COUNT=0, PID=835, UID=1001, FLAGS=
D/StatusBar.NetworkController(  652): onSignalStrengthsChanged signalStrength=SignalStrength: 99 99 -120 -160 -120 0 -1 99 2147483647 2147483647 2147483647 2147483647 gsm|lte level=0
I/dalvikvm(12106): Jit: resizing JitTable from 4096 to 8192
I/WifiHW  (  591): CMD: IFNAME=wlan0 SIGNAL_POLL
D/wpa_supplicant(  649): RX ctrl_iface - hexdump(len=11): 53 49 47 4e 41 4c 5f 50 4f 4c 4c
D/wpa_supplicant(  649): wlan0: Control interface command 'SIGNAL_POLL'
D/wpa_supplicant(  649): nl80211: survey data missing!
I/wpa_supplicant(  649): nl80211: send_and_recv->nl_recvmsgs failed: 20
I/WifiHW  (  591): REPLY: RSSI=-28
I/WifiHW  (  591): REPLY: LINKSPEED=135
I/WifiHW  (  591): REPLY: NOISE=9999
I/WifiHW  (  591): REPLY: FREQUENCY=2457
D/dalvikvm(  652): GC_CONCURRENT freed 4055K, 81% free 6861K/34620K, paused 2ms+5ms, total 40ms
I/WifiHW  (  591): CMD: IFNAME=wlan0 SIGNAL_POLL
D/wpa_supplicant(  649): RX ctrl_iface - hexdump(len=11): 53 49 47 4e 41 4c 5f 50 4f 4c 4c
D/wpa_supplicant(  649): wlan0: Control interface command 'SIGNAL_POLL'
D/wpa_supplicant(  649): nl80211: survey data missing!
I/wpa_supplicant(  649): nl80211: send_and_recv->nl_recvmsgs failed: 20
I/WifiHW  (  591): REPLY: RSSI=-28
I/WifiHW  (  591): REPLY: LINKSPEED=135
I/WifiHW  (  591): REPLY: NOISE=9999
I/WifiHW  (  591): REPLY: FREQUENCY=2457
I/WifiHW  (  591): CMD: IFNAME=wlan0 SIGNAL_POLL
D/wpa_supplicant(  649): RX ctrl_iface - hexdump(len=11): 53 49 47 4e 41 4c 5f 50 4f 4c 4c
D/wpa_supplicant(  649): wlan0: Control interface command 'SIGNAL_POLL'
D/wpa_supplicant(  649): nl80211: survey data missing!
I/wpa_supplicant(  649): nl80211: send_and_recv->nl_recvmsgs failed: 20
I/WifiHW  (  591): REPLY: RSSI=-28
I/WifiHW  (  591): REPLY: LINKSPEED=135
I/WifiHW  (  591): REPLY: NOISE=9999
I/WifiHW  (  591): REPLY: FREQUENCY=2457
I/WifiHW  (  591): CMD: IFNAME=wlan0 SIGNAL_POLL
D/wpa_supplicant(  649): RX ctrl_iface - hexdump(len=11): 53 49 47 4e 41 4c 5f 50 4f 4c 4c
D/wpa_supplicant(  649): wlan0: Control interface command 'SIGNAL_POLL'
D/wpa_supplicant(  649): nl80211: survey data missing!
I/wpa_supplicant(  649): nl80211: send_and_recv->nl_recvmsgs failed: 20
I/WifiHW  (  591): REPLY: RSSI=-28
I/WifiHW  (  591): REPLY: LINKSPEED=135
I/WifiHW  (  591): REPLY: NOISE=9999
I/WifiHW  (  591): REPLY: FREQUENCY=2457
I/WifiHW  (  591): CMD: IFNAME=wlan0 SIGNAL_POLL
D/wpa_supplicant(  649): RX ctrl_iface - hexdump(len=11): 53 49 47 4e 41 4c 5f 50 4f 4c 4c
D/wpa_supplicant(  649): wlan0: Control interface command 'SIGNAL_POLL'
D/wpa_supplicant(  649): nl80211: survey data missing!
I/wpa_supplicant(  649): nl80211: send_and_recv->nl_recvmsgs failed: 20
I/WifiHW  (  591): REPLY: RSSI=-28
I/WifiHW  (  591): REPLY: LINKSPEED=135
I/WifiHW  (  591): REPLY: NOISE=9999
I/WifiHW  (  591): REPLY: FREQUENCY=2457
I/WifiHW  (  591): CMD: IFNAME=wlan0 SIGNAL_POLL
D/wpa_supplicant(  649): RX ctrl_iface - hexdump(len=11): 53 49 47 4e 41 4c 5f 50 4f 4c 4c
D/wpa_supplicant(  649): wlan0: Control interface command 'SIGNAL_POLL'
D/wpa_supplicant(  649): nl80211: survey data missing!
I/wpa_supplicant(  649): nl80211: send_and_recv->nl_recvmsgs failed: 20
I/WifiHW  (  591): REPLY: RSSI=-28
I/WifiHW  (  591): REPLY: LINKSPEED=135
I/WifiHW  (  591): REPLY: NOISE=9999
I/WifiHW  (  591): REPLY: FREQUENCY=2457
I/WAKELOCK_ACQUIRE(  591): TIMESTAMP=11069250540950, TAG=RILJ, TYPE=PARTIAL_WAKE_LOCK             , COUNT=0, PID=835, UID=1001, FLAGS=
I/WAKELOCK_RELEASE(  591): TIMESTAMP=11069654597736, TAG=RILJ, TYPE=PARTIAL_WAKE_LOCK             , COUNT=0, PID=835, UID=1001, FLAGS=
D/StatusBar.NetworkController(  652): onSignalStrengthsChanged signalStrength=SignalStrength: 99 99 -120 -160 -120 0 -1 99 2147483647 2147483647 2147483647 2147483647 gsm|lte level=0
I/WifiHW  (  591): CMD: IFNAME=wlan0 SIGNAL_POLL
D/wpa_supplicant(  649): RX ctrl_iface - hexdump(len=11): 53 49 47 4e 41 4c 5f 50 4f 4c 4c
D/wpa_supplicant(  649): wlan0: Control interface command 'SIGNAL_POLL'
D/wpa_supplicant(  649): nl80211: survey data missing!
I/wpa_supplicant(  649): nl80211: send_and_recv->nl_recvmsgs failed: 20
I/WifiHW  (  591): REPLY: RSSI=-30
I/WifiHW  (  591): REPLY: LINKSPEED=135
I/WifiHW  (  591): REPLY: NOISE=9999
I/WifiHW  (  591): REPLY: FREQUENCY=2457
I/WifiHW  (  591): CMD: IFNAME=wlan0 SIGNAL_POLL
D/wpa_supplicant(  649): RX ctrl_iface - hexdump(len=11): 53 49 47 4e 41 4c 5f 50 4f 4c 4c
D/wpa_supplicant(  649): wlan0: Control interface command 'SIGNAL_POLL'
D/wpa_supplicant(  649): nl80211: survey data missing!
I/wpa_supplicant(  649): nl80211: send_and_recv->nl_recvmsgs failed: 20
I/WifiHW  (  591): REPLY: RSSI=-31
I/WifiHW  (  591): REPLY: LINKSPEED=135
I/WifiHW  (  591): REPLY: NOISE=9999
I/WifiHW  (  591): REPLY: FREQUENCY=2457
I/WAKELOCK_ACQUIRE(  591): TIMESTAMP=11075203987101, TAG=Ze, TYPE=PARTIAL_WAKE_LOCK             , COUNT=0, PID=12134, UID=10085, FLAGS=
I/WAKELOCK_ACQUIRE(  591): TIMESTAMP=11075226784365, TAG=Ze, TYPE=PARTIAL_WAKE_LOCK             , COUNT=0, PID=12106, UID=10085, FLAGS=
D/dalvikvm(12106): GC_FOR_ALLOC freed 1274K, 31% free 11610K/16664K, paused 12ms, total 12ms
I/dalvikvm-heap(12106): Grow heap (frag case) to 11.666MB for 307216-byte allocation
D/dalvikvm(12106): GC_FOR_ALLOC freed 219K, 32% free 11691K/16968K, paused 19ms, total 19ms
I/ActivityManager(  591): START u0 {flg=0x34000000 cmp=com.tencent.mm/.plugin.voip.ui.VideoActivity (has extras)} from pid 12106
I/WAKELOCK_ACQUIRE(  591): TIMESTAMP=11075363500182, TAG=ActivityManager-Launch, TYPE=PARTIAL_WAKE_LOCK             , COUNT=0, PID=591, UID=1000, FLAGS=
D/InputMethodManagerService(  591): --- calledFromForegroundUserOrSystemProcess ? calling uid = 10085 system uid = 1000 calling userId = 0, foreground user id = 0, calling pid = 12106com.android.server.InputMethodManagerService.hideSoftInput(InputMethodManagerService.java:1815)
V/InputMethodManagerService(  591): Client requesting input be hidden
I/WAKELOCK_ACQUIRE(  591): TIMESTAMP=11075368282235, TAG=Ze, TYPE=PARTIAL_WAKE_LOCK             , COUNT=0, PID=12134, UID=10085, FLAGS=
I/WAKELOCK_ACQUIRE(  591): TIMESTAMP=11075395602447, TAG=Ze, TYPE=PARTIAL_WAKE_LOCK             , COUNT=0, PID=12134, UID=10085, FLAGS=
I/WAKELOCK_ACQUIRE(  591): TIMESTAMP=11075401582977, TAG=AlarmManager, TYPE=PARTIAL_WAKE_LOCK             , COUNT=0, PID=591, UID=1000, FLAGS=
I/WAKELOCK_ACQUIRE(  591): TIMESTAMP=11075402365942, TAG=NlpWakeLock, TYPE=PARTIAL_WAKE_LOCK             , COUNT=0, PID=3031, UID=10009, FLAGS=
I/WAKELOCK_RELEASE(  591): TIMESTAMP=11075406511118, TAG=AlarmManager, TYPE=PARTIAL_WAKE_LOCK             , COUNT=0, PID=591, UID=1000, FLAGS=
V/AlarmManager(  591): triggered: act=com.google.android.gms.nlp.ALARM_WAKEUP_LOCATOR flg=0x14
V/AlarmManager(  591): Pkg: com.google.android.gms
I/WifiHW  (  591): CMD: IFNAME=wlan0 SCAN TYPE=ONLY
D/wpa_supplicant(  649): RX ctrl_iface - hexdump(len=14): 53 43 41 4e 20 54 59 50 45 3d 4f 4e 4c 59
D/wpa_supplicant(  649): wlan0: Control interface command 'SCAN TYPE=ONLY'
I/WAKELOCK_ACQUIRE(  591): TIMESTAMP=11075414149642, TAG=NlpWakeLock, TYPE=PARTIAL_WAKE_LOCK             , COUNT=0, PID=3031, UID=10009, FLAGS=
D/wpa_supplicant(  649): wlan0: Setting scan request: 0 sec 0 usec
I/WifiHW  (  591): REPLY: OK
I/WAKELOCK_RELEASE(  591): TIMESTAMP=11075441783787, TAG=NlpWakeLock, TYPE=PARTIAL_WAKE_LOCK             , COUNT=0, PID=3031, UID=10009, FLAGS=
D/wpa_supplicant(  649): wlan0: Starting AP scan for wildcard SSID
D/wpa_supplicant(  649): WPS: Building WPS IE for Probe Request
D/wpa_supplicant(  649): WPS:  * Version (hardcoded 0x10)
D/wpa_supplicant(  649): WPS:  * Request Type
D/wpa_supplicant(  649): WPS:  * Config Methods (4288)
D/wpa_supplicant(  649): WPS:  * UUID-E
D/wpa_supplicant(  649): WPS:  * Primary Device Type
D/wpa_supplicant(  649): WPS:  * RF Bands (3)
D/wpa_supplicant(  649): WPS:  * Association State
D/wpa_supplicant(  649): WPS:  * Configuration Error (0)
D/wpa_supplicant(  649): WPS:  * Device Password ID (0)
D/wpa_supplicant(  649): WPS:  * Manufacturer
D/wpa_supplicant(  649): WPS:  * Model Name
D/wpa_supplicant(  649): WPS:  * Model Number
D/wpa_supplicant(  649): WPS:  * Device Name
D/wpa_supplicant(  649): WPS:  * Version2 (0x20)
D/wpa_supplicant(  649): P2P: * P2P IE header
D/wpa_supplicant(  649): P2P: * Capability dev=21 group=00
D/wpa_supplicant(  649): P2P: * Listen Channel: Regulatory Class 81 Channel 6
D/wpa_supplicant(  649): wlan0: nl80211: scan request
D/wpa_supplicant(  649): nl80211: Scan SSID - hexdump(len=0): [NULL]
D/wpa_supplicant(  649): nl80211: Scan extra IEs - hexdump(len=182): 7f 04 00 00 00 80 6b 01 0f dd 91 00 50 f2 04 10 4a 00 01 10 10 3a 00 01 00 10 08 00 02 42 88 10 ...
D/wpa_supplicant(  649): Scan requested (ret=0) - scan timeout 30 seconds
D/wpa_supplicant(  649): nl80211: Event message available
D/wpa_supplicant(  649): nl80211: Drv Event 33 (NL80211_CMD_TRIGGER_SCAN) received for wlan0
D/wpa_supplicant(  649): wlan0: nl80211: Scan trigger
I/wpa_supplicant(  649): nl80211: wpa_driver_nl80211_event_receive->nl_recvmsgs failed: -11
I/MediaFocusControl(  591):  AudioFocus  requestAudioFocus() from android.media.AudioManager@267c6b70com.tencent.mm.compatible.g.f@26832e30
D/Camera_HAL(  224): ATOM_GetCameraInfo
D/Camera_HAL(  224): ATOM_GetCameraInfo
D/Camera_HAL(  224): ATOM_GetCameraInfo
D/Camera_HAL(  224): ATOM_GetCameraInfo
I/AwesomePlayer(  224): setDataSource_l(URL suppressed)
D/EVENT_THREAD(  224): void CEventThread::run() POLLIN event on Fd (1)
D/EVENT_THREAD(  224): void CEventThread::run() Do poll with timeout: -1
D/EVENT_THREAD(  224): void CEventThread::run() POLLIN event on Fd (1)
D/EVENT_THREAD(  224): void CEventThread::run() Do poll with timeout: -1
D/EVENT_THREAD(  224): void CEventThread::run() POLLIN event on Fd (1)
D/EVENT_THREAD(  224): void CEventThread::run() Do poll with timeout: -1
I/cip_VorbisDec(  224): UMC Decoder plugin created, Media Codecs version: 1.0.2098
D/EVENT_THREAD(  224): void CEventThread::run() POLLIN event on Fd (1)
D/EVENT_THREAD(  224): void CEventThread::run() Do poll with timeout: -1
I/AwesomePlayer(  224): setDataSource_l(URL suppressed)
D/EVENT_THREAD(  224): void CEventThread::run() POLLIN event on Fd (1)
D/EVENT_THREAD(  224): void CEventThread::run() Do poll with timeout: -1
I/cip_VorbisDec(  224): UMC Decoder plugin created, Media Codecs version: 1.0.2098
I/AudioPolicyManagerBase(  224): APM: getOutput
I/AudioPolicyManagerBase(  224): APM: getOutput
I/AudioPolicyManagerBase(  224): APM: getOutput
I/CameraClient(  224): Opening camera 1
D/Camera_HAL(  224): ATOM_OpenCameraHardware
D/Camera_LogHelper(  224): Control level is 0
D/Camera_Conf(  224): cpf config file name: /etc/atomisp/01gc0339.cpf
D/Camera_Conf(  224): cpf sysfs file name: /sys/class/i2c-dev/i2c-2/device/2-0021/sensordata
D/Camera_Conf(  224): Opening CPF file "/etc/atomisp/01gc0339.cpf"
D/EVENT_THREAD(  224): void CEventThread::run() POLLIN event on Fd (1)
D/EVENT_THREAD(  224): void CEventThread::run() Do poll with timeout: -1
D/Camera_Conf(  224): CPF file not validated yet, validating...
D/Camera_Conf(  224): CPF AIQ record found!
D/Camera_Conf(  224): CPF DRV record found!
D/Camera_Conf(  224): CPF HAL record found!
D/Camera_Conf(  224): Writing 32 bytes to sysfs file "/sys/class/i2c-dev/i2c-2/device/2-0021/sensordata"
E/Camera_Conf(  224): ERROR in opening sysfs write file "/sys/class/i2c-dev/i2c-2/device/2-0021/sensordata": No such file or directory!
D/EVENT_THREAD(  224): void CEventThread::run() POLLIN event on Fd (1)
D/EVENT_THREAD(  224): void CEventThread::run() Do poll with timeout: -1
D/EVENT_THREAD(  224): void CEventThread::run() POLLIN event on Fd (1)
D/EVENT_THREAD(  224): void CEventThread::run() Do poll with timeout: -1
W/Camera_V4L2DevBase(  224): xioctl: Request 0xc01076f2 failed: Invalid argument
D/Camera_SensorHW(  224): Failed to get OTP size. Error: -1
W/Camera_V4L2DevBase(  224): xioctl: Request 0xc01076f9 failed: Invalid argument
D/Camera_SensorHW(  224): Failed to get motor private data size. Error: -1
D/        (  224): IA AIQ VERSION v2.0_002.002
D/EVENT_THREAD(  224): void CEventThread::run() POLLIN event on Fd (1)
D/EVENT_THREAD(  224): void CEventThread::run() Do poll with timeout: -1
D/        (  224): IA ISP 2.2 VERSION v2.0_002.002
D/EVENT_THREAD(  224): void CEventThread::run() POLLIN event on Fd (1)
D/EVENT_THREAD(  224): void CEventThread::run() Do poll with timeout: -1
D/EVENT_THREAD(  224): void CEventThread::run() POLLIN event on Fd (1)
D/EVENT_THREAD(  224): void CEventThread::run() Do poll with timeout: -1
E/Camera_Conf(  224): ERROR -2147483647 in getFloat, for tag 106 of type 0x02000000!
E/Camera_Conf(  224): ERROR -2147483647 in getFloat, for tag 106 of type 0x02000000!
W/Camera_ValidateParameters(  224): WARNING: The Size 0x0 is not fully supported. Some issues might occur!
D/Camera_ControlThread(  224): Application doesn't set picture size, hal chooses 320x240 to match preview size
E/Camera_Conf(  224): ERROR -2147483647 in getFloat, for tag 106 of type 0x02000000!
E/Camera_Conf(  224): ERROR -2147483647 in getFloat, for tag 106 of type 0x02000000!
I/Camera_ControlThread(  224): DEPRECATED: Got new preview frame rate: 30
D/Camera_ControlThread(  224): exposure compensation to "0" (0), ev value 0.000000, res 0
E/Camera_Conf(  224): ERROR -2147483647 in getBool, for tag 102 of type 0x08000000!
D/Camera_HAL(  224): atom_set_callbacks
D/EVENT_THREAD(  224): void CEventThread::run() POLLIN event on Fd (1)
D/EVENT_THREAD(  224): void CEventThread::run() Do poll with timeout: -1
D/Camera_HAL(  224): atom_get_parameters
D/Camera_HAL(  224): atom_put_parameters
D/Camera_HAL(  224): atom_get_parameters
D/Camera_HAL(  224): atom_put_parameters
D/Camera_HAL(  224): atom_get_parameters
D/Camera_HAL(  224): atom_put_parameters
D/Camera_HAL(  224): atom_get_parameters
D/Camera_HAL(  224): atom_put_parameters
D/Camera_HAL(  224): atom_set_parameters
I/Camera_ControlThread(  224): DEPRECATED: Got new preview frame rate: 15
E/Camera_Conf(  224): ERROR -2147483647 in getBool, for tag 102 of type 0x08000000!
D/Camera_HAL(  224): atom_get_parameters
D/Camera_HAL(  224): atom_put_parameters
D/Camera_HAL(  224): atom_get_parameters
D/Camera_HAL(  224): atom_put_parameters
D/EVENT_THREAD(  224): void CEventThread::run() POLLIN event on Fd (1)
D/EVENT_THREAD(  224): void CEventThread::run() Do poll with timeout: -1
D/Camera_HAL(  224): atom_set_parameters
E/Camera_Conf(  224): ERROR -2147483647 in getBool, for tag 102 of type 0x08000000!
D/Camera_HAL(  224): atom_get_parameters
D/Camera_HAL(  224): atom_put_parameters
D/Camera_HAL(  224): atom_get_parameters
D/Camera_HAL(  224): atom_put_parameters
D/dalvikvm(12106): Trying to load lib /data/app-lib/com.tencent.mm-1/libmm_gl_disp.so 0x4cf61b40
D/dalvikvm(12106): Added shared lib /data/app-lib/com.tencent.mm-1/libmm_gl_disp.so 0x4cf61b40
D/dalvikvm(12106): No JNI_OnLoad found in /data/app-lib/com.tencent.mm-1/libmm_gl_disp.so 0x4cf61b40, skipping init
D/EVENT_THREAD(  224): void CEventThread::run() POLLIN event on Fd (1)
D/EVENT_THREAD(  224): void CEventThread::run() Do poll with timeout: -1
D/EVENT_THREAD(  224): void CEventThread::run() POLLIN event on Fd (1)
D/EVENT_THREAD(  224): void CEventThread::run() Do poll with timeout: -1
I/WAKELOCK_ACQUIRE(  591): TIMESTAMP=11075863947007, TAG=AudioMix, TYPE=PARTIAL_WAKE_LOCK             , COUNT=0, PID=224, UID=1013, FLAGS=
I/WAKELOCK_ACQUIRE(  591): TIMESTAMP=11075864442367, TAG=AudioMix, TYPE=PARTIAL_WAKE_LOCK             , COUNT=0, PID=224, UID=1013, FLAGS=
D/EVENT_THREAD(  224): void CEventThread::run() POLLIN event on Fd (1)
D/EVENT_THREAD(  224): void CEventThread::run() Do poll with timeout: -1
D/EVENT_THREAD(  224): void CEventThread::run() POLLIN event on Fd (1)
D/EVENT_THREAD(  224): void CEventThread::run() Do poll with timeout: -1
I/WifiHW  (  591): CMD: IFNAME=wlan0 SIGNAL_POLL
D/wpa_supplicant(  649): RX ctrl_iface - hexdump(len=11): 53 49 47 4e 41 4c 5f 50 4f 4c 4c
I/SoftOMXPlugin(  224): Created OMXPlugin : OMX.Intel.mp3.decoder
D/wpa_supplicant(  649): wlan0: Control interface command 'SIGNAL_POLL'
D/wpa_supplicant(  649): nl80211: survey data missing!
I/wpa_supplicant(  649): nl80211: send_and_recv->nl_recvmsgs failed: 20
I/WifiHW  (  591): REPLY: RSSI=-30
I/WifiHW  (  591): REPLY: LINKSPEED=135
I/WifiHW  (  591): REPLY: NOISE=9999
I/WifiHW  (  591): REPLY: FREQUENCY=2457
D/EVENT_THREAD(  224): void CEventThread::run() POLLIN event on Fd (1)
D/EVENT_THREAD(  224): void CEventThread::run() Do poll with timeout: -1
I/AudioPolicyManagerBase(  224): APM: getOutput
I/AudioPolicyManagerBase(  224): APM: getOutput
I/AudioPolicyManagerBase(  224): APM: getOutput
I/AudioPolicyManagerBase(  224): APM: getOutput
D/AudioPolicyManagerALSA(  224): startOutput() output 2, stream type 2, session 404
D/AudioHardwareALSA(  224): setStreamParameters: key value pair routing=2;stream_flags=2
D/RouteManager(  224): setOutputFlags: output flags = 0x2 (Prev Flags=0x2)
D/RouteManager(  224): setDevices: 0x2
D/RouteManager(  224): setDevices: 0x2
D/RouteManager(  224): setDevices: set device = IHF to output stream
D/RouteManager(  224): setStreamParameters: identical Platform State, do not reconsider routing
D/EVENT_THREAD(  224): void CEventThread::run() POLLIN event on Fd (1)
D/EVENT_THREAD(  224): void CEventThread::run() Do poll with timeout: -1
D/AudioResamplerIA(  224): Create AudioResamplerIA Resampler: Input rate 44100, output rate 48000
D/PROPERTY(  224): get media.dump_output.befconv: 0
D/PROPERTY(  224): get media.dump_output.aftconv: 0
D/RouteManager(  224): startStream: {+++ RECONSIDER ROUTING +++} due to output stream start event
D/RouteManager(  224): reconsiderRouting
D/EVENT_THREAD(  224): void CEventThread::trig(uint16_t): in
D/EVENT_THREAD(  224): void CEventThread::trig(uint16_t): out
D/RouteManager(  224): doReconsiderRouting:       Platform State:
D/RouteManager(  224): doReconsiderRouting:          -Modem Alive = 1 
D/RouteManager(  224): doReconsiderRouting:          -Modem Call Active = 0 
D/RouteManager(  224): doReconsiderRouting:          -Is Shared I2S glitch free=1 
D/RouteManager(  224): doReconsiderRouting:          -Android Telephony Mode = Normal 
D/RouteManager(  224): doReconsiderRouting:          -RTE MGR HW Mode = Normal 
D/RouteManager(  224): doReconsiderRouting:          -BT Enabled = 0 
D/RouteManager(  224): doReconsiderRouting:          -BT NREC = 0 
D/RouteManager(  224): doReconsiderRouting:          -BT Band = NB 
D/RouteManager(  224): doReconsiderRouting:          -Platform output device = IHF 
D/RouteManager(  224): doReconsiderRouting:          -Platform input device = <none> 
D/RouteManager(  224): doReconsiderRouting:          -Platform input source = None 
D/RouteManager(  224): doReconsiderRouting:          -Platform Band type = NB 
D/RouteManager(  224): doReconsiderRouting:          -Platform Has Direct Stream = no 
D/RouteManager(  224): doReconsiderRouting:          -Platform TTY direction = <none> 
D/RouteManager(  224): doReconsiderRouting:          -Platform HAC Mode = Off 
D/RouteManager(  224): doReconsiderRouting:          -Platform Screen State = On 
D/RouteManager(  224): doReconsiderRouting:          -Platform Context Awareness = false 
D/RouteManager(  224): doReconsiderRouting:          -Platform Always Listening = false 
D/RouteManager(  224): doReconsiderRouting:          -Platform FM State = Off 
D/RouteManager(  224): doReconsiderRouting:          -Platform Bypass Non Linear PP State = Off 
D/RouteManager(  224): doReconsiderRouting:          -Platform Bypass Linear PP State = Off 
D/RouteManager(  224): doReconsiderRouting:          -Platform MicMute = Off 
D/RouteManager(  224): doReconsiderRouting:      Route state:
D/RouteManager(  224): doReconsiderRouting:          -Previously Enabled Route in Input = <none>
D/RouteManager(  224): doReconsiderRouting:          -Previously Enabled Route in Output = <none>
D/RouteManager(  224): doReconsiderRouting:          -Selected Route in Input = <none>
D/RouteManager(  224): doReconsiderRouting:          -Selected Route in Output = Media|HwCodecMedia
D/RouteManager(  224): doReconsiderRouting:          -Route that need reconfiguration in Input = <none>
D/RouteManager(  224): doReconsiderRouting:          -Route that need reconfiguration in Output = <none>
D/RouteManager(  224): executeMuteStage: --------------- Routing Stage = Mute ---------------
D/RouteManager(  224): parameter-framework: Selection criterion changed event: Criterion name: RoutageState, current state: Flow
D/RouteManager(  224): parameter-framework: Configuration application request {
D/RouteManager(  224): parameter-framework:     Applying configurations {
D/RouteManager(  224): parameter-framework:     } Applying configurations
D/RouteManager(  224): parameter-framework: } Configuration application request
D/RouteManager(  224): executeDisableStage: --------------- Routing Stage = Disable ---------------
D/RouteManager(  224): parameter-framework: Selection criterion changed event: Criterion name: RoutageState, current state: Path
D/RouteManager(  224): parameter-framework: Configuration application request {
D/RouteManager(  224): parameter-framework:     Applying configurations {
D/RouteManager(  224): parameter-framework:     } Applying configurations
D/RouteManager(  224): parameter-framework: } Configuration application request
D/RouteManager(  224): executeConfigureStage: --------------- Routing Stage = Configure ---------------
D/RouteManager(  224): parameter-framework: Selection criterion changed event: Criterion name: RoutageState, current state: Configure
D/RouteManager(  224): parameter-framework: Selection criterion changed event: Criterion name: OpenedPlaybackRoutes, current state: Media|HwCodecMedia
D/RouteManager(  224): parameter-framework: Configuration application request {
D/RouteManager(  224): parameter-framework:     Applying configurations {
D/RouteManager(  224): parameter-framework:         Applying configuration "Activated" from domain "Routing.Configure.LPE_Mixer.IHF"
D/BluetoothAdapter(12106): 646982720: getState() :  mService = null. Returning STATE_OFF
D/BluetoothAdapter(12106): 646982720: getState() :  mService = null. Returning STATE_OFF
D/RouteManager(  224): parameter-framework:     } Applying configurations
D/RouteManager(  224): parameter-framework: } Configuration application request
D/RouteManager(  224): executeEnableStage: --------------- Routing Stage = Enable ---------------
D/RouteManager(  224): parameter-framework: Selection criterion changed event: Criterion name: RoutageState, current state: Path|Configure
D/RouteManager(  224): doEnableRoutes: Routes to be enabled(routed) in Output = Media|HwCodecMedia
D/RouteManager(  224): parameter-framework: Configuration application request {
D/RouteManager(  224): parameter-framework:     Applying configurations {
D/RouteManager(  224): parameter-framework:         Applying configuration "Enable" from domain "Routing.Enable.HWCodec.Playback.IHF"
D/RouteManager(  224): parameter-framework:         Applying configuration "Enable" from domain "Routing.Enable.HWCodec.Playback.Multimedia.IHF"
D/RouteManager(  224): parameter-framework:         Applying configuration "Enable" from domain "Routing.Enable.HWCodec.Playback.Multimedia.Playback"
D/RouteManager(  224): parameter-framework:     } Applying configurations
D/RouteManager(  224): parameter-framework: } Configuration application request
D/RouteManager(  224): doEnableRoutes: Routes to be enabled(routed) in Output = Media|HwCodecMedia
D/RouteManager/StreamRoute(  224): openPcmDevice called for card (baytrailaudio,0)
D/RouteManager/StreamRoute(  224): openPcmDevice		 config=rate(48000), format(0), channels(2))
D/RouteManager/StreamRoute(  224): openPcmDevice		 period_size=1152, period_count=4
D/RouteManager/StreamRoute(  224): openPcmDevice		 startTh=4607, stop Th=4608 silence Th=0
E/MediaPlayer(12106): Should have subtitle controller already set
D/        (12106): Pixel Format : GGL_PIXEL_FORMAT_RGBA_8888
I/WAKELOCK_ACQUIRE(  591): TIMESTAMP=11075998951958, TAG=WindowManager, TYPE=SCREEN_BRIGHT_WAKE_LOCK       , COUNT=0, PID=591, UID=1000, FLAGS= ON_AFTER_RELEASE
D/Camera_HAL(  224): atom_preview_enabled
D/Camera_HAL(  224): atom_preview_enabled
