D/Camera_HAL(  224): atom_set_preview_window preview_window = 0xf97e4990
D/Camera_HAL(  224): atom_start_preview
D/ALSAStreamOps(  224): attachRouteL output stream
D/AudioConversion(  224): configure: no convertion required
D/RouteManager(  224): executeUnmuteStage: --------------- Routing Stage = Unmute ---------------
D/RouteManager(  224): parameter-framework: Selection criterion changed event: Criterion name: RoutageState, current state: Flow|Path|Configure
D/RouteManager(  224): parameter-framework: Configuration application request {
D/RouteManager(  224): parameter-framework:     Applying configurations {
D/RouteManager(  224): parameter-framework:         Applying configuration "Unmute" from domain "Routing.Mute.HWCodec.Playback.IHF"
D/RouteManager(  224): parameter-framework:     } Applying configurations
D/RouteManager(  224): parameter-framework: } Configuration application request
D/EVENT_THREAD(  224): void CEventThread::run() Do poll with timeout: -1
D/RouteManager(  224): reconsiderRouting: DONE
D/EVENT_THREAD(  224): void CEventThread::run() POLLIN event on Fd (1)
D/EVENT_THREAD(  224): void CEventThread::run() Do poll with timeout: -1
D/EVENT_THREAD(  224): void CEventThread::run() POLLIN event on Fd (1)
D/EVENT_THREAD(  224): void CEventThread::run() Do poll with timeout: -1
D/EVENT_THREAD(  224): void CEventThread::run() POLLIN event on Fd (1)
D/EVENT_THREAD(  224): void CEventThread::run() Do poll with timeout: -1
D/EVENT_THREAD(  224): void CEventThread::run() POLLIN event on Fd (1)
D/EVENT_THREAD(  224): void CEventThread::run() Do poll with timeout: -1
D/EVENT_THREAD(  224): void CEventThread::run() POLLIN event on Fd (1)
D/EVENT_THREAD(  224): void CEventThread::run() Do poll with timeout: -1
D/EVENT_THREAD(  224): void CEventThread::run() POLLIN event on Fd (1)
D/EVENT_THREAD(  224): void CEventThread::run() Do poll with timeout: -1
E/AudioSink(  224): received unknown event type: 1 inside CallbackWrapper !
D/EVENT_THREAD(  224): void CEventThread::run() POLLIN event on Fd (1)
D/EVENT_THREAD(  224): void CEventThread::run() Do poll with timeout: -1
D/EVENT_THREAD(  224): void CEventThread::run() POLLIN event on Fd (1)
D/EVENT_THREAD(  224): void CEventThread::run() Do poll with timeout: -1
D/EVENT_THREAD(  224): void CEventThread::run() POLLIN event on Fd (1)
D/EVENT_THREAD(  224): void CEventThread::run() Do poll with timeout: -1
D/EVENT_THREAD(  224): void CEventThread::run() POLLIN event on Fd (1)
D/EVENT_THREAD(  224): void CEventThread::run() Do poll with timeout: -1
D/EVENT_THREAD(  224): void CEventThread::run() POLLIN event on Fd (1)
D/EVENT_THREAD(  224): void CEventThread::run() Do poll with timeout: -1
E/BitmapFactory(12106): Unable to decode stream: java.io.FileNotFoundException: /storage/emulated/0/tencent/MicroMsg/c2669e107c90db3af6cf6b4fa4f93a81/avatar/d3/69/user_hd_d3696f2cbb43195ffa3408dc0067c608.png: open failed: ENOENT (No such file or directory)
E/BitmapFactory(12106): Unable to decode stream: java.io.FileNotFoundException: /storage/emulated/0/tencent/MicroMsg/c2669e107c90db3af6cf6b4fa4f93a81/avatar/d3/69/user_hd_d3696f2cbb43195ffa3408dc0067c608.png: open failed: ENOENT (No such file or directory)
D/EVENT_THREAD(  224): void CEventThread::run() POLLIN event on Fd (1)
D/EVENT_THREAD(  224): void CEventThread::run() Do poll with timeout: -1
D/EVENT_THREAD(  224): void CEventThread::run() POLLIN event on Fd (1)
D/EVENT_THREAD(  224): void CEventThread::run() Do poll with timeout: -1
D/EVENT_THREAD(  224): void CEventThread::run() POLLIN event on Fd (1)
D/EVENT_THREAD(  224): void CEventThread::run() Do poll with timeout: -1
D/EVENT_THREAD(  224): void CEventThread::run() POLLIN event on Fd (1)
D/EVENT_THREAD(  224): void CEventThread::run() Do poll with timeout: -1
D/EVENT_THREAD(  224): void CEventThread::run() POLLIN event on Fd (1)
D/EVENT_THREAD(  224): void CEventThread::run() Do poll with timeout: -1
I/WAKELOCK_ACQUIRE(  591): TIMESTAMP=11076182739876, TAG=Ze, TYPE=PARTIAL_WAKE_LOCK             , COUNT=0, PID=12134, UID=10085, FLAGS=
D/EVENT_THREAD(  224): void CEventThread::run() POLLIN event on Fd (1)
D/EVENT_THREAD(  224): void CEventThread::run() Do poll with timeout: -1
I/WAKELOCK_RELEASE(  591): TIMESTAMP=11076206455405, TAG=Ze, TYPE=PARTIAL_WAKE_LOCK             , COUNT=0, PID=12134, UID=10085, FLAGS=
I/WAKELOCK_ACQUIRE(  591): TIMESTAMP=11076213060344, TAG=Ze, TYPE=PARTIAL_WAKE_LOCK             , COUNT=0, PID=12134, UID=10085, FLAGS=
D/EVENT_THREAD(  224): void CEventThread::run() POLLIN event on Fd (1)
D/EVENT_THREAD(  224): void CEventThread::run() Do poll with timeout: -1
D/EVENT_THREAD(  224): void CEventThread::run() POLLIN event on Fd (1)
D/EVENT_THREAD(  224): void CEventThread::run() Do poll with timeout: -1
I/ActivityManager(  591): Process com.google.android.apps.plus (pid 13058) has died.
W/Camera_PictureThread(  224): HW Encoder cannot use pre-allocate buffers
D/Camera_PictureThread(  224): allocating postview 1
D/Camera_PictureThread(  224): postview dataPtr 0xef4ff000
D/EVENT_THREAD(  224): void CEventThread::run() POLLIN event on Fd (1)
D/EVENT_THREAD(  224): void CEventThread::run() Do poll with timeout: -1
D/        (  215): droid_create_image_android_native_buffer HAL_PIXEL_FORMAT_YCbCr_422_I for native name=20
D/EVENT_THREAD(  224): void CEventThread::run() POLLIN event on Fd (1)
D/EVENT_THREAD(  224): void CEventThread::run() Do poll with timeout: -1
E/BitmapFactory(12106): Unable to decode stream: java.io.FileNotFoundException: /storage/emulated/0/tencent/MicroMsg/c2669e107c90db3af6cf6b4fa4f93a81/avatar/d3/69/user_hd_d3696f2cbb43195ffa3408dc0067c608.png: open failed: ENOENT (No such file or directory)
E/BitmapFactory(12106): Unable to decode stream: java.io.FileNotFoundException: /storage/emulated/0/tencent/MicroMsg/c2669e107c90db3af6cf6b4fa4f93a81/avatar/d3/69/user_hd_d3696f2cbb43195ffa3408dc0067c608.png: open failed: ENOENT (No such file or directory)
I/SecurityManagerService(  668): SMS received security event: App[STOP/com.google.android.apps.plus]
I/ActivityManager(  591): Displayed com.tencent.mm/.plugin.voip.ui.VideoActivity: +901ms
I/WAKELOCK_ACQUIRE(  591): TIMESTAMP=11076276456865, TAG=Ze, TYPE=PARTIAL_WAKE_LOCK             , COUNT=0, PID=12134, UID=10085, FLAGS=
D/EVENT_THREAD(  224): void CEventThread::run() POLLIN event on Fd (1)
D/EVENT_THREAD(  224): void CEventThread::run() Do poll with timeout: -1
D/EVENT_THREAD(  224): void CEventThread::run() POLLIN event on Fd (1)
D/EVENT_THREAD(  224): void CEventThread::run() Do poll with timeout: -1
D/EVENT_THREAD(  224): void CEventThread::run() POLLIN event on Fd (1)
D/EVENT_THREAD(  224): void CEventThread::run() Do poll with timeout: -1
I/WAKELOCK_ACQUIRE(  591): TIMESTAMP=11076320064886, TAG=Ze, TYPE=PARTIAL_WAKE_LOCK             , COUNT=0, PID=12134, UID=10085, FLAGS=
D/EVENT_THREAD(  224): void CEventThread::run() POLLIN event on Fd (1)
D/EVENT_THREAD(  224): void CEventThread::run() Do poll with timeout: -1
D/        (12106): Surface destroy: ANDROID_NATIVE_WINDOW_MAGIC
D/EVENT_THREAD(  224): void CEventThread::run() POLLIN event on Fd (1)
D/EVENT_THREAD(  224): void CEventThread::run() Do poll with timeout: -1
D/        (  215): droid_create_image_android_native_buffer HAL_PIXEL_FORMAT_YCbCr_422_I for native name=22
D/EVENT_THREAD(  224): void CEventThread::run() POLLIN event on Fd (1)
D/EVENT_THREAD(  224): void CEventThread::run() Do poll with timeout: -1
I/WAKELOCK_RELEASE(  591): TIMESTAMP=11076359858967, TAG=ActivityManager-Launch, TYPE=PARTIAL_WAKE_LOCK             , COUNT=0, PID=591, UID=1000, FLAGS=
D/EVENT_THREAD(  224): void CEventThread::run() POLLIN event on Fd (1)
D/EVENT_THREAD(  224): void CEventThread::run() Do poll with timeout: -1
D/EVENT_THREAD(  224): void CEventThread::run() POLLIN event on Fd (1)
D/EVENT_THREAD(  224): void CEventThread::run() Do poll with timeout: -1
I/WAKELOCK_ACQUIRE(  591): TIMESTAMP=11076398407171, TAG=Ze, TYPE=PARTIAL_WAKE_LOCK             , COUNT=0, PID=12134, UID=10085, FLAGS=
D/        (  215): droid_create_image_android_native_buffer HAL_PIXEL_FORMAT_YCbCr_422_I for native name=18
D/        (  215): droid_create_image_android_native_buffer HAL_PIXEL_FORMAT_YCbCr_422_I for native name=21
D/        (  215): droid_create_image_android_native_buffer HAL_PIXEL_FORMAT_YCbCr_422_I for native name=23
D/        (  215): droid_create_image_android_native_buffer HAL_PIXEL_FORMAT_YCbCr_422_I for native name=19
D/wpa_supplicant(  649): nl80211: Event message available
D/wpa_supplicant(  649): nl80211: Drv Event 34 (NL80211_CMD_NEW_SCAN_RESULTS) received for wlan0
D/wpa_supplicant(  649): wlan0: nl80211: New scan results available
D/wpa_supplicant(  649): wlan0: Event SCAN_RESULTS (3) received
D/wpa_supplicant(  649): nl80211: Associated on 2457 MHz
D/wpa_supplicant(  649): nl80211: Associated with 98:fc:11:8b:81:24
I/wpa_supplicant(  649): nl80211: send_and_recv->nl_recvmsgs failed: 20
D/wpa_supplicant(  649): nl80211: Received scan results (16 BSSes)
D/wpa_supplicant(  649): nl80211: Survey data missing
I/wpa_supplicant(  649): nl80211: send_and_recv->nl_recvmsgs failed: 20
D/wpa_supplicant(  649): nl80211: Scan results indicate BSS status with 98:fc:11:8b:81:24 as associated
D/wpa_supplicant(  649): Sorted scan results
D/wpa_supplicant(  649): 98:fc:11:8b:81:24 freq=2457 qual=0 noise=0 level=-30 flags=0x2b age=0
D/wpa_supplicant(  649): IEs - hexdump(len=343): 00 15 73 68 7a 32 34 66 2d 75 6d 67 2d 61 70 30 32 2d 52 61 63 65 72 01 08 82 84 8b 96 24 30 48 ...
D/wpa_supplicant(  649): 0c:72:2c:50:95:de freq=2412 qual=0 noise=0 level=-46 flags=0xb age=0
D/wpa_supplicant(  649): IEs - hexdump(len=360): 00 08 54 50 4c 49 4e 4b 2d 31 01 08 82 84 8b 96 0c 12 18 24 03 01 01 07 06 43 4e 20 01 0d 14 2a ...
D/wpa_supplicant(  649): Beacon IEs - hexdump(len=197): 00 08 54 50 4c 49 4e 4b 2d 31 01 08 82 84 8b 96 0c 12 18 24 03 01 01 05 04 00 01 00 00 07 06 43 ...
D/wpa_supplicant(  649): c8:be:19:73:3b:e8 freq=2457 qual=0 noise=0 level=-48 flags=0xb age=0
D/wpa_supplicant(  649): IEs - hexdump(len=361): 00 07 63 68 61 6e 6e 65 6c 01 08 82 84 8b 96 0c 12 18 24 03 01 0a 2a 01 00 32 04 30 48 60 6c 2d ...
D/wpa_supplicant(  649): Beacon IEs - hexdump(len=253): 00 07 63 68 61 6e 6e 65 6c 01 08 82 84 8b 96 0c 12 18 24 03 01 0a 05 04 00 01 00 00 2a 01 04 32 ...
D/wpa_supplicant(  649): 9c:d6:43:c7:3c:28 freq=2457 qual=0 noise=0 level=-48 flags=0xb age=0
D/wpa_supplicant(  649): IEs - hexdump(len=252): 00 16 73 68 7a 32 34 66 2d 75 6d 67 2d 73 74 72 65 73 73 2d 32 2e 34 47 01 08 82 84 8b 96 0c 12 ...
D/wpa_supplicant(  649): Beacon IEs - hexdump(len=252): 00 16 73 68 7a 32 34 66 2d 75 6d 67 2d 73 74 72 65 73 73 2d 32 2e 34 47 01 08 82 84 8b 96 0c 12 ...
D/wpa_supplicant(  649): c4:04:15:15:90:a1 freq=2412 qual=0 noise=0 level=-48 flags=0xb age=0
D/wpa_supplicant(  649): IEs - hexdump(len=332): 00 1e 73 68 7a 32 34 66 2d 55 4d 47 2d 61 70 30 31 2d 49 6e 74 65 72 6f 70 65 72 61 74 69 6f 6e ...
D/wpa_supplicant(  649): Beacon IEs - hexdump(len=258): 00 1e 73 68 7a 32 34 66 2d 55 4d 47 2d 61 70 30 31 2d 49 6e 74 65 72 6f 70 65 72 61 74 69 6f 6e ...
D/wpa_supplicant(  649): d8:24:bd:76:9e:b7 freq=2442 qual=0 noise=0 level=-52 flags=0xb age=0
D/wpa_supplicant(  649): IEs - hexdump(len=304): 00 14 73 68 7a 32 34 66 2d 75 6d 67 2d 73 74 61 62 69 6c 69 74 79 01 08 82 84 8b 96 24 30 48 6c ...
D/wpa_supplicant(  649): Beacon IEs - hexdump(len=214): 00 14 73 68 7a 32 34 66 2d 75 6d 67 2d 73 74 61 62 69 6c 69 74 79 01 08 82 84 8b 96 24 30 48 6c ...
D/wpa_supplicant(  649): 00:09:4c:af:6d:b3 freq=2437 qual=0 noise=0 level=-52 flags=0xb age=0
D/wpa_supplicant(  649): IEs - hexdump(len=162): 00 20 41 6e 64 72 6f 69 64 41 50 72 6f 73 65 67 67 79 67 67 66 74 79 67 66 67 66 66 66 64 64 66 ...
D/wpa_supplicant(  649): 14:e6:e4:a9:ef:9e freq=2412 qual=0 noise=0 level=-54 flags=0xb age=0
D/wpa_supplicant(  649): IEs - hexdump(len=381): 00 20 73 68 7a 32 34 66 2d 6d 63 67 6f 70 65 6e 6c 61 62 64 31 2d 76 69 64 65 6f 63 6f 6e 66 65 ...
D/wpa_supplicant(  649): Beacon IEs - hexdump(len=221): 00 20 73 68 7a 32 34 66 2d 6d 63 67 6f 70 65 6e 6c 61 62 64 31 2d 76 69 64 65 6f 63 6f 6e 66 65 ...
D/wpa_supplicant(  649): f4:7f:35:98:b5:60 freq=2462 qual=0 noise=0 level=-56 flags=0xb age=0
D/wpa_supplicant(  649): IEs - hexdump(len=208): 00 13 73 68 7a 32 34 66 2d 75 6d 67 2d 61 70 30 31 2d 70 6e 70 01 08 82 84 8b 0c 12 96 18 24 03 ...
D/wpa_supplicant(  649): Beacon IEs - hexdump(len=217): 00 13 73 68 7a 32 34 66 2d 75 6d 67 2d 61 70 30 31 2d 70 6e 70 01 08 82 84 8b 0c 12 96 18 24 03 ...
D/wpa_supplicant(  649): 14:e6:e4:44:f9:06 freq=2427 qual=0 noise=0 level=-56 flags=0xb age=0
D/wpa_supplicant(  649): IEs - hexdump(len=364): 00 16 73 68 7a 32 34 66 2d 6d 63 67 2d 71 63 74 76 2d 61 75 74 6f 30 31 01 08 82 84 8b 96 0c 12 ...
D/wpa_supplicant(  649): Beacon IEs - hexdump(len=251): 00 16 73 68 7a 32 34 66 2d 6d 63 67 2d 71 63 74 76 2d 61 75 74 6f 30 31 01 08 82 84 8b 96 0c 12 ...
D/wpa_supplicant(  649): 58:6d:8f:0c:50:f2 freq=2462 qual=0 noise=0 level=-56 flags=0xb age=0
D/wpa_supplicant(  649): IEs - hexdump(len=270): 00 15 73 68 7a 32 34 66 2d 6d 63 67 2d 63 69 73 63 6f 2d 32 2e 34 47 01 08 82 84 8b 96 24 30 48 ...
D/wpa_supplicant(  649): Beacon IEs - hexdump(len=188): 00 15 73 68 7a 32 34 66 2d 6d 63 67 2d 63 69 73 63 6f 2d 32 2e 34 47 01 08 82 84 8b 96 24 30 48 ...
D/wpa_supplicant(  649): 5c:63:bf:e1:3d:26 freq=2437 qual=0 noise=0 level=-58 flags=0xb age=0
D/wpa_supplicant(  649): IEs - hexdump(len=192): 00 00 01 08 82 84 8b 96 0c 12 18 24 03 01 06 05 04 00 01 00 00 07 06 55 53 20 01 0d 14 20 01 00 ...
D/wpa_supplicant(  649): Beacon IEs - hexdump(len=192): 00 00 01 08 82 84 8b 96 0c 12 18 24 03 01 06 05 04 00 01 00 00 07 06 55 53 20 01 0d 14 20 01 00 ...
D/wpa_supplicant(  649): 02:09:4c:8e:17:5f freq=2412 qual=0 noise=0 level=-64 flags=0xb age=0
D/wpa_supplicant(  649): IEs - hexdump(len=324): 00 16 44 49 52 45 43 54 2d 70 6d 2d 41 6e 64 72 6f 69 64 5f 38 35 39 39 01 08 8c 12 98 24 b0 48 ...
D/wpa_supplicant(  649): Beacon IEs - hexdump(len=256): 00 16 44 49 52 45 43 54 2d 70 6d 2d 41 6e 64 72 6f 69 64 5f 38 35 39 39 01 08 8c 12 98 24 b0 48 ...
D/wpa_supplicant(  649): 3c:ce:73:6c:8f:69 freq=2412 qual=0 noise=0 level=-72 flags=0xb age=0
D/wpa_supplicant(  649): IEs - hexdump(len=226): 00 07 4c 61 62 57 4c 41 4e 01 08 8c 12 18 24 30 48 60 6c 03 01 01 05 0f 00 01 0c 20 00 00 00 00 ...
D/wpa_supplicant(  649): Beacon IEs - hexdump(len=226): 00 07 4c 61 62 57 4c 41 4e 01 08 8c 12 18 24 30 48 60 6c 03 01 01 05 0f 00 01 0c 20 00 00 00 00 ...
D/wpa_supplicant(  649): 08:bd:43:bf:f1:37 freq=2437 qual=0 noise=0 level=-74 flags=0xb age=0
D/wpa_supplicant(  649): IEs - hexdump(len=244): 00 18 73 68 7a 32 34 66 2d 6d 63 67 2d 67 72 61 70 68 69 63 73 2d 61 70 30 31 01 08 82 84 8b 96 ...
D/wpa_supplicant(  649): Beacon IEs - hexdump(len=244): 00 18 73 68 7a 32 34 66 2d 6d 63 67 2d 67 72 61 70 68 69 63 73 2d 61 70 30 31 01 08 82 84 8b 96 ...
D/wpa_supplicant(  649): 3c:ce:73:70:70:52 freq=2437 qual=0 noise=0 level=-56 flags=0xb age=0
D/wpa_supplicant(  649): IEs - hexdump(len=162): 00 05 47 75 65 73 74 01 08 8c 12 18 24 30 48 60 6c 03 01 06 05 07 00 01 19 04 00 00 00 07 06 43 ...
D/wpa_supplicant(  649): Beacon IEs - hexdump(len=162): 00 05 47 75 65 73 74 01 08 8c 12 18 24 30 48 60 6c 03 01 06 05 07 00 01 19 04 00 00 00 07 06 43 ...
D/wpa_supplicant(  649): wlan0: BSS: Start scan result update 43
D/wpa_supplicant(  649): wlan0: BSS: Add new id 864 BSSID 0c:72:2c:50:95:de SSID 'TPLINK-1'
D/wpa_supplicant(  649): CTRL_IFACE monitor send - hexdump(len=39): 2f 64 61 74 61 2f 6d 69 73 63 2f 77 69 66 69 2f 73 6f 63 6b 65 74 73 2f 77 70 61 5f 63 74 72 6c ...
D/wpa_supplicant(  649): wlan0: BSS: Add new id 865 BSSID c8:be:19:73:3b:e8 SSID 'channel'
D/wpa_supplicant(  649): CTRL_IFACE monitor send - hexdump(len=39): 2f 64 61 74 61 2f 6d 69 73 63 2f 77 69 66 69 2f 73 6f 63 6b 65 74 73 2f 77 70 61 5f 63 74 72 6c ...
D/wpa_supplicant(  649): wlan0: BSS: Add new id 866 BSSID 9c:d6:43:c7:3c:28 SSID 'shz24f-umg-stress-2.4G'
D/wpa_supplicant(  649): CTRL_IFACE monitor send - hexdump(len=39): 2f 64 61 74 61 2f 6d 69 73 63 2f 77 69 66 69 2f 73 6f 63 6b 65 74 73 2f 77 70 61 5f 63 74 72 6c ...
D/wpa_supplicant(  649): wlan0: BSS: Add new id 867 BSSID c4:04:15:15:90:a1 SSID 'shz24f-UMG-ap01-Interoperation'
D/wpa_supplicant(  649): CTRL_IFACE monitor send - hexdump(len=39): 2f 64 61 74 61 2f 6d 69 73 63 2f 77 69 66 69 2f 73 6f 63 6b 65 74 73 2f 77 70 61 5f 63 74 72 6c ...
D/wpa_supplicant(  649): wlan0: BSS: Add new id 868 BSSID d8:24:bd:76:9e:b7 SSID 'shz24f-umg-stability'
D/wpa_supplicant(  649): CTRL_IFACE monitor send - hexdump(len=39): 2f 64 61 74 61 2f 6d 69 73 63 2f 77 69 66 69 2f 73 6f 63 6b 65 74 73 2f 77 70 61 5f 63 74 72 6c ...
D/wpa_supplicant(  649): wlan0: BSS: Add new id 869 BSSID 00:09:4c:af:6d:b3 SSID 'AndroidAProseggyggftygfgfffddfty'
D/wpa_supplicant(  649): CTRL_IFACE monitor send - hexdump(len=39): 2f 64 61 74 61 2f 6d 69 73 63 2f 77 69 66 69 2f 73 6f 63 6b 65 74 73 2f 77 70 61 5f 63 74 72 6c ...
D/wpa_supplicant(  649): wlan0: BSS: Add new id 870 BSSID 14:e6:e4:a9:ef:9e SSID 'shz24f-mcgopenlabd1-videoconfere'
D/wpa_supplicant(  649): CTRL_IFACE monitor send - hexdump(len=39): 2f 64 61 74 61 2f 6d 69 73 63 2f 77 69 66 69 2f 73 6f 63 6b 65 74 73 2f 77 70 61 5f 63 74 72 6c ...
D/wpa_supplicant(  649): wlan0: BSS: Add new id 871 BSSID f4:7f:35:98:b5:60 SSID 'shz24f-umg-ap01-pnp'
D/wpa_supplicant(  649): CTRL_IFACE monitor send - hexdump(len=39): 2f 64 61 74 61 2f 6d 69 73 63 2f 77 69 66 69 2f 73 6f 63 6b 65 74 73 2f 77 70 61 5f 63 74 72 6c ...
D/wpa_supplicant(  649): wlan0: BSS: Add new id 872 BSSID 14:e6:e4:44:f9:06 SSID 'shz24f-mcg-qctv-auto01'
D/wpa_supplicant(  649): CTRL_IFACE monitor send - hexdump(len=39): 2f 64 61 74 61 2f 6d 69 73 63 2f 77 69 66 69 2f 73 6f 63 6b 65 74 73 2f 77 70 61 5f 63 74 72 6c ...
D/wpa_supplicant(  649): wlan0: BSS: Add new id 873 BSSID 58:6d:8f:0c:50:f2 SSID 'shz24f-mcg-cisco-2.4G'
D/wpa_supplicant(  649): CTRL_IFACE monitor send - hexdump(len=39): 2f 64 61 74 61 2f 6d 69 73 63 2f 77 69 66 69 2f 73 6f 63 6b 65 74 73 2f 77 70 61 5f 63 74 72 6c ...
D/wpa_supplicant(  649): wlan0: BSS: Add new id 874 BSSID 5c:63:bf:e1:3d:26 SSID ''
D/wpa_supplicant(  649): CTRL_IFACE monitor send - hexdump(len=39): 2f 64 61 74 61 2f 6d 69 73 63 2f 77 69 66 69 2f 73 6f 63 6b 65 74 73 2f 77 70 61 5f 63 74 72 6c ...
D/wpa_supplicant(  649): wlan0: BSS: Add new id 875 BSSID 02:09:4c:8e:17:5f SSID 'DIRECT-pm-Android_8599'
D/wpa_supplicant(  649): CTRL_IFACE monitor send - hexdump(len=39): 2f 64 61 74 61 2f 6d 69 73 63 2f 77 69 66 69 2f 73 6f 63 6b 65 74 73 2f 77 70 61 5f 63 74 72 6c ...
D/wpa_supplicant(  649): wlan0: BSS: Add new id 876 BSSID 3c:ce:73:6c:8f:69 SSID 'LabWLAN'
D/wpa_supplicant(  649): CTRL_IFACE monitor send - hexdump(len=39): 2f 64 61 74 61 2f 6d 69 73 63 2f 77 69 66 69 2f 73 6f 63 6b 65 74 73 2f 77 70 61 5f 63 74 72 6c ...
D/wpa_supplicant(  649): wlan0: BSS: Add new id 877 BSSID 08:bd:43:bf:f1:37 SSID 'shz24f-mcg-graphics-ap01'
D/wpa_supplicant(  649): CTRL_IFACE monitor send - hexdump(len=39): 2f 64 61 74 61 2f 6d 69 73 63 2f 77 69 66 69 2f 73 6f 63 6b 65 74 73 2f 77 70 61 5f 63 74 72 6c ...
D/wpa_supplicant(  649): wlan0: BSS: Add new id 878 BSSID 3c:ce:73:70:70:52 SSID 'Guest'
D/wpa_supplicant(  649): CTRL_IFACE monitor send - hexdump(len=39): 2f 64 61 74 61 2f 6d 69 73 63 2f 77 69 66 69 2f 73 6f 63 6b 65 74 73 2f 77 70 61 5f 63 74 72 6c ...
D/wpa_supplicant(  649): BSS: last_scan_res_used=16/64 last_scan_full=0
I/WifiHW  (  591): EVENT: IFNAME=wlan0 CTRL-EVENT-BSS-ADDED 864 0c:72:2c:50:95:de
I/WifiHW  (  591): EVENT: IFNAME=wlan0 CTRL-EVENT-BSS-ADDED 865 c8:be:19:73:3b:e8
I/WifiHW  (  591): EVENT: IFNAME=wlan0 CTRL-EVENT-BSS-ADDED 866 9c:d6:43:c7:3c:28
I/WifiHW  (  591): EVENT: IFNAME=wlan0 CTRL-EVENT-BSS-ADDED 867 c4:04:15:15:90:a1
I/WifiHW  (  591): EVENT: IFNAME=wlan0 CTRL-EVENT-BSS-ADDED 868 d8:24:bd:76:9e:b7
I/WifiHW  (  591): EVENT: IFNAME=wlan0 CTRL-EVENT-BSS-ADDED 869 00:09:4c:af:6d:b3
I/WifiHW  (  591): EVENT: IFNAME=wlan0 CTRL-EVENT-BSS-ADDED 870 14:e6:e4:a9:ef:9e
I/WifiHW  (  591): EVENT: IFNAME=wlan0 CTRL-EVENT-BSS-ADDED 871 f4:7f:35:98:b5:60
I/WifiHW  (  591): EVENT: IFNAME=wlan0 CTRL-EVENT-BSS-ADDED 872 14:e6:e4:44:f9:06
I/WAKELOCK_ACQUIRE(  591): TIMESTAMP=11076851365939, TAG=Ze, TYPE=PARTIAL_WAKE_LOCK             , COUNT=0, PID=12134, UID=10085, FLAGS=
I/WifiHW  (  591): EVENT: IFNAME=wlan0 CTRL-EVENT-BSS-ADDED 873 58:6d:8f:0c:50:f2
I/WifiHW  (  591): EVENT: IFNAME=wlan0 CTRL-EVENT-BSS-ADDED 874 5c:63:bf:e1:3d:26
I/WifiHW  (  591): EVENT: IFNAME=wlan0 CTRL-EVENT-BSS-ADDED 875 02:09:4c:8e:17:5f
D/wpa_supplicant(  649): Add randomness: count=423 entropy=410
D/wpa_supplicant(  649): random pool - hexdump(len=128): [REMOVED]
D/wpa_supplicant(  649): random_mix_pool - hexdump(len=8): [REMOVED]
D/wpa_supplicant(  649): random_mix_pool - hexdump(len=5): [REMOVED]
D/wpa_supplicant(  649): random pool - hexdump(len=128): [REMOVED]
D/wpa_supplicant(  649): Add randomness: count=424 entropy=411
D/wpa_supplicant(  649): random pool - hexdump(len=128): [REMOVED]
D/wpa_supplicant(  649): random_mix_pool - hexdump(len=8): [REMOVED]
D/wpa_supplicant(  649): random_mix_pool - hexdump(len=5): [REMOVED]
D/wpa_supplicant(  649): random pool - hexdump(len=128): [REMOVED]
D/wpa_supplicant(  649): Add randomness: count=425 entropy=412
D/wpa_supplicant(  649): random pool - hexdump(len=128): [REMOVED]
D/wpa_supplicant(  649): random_mix_pool - hexdump(len=8): [REMOVED]
D/wpa_supplicant(  649): random_mix_pool - hexdump(len=5): [REMOVED]
D/wpa_supplicant(  649): random pool - hexdump(len=128): [REMOVED]
D/wpa_supplicant(  649): Add randomness: count=426 entropy=413
D/wpa_supplicant(  649): random pool - hexdump(len=128): [REMOVED]
D/wpa_supplicant(  649): random_mix_pool - hexdump(len=8): [REMOVED]
D/wpa_supplicant(  649): random_mix_pool - hexdump(len=5): [REMOVED]
D/wpa_supplicant(  649): random pool - hexdump(len=128): [REMOVED]
D/wpa_supplicant(  649): Add randomness: count=427 entropy=414
D/wpa_supplicant(  649): random pool - hexdump(len=128): [REMOVED]
D/wpa_supplicant(  649): random_mix_pool - hexdump(len=8): [REMOVED]
D/wpa_supplicant(  649): random_mix_pool - hexdump(len=5): [REMOVED]
D/wpa_supplicant(  649): random pool - hexdump(len=128): [REMOVED]
D/wpa_supplicant(  649): Add randomness: count=428 entropy=415
D/wpa_supplicant(  649): random pool - hexdump(len=128): [REMOVED]
D/wpa_supplicant(  649): random_mix_pool - hexdump(len=8): [REMOVED]
D/wpa_supplicant(  649): random_mix_pool - hexdump(len=5): [REMOVED]
D/wpa_supplicant(  649): random pool - hexdump(len=128): [REMOVED]
D/wpa_supplicant(  649): Add randomness: count=429 entropy=416
D/wpa_supplicant(  649): random pool - hexdump(len=128): [REMOVED]
D/wpa_supplicant(  649): random_mix_pool - hexdump(len=8): [REMOVED]
D/wpa_supplicant(  649): random_mix_pool - hexdump(len=5): [REMOVED]
D/wpa_supplicant(  649): random pool - hexdump(len=128): [REMOVED]
D/wpa_supplicant(  649): Add randomness: count=430 entropy=417
D/wpa_supplicant(  649): random pool - hexdump(len=128): [REMOVED]
D/wpa_supplicant(  649): random_mix_pool - hexdump(len=8): [REMOVED]
D/wpa_supplicant(  649): random_mix_pool - hexdump(len=5): [REMOVED]
D/wpa_supplicant(  649): random pool - hexdump(len=128): [REMOVED]
D/wpa_supplicant(  649): Add randomness: count=431 entropy=418
D/wpa_supplicant(  649): random pool - hexdump(len=128): [REMOVED]
D/wpa_supplicant(  649): random_mix_pool - hexdump(len=8): [REMOVED]
D/wpa_supplicant(  649): random_mix_pool - hexdump(len=5): [REMOVED]
D/wpa_supplicant(  649): random pool - hexdump(len=128): [REMOVED]
D/wpa_supplicant(  649): Add randomness: count=432 entropy=419
D/wpa_supplicant(  649): random pool - hexdump(len=128): [REMOVED]
D/wpa_supplicant(  649): random_mix_pool - hexdump(len=8): [REMOVED]
D/wpa_supplicant(  649): random_mix_pool - hexdump(len=5): [REMOVED]
D/wpa_supplicant(  649): random pool - hexdump(len=128): [REMOVED]
D/wpa_supplicant(  649): wlan0: Scan-only results received
D/wpa_supplicant(  649): CTRL_IFACE monitor send - hexdump(len=39): 2f 64 61 74 61 2f 6d 69 73 63 2f 77 69 66 69 2f 73 6f 63 6b 65 74 73 2f 77 70 61 5f 63 74 72 6c ...
D/wpa_supplicant(  649): wlan0: P2P: Station mode scan operation not pending anymore (sta_scan_pending=0 p2p_cb_on_scan_complete=0)
I/wpa_supplicant(  649): nl80211: wpa_driver_nl80211_event_receive->nl_recvmsgs failed: -11
D/wpa_supplicant(  649): RTM_NEWLINK: operstate=1 ifi_flags=0x11043 ([UP][RUNNING][LOWER_UP])
D/wpa_supplicant(  649): RTM_NEWLINK, IFLA_IFNAME: Interface 'wlan0' added
D/wpa_supplicant(  649): nl80211: if_removed already cleared - ignore event
I/WAKELOCK_ACQUIRE(  591): TIMESTAMP=11076856108920, TAG=Ze, TYPE=PARTIAL_WAKE_LOCK             , COUNT=0, PID=12134, UID=10085, FLAGS=
I/WAKELOCK_ACQUIRE(  591): TIMESTAMP=11076860969957, TAG=Ze, TYPE=PARTIAL_WAKE_LOCK             , COUNT=0, PID=12106, UID=10085, FLAGS=
I/WifiHW  (  591): EVENT: IFNAME=wlan0 CTRL-EVENT-BSS-ADDED 876 3c:ce:73:6c:8f:69
I/WifiHW  (  591): EVENT: IFNAME=wlan0 CTRL-EVENT-BSS-ADDED 877 08:bd:43:bf:f1:37
I/WifiHW  (  591): EVENT: IFNAME=wlan0 CTRL-EVENT-BSS-ADDED 878 3c:ce:73:70:70:52
I/WifiHW  (  591): EVENT: IFNAME=wlan0 CTRL-EVENT-SCAN-RESULTS 
I/WifiHW  (  591): CMD: IFNAME=wlan0 BSS RANGE=0- MASK=0x21987
D/wpa_supplicant(  649): RX ctrl_iface - hexdump(len=25): 42 53 53 20 52 41 4e 47 45 3d 30 2d 20 4d 41 53 4b 3d 30 78 32 31 39 38 37
D/wpa_supplicant(  649): wlan0: Control interface command 'BSS RANGE=0- MASK=0x21987'
D/wpa_supplicant(  649): WPS: attr type=0x104a len=1
D/wpa_supplicant(  649): WPS: attr type=0x1044 len=1
D/wpa_supplicant(  649): WPS: attr type=0x1041 len=1
D/wpa_supplicant(  649): WPS: attr type=0x103b len=1
D/wpa_supplicant(  649): WPS: attr type=0x1047 len=16
D/wpa_supplicant(  649): WPS: attr type=0x1021 len=16
D/wpa_supplicant(  649): WPS: attr type=0x1023 len=7
D/wpa_supplicant(  649): WPS: attr type=0x1024 len=8
D/wpa_supplicant(  649): WPS: attr type=0x1042 len=2
D/wpa_supplicant(  649): WPS: attr type=0x1054 len=8
D/wpa_supplicant(  649): WPS: attr type=0x1011 len=7
D/wpa_supplicant(  649): WPS: attr type=0x1008 len=2
D/wpa_supplicant(  649): WPS: attr type=0x104a len=1
D/wpa_supplicant(  649): WPS: attr type=0x1044 len=1
D/wpa_supplicant(  649): WPS: attr type=0x1041 len=1
D/wpa_supplicant(  649): WPS: attr type=0x103b len=1
D/wpa_supplicant(  649): WPS: attr type=0x1047 len=16
D/wpa_supplicant(  649): WPS: attr type=0x1021 len=16
D/wpa_supplicant(  649): WPS: attr type=0x1023 len=7
D/wpa_supplicant(  649): WPS: attr type=0x1024 len=8
D/wpa_supplicant(  649): WPS: attr type=0x1042 len=2
D/wpa_supplicant(  649): WPS: attr type=0x1054 len=8
D/wpa_supplicant(  649): WPS: attr type=0x1011 len=7
D/wpa_supplicant(  649): WPS: attr type=0x1008 len=2
D/wpa_supplicant(  649): WPS: attr type=0x104a len=1
D/wpa_supplicant(  649): WPS: attr type=0x1044 len=1
D/wpa_supplicant(  649): WPS: attr type=0x1041 len=1
D/wpa_supplicant(  649): WPS: attr type=0x103b len=1
D/wpa_supplicant(  649): WPS: attr type=0x1047 len=16
D/wpa_supplicant(  649): WPS: attr type=0x1021 len=16
D/wpa_supplicant(  649): WPS: attr type=0x1023 len=7
D/wpa_supplicant(  649): WPS: attr type=0x1024 len=8
D/wpa_supplicant(  649): WPS: attr type=0x1042 len=2
D/wpa_supplicant(  649): WPS: attr type=0x1054 len=8
D/wpa_supplicant(  649): WPS: attr type=0x1011 len=7
D/wpa_supplicant(  649): WPS: attr type=0x1008 len=2
D/wpa_supplicant(  649): WPS: attr type=0x104a len=1
D/wpa_supplicant(  649): WPS: attr type=0x1044 len=1
D/wpa_supplicant(  649): WPS: attr type=0x103b len=1
D/wpa_supplicant(  649): WPS: attr type=0x1047 len=16
D/wpa_supplicant(  649): WPS: attr type=0x1021 len=7
D/wpa_supplicant(  649): WPS: attr type=0x1023 len=10
D/wpa_supplicant(  649): WPS: attr type=0x1024 len=3
D/wpa_supplicant(  649): WPS: attr type=0x1042 len=3
D/wpa_supplicant(  649): WPS: attr type=0x1054 len=8
D/wpa_supplicant(  649): WPS: attr type=0x1011 len=26
D/wpa_supplicant(  649): WPS: attr type=0x1008 len=2
D/wpa_supplicant(  649): WPS: attr type=0x103c len=1
D/wpa_supplicant(  649): WPS: attr type=0x1049 len=20
D/wpa_supplicant(  649): WPS: Unknown Vendor Extension (Vendor ID 9442)
D/wpa_supplicant(  649): WPS: attr type=0x104a len=1
D/wpa_supplicant(  649): WPS: attr type=0x1044 len=1
D/wpa_supplicant(  649): WPS: attr type=0x103b len=1
D/wpa_supplicant(  649): WPS: attr type=0x1047 len=16
D/wpa_supplicant(  649): WPS: attr type=0x1021 len=7
D/wpa_supplicant(  649): WPS: attr type=0x1023 len=10
D/wpa_supplicant(  649): WPS: attr type=0x1024 len=3
D/wpa_supplicant(  649): WPS: attr type=0x1042 len=3
D/wpa_supplicant(  649): WPS: attr type=0x1054 len=8
D/wpa_supplicant(  649): WPS: attr type=0x1011 len=26
D/wpa_supplicant(  649): WPS: attr type=0x1008 len=2
D/wpa_supplicant(  649): WPS: attr type=0x103c len=1
D/wpa_supplicant(  649): WPS: attr type=0x1049 len=20
D/wpa_supplicant(  649): WPS: Unknown Vendor Extension (Vendor ID 9442)
D/wpa_supplicant(  649): WPS: attr type=0x104a len=1
D/wpa_supplicant(  649): WPS: attr type=0x1044 len=1
D/wpa_supplicant(  649): WPS: attr type=0x103b len=1
D/wpa_supplicant(  649): WPS: attr type=0x1047 len=16
D/wpa_supplicant(  649): WPS: attr type=0x1021 len=7
D/wpa_supplicant(  649): WPS: attr type=0x1023 len=10
D/wpa_supplicant(  649): WPS: attr type=0x1024 len=3
D/wpa_supplicant(  649): WPS: attr type=0x1042 len=3
D/wpa_supplicant(  649): WPS: attr type=0x1054 len=8
D/wpa_supplicant(  649): WPS: attr type=0x1011 len=26
D/wpa_supplicant(  649): WPS: attr type=0x1008 len=2
D/wpa_supplicant(  649): WPS: attr type=0x103c len=1
D/wpa_supplicant(  649): WPS: attr type=0x1049 len=20
D/wpa_supplicant(  649): WPS: Unknown Vendor Extension (Vendor ID 9442)
D/wpa_supplicant(  649): WPS: attr type=0x104a len=1
D/wpa_supplicant(  649): WPS: attr type=0x1044 len=1
D/wpa_supplicant(  649): WPS: attr type=0x103b len=1
D/wpa_supplicant(  649): WPS: attr type=0x1047 len=16
D/wpa_supplicant(  649): WPS: attr type=0x1021 len=18
D/wpa_supplicant(  649): WPS: attr type=0x1023 len=8
D/wpa_supplicant(  649): WPS: attr type=0x1024 len=2
D/wpa_supplicant(  649): WPS: attr type=0x1042 len=15
D/wpa_supplicant(  649): WPS: attr type=0x1054 len=8
D/wpa_supplicant(  649): WPS: attr type=0x1011 len=8
D/wpa_supplicant(  649): WPS: attr type=0x1008 len=2
D/wpa_supplicant(  649): WPS: attr type=0x104a len=1
D/wpa_supplicant(  649): WPS: attr type=0x1044 len=1
D/wpa_supplicant(  649): WPS: attr type=0x103b len=1
D/wpa_supplicant(  649): WPS: attr type=0x1047 len=16
D/wpa_supplicant(  649): WPS: attr type=0x1021 len=18
D/wpa_supplicant(  649): WPS: attr type=0x1023 len=8
D/wpa_supplicant(  649): WPS: attr type=0x1024 len=2
D/wpa_supplicant(  649): WPS: attr type=0x1042 len=15
D/wpa_supplicant(  649): WPS: attr type=0x1054 len=8
D/wpa_supplicant(  649): WPS: attr type=0x1011 len=8
D/wpa_supplicant(  649): WPS: attr type=0x1008 len=2
D/wpa_supplicant(  649): WPS: attr type=0x104a len=1
D/wpa_supplicant(  649): WPS: attr type=0x1044 len=1
D/wpa_supplicant(  649): WPS: attr type=0x103b len=1
D/wpa_supplicant(  649): WPS: attr type=0x1047 len=16
D/wpa_supplicant(  649): WPS: attr type=0x1021 len=18
D/wpa_supplicant(  649): WPS: attr type=0x1023 len=8
D/wpa_supplicant(  649): WPS: attr type=0x1024 len=2
D/wpa_supplicant(  649): WPS: attr type=0x1042 len=15
D/wpa_supplicant(  649): WPS: attr type=0x1054 len=8
D/wpa_supplicant(  649): WPS: attr type=0x1011 len=8
D/wpa_supplicant(  649): WPS: attr type=0x1008 len=2
D/wpa_supplicant(  649): WPS: attr type=0x104a len=1
D/wpa_supplicant(  649): WPS: attr type=0x1044 len=1
D/wpa_supplicant(  649): WPS: attr type=0x103b len=1
D/wpa_supplicant(  649): WPS: attr type=0x1047 len=16
D/wpa_supplicant(  649): WPS: attr type=0x1021 len=13
D/wpa_supplicant(  649): WPS: attr type=0x1023 len=7
D/wpa_supplicant(  649): WPS: attr type=0x1024 len=7
D/wpa_supplicant(  649): WPS: attr type=0x1042 len=3
D/wpa_supplicant(  649): WPS: attr type=0x1054 len=8
D/wpa_supplicant(  649): WPS: attr type=0x1011 len=7
D/wpa_supplicant(  649): WPS: attr type=0x1008 len=2
D/wpa_supplicant(  649): WPS: attr type=0x103c len=1
D/wpa_supplicant(  649): WPS: attr type=0x1049 len=6
D/wpa_supplicant(  649): WPS: WFA subelement id=0 len=1
D/wpa_supplicant(  649): WPS: attr type=0x104a len=1
D/wpa_supplicant(  649): WPS: attr type=0x1044 len=1
D/wpa_supplicant(  649): WPS: attr type=0x103b len=1
D/wpa_supplicant(  649): WPS: attr type=0x1047 len=16
D/wpa_supplicant(  649): WPS: attr type=0x1021 len=13
D/wpa_supplicant(  649): WPS: attr type=0x1023 len=7
D/wpa_supplicant(  649): WPS: attr type=0x1024 len=7
D/wpa_supplicant(  649): WPS: attr type=0x1042 len=3
D/wpa_supplicant(  649): WPS: attr type=0x1054 len=8
D/wpa_supplicant(  649): WPS: attr type=0x1011 len=7
D/wpa_supplicant(  649): WPS: attr type=0x1008 len=2
D/wpa_supplicant(  649): WPS: attr type=0x103c len=1
D/wpa_supplicant(  649): WPS: attr type=0x1049 len=6
D/wpa_supplicant(  649): WPS: WFA subelement id=0 len=1
D/wpa_supplicant(  649): WPS: attr type=0x104a len=1
D/wpa_supplicant(  649): WPS: attr type=0x1044 len=1
D/wpa_supplicant(  649): WPS: attr type=0x103b len=1
D/wpa_supplicant(  649): WPS: attr type=0x1047 len=16
D/wpa_supplicant(  649): WPS: attr type=0x1021 len=13
D/wpa_supplicant(  649): WPS: attr type=0x1023 len=7
D/wpa_supplicant(  649): WPS: attr type=0x1024 len=7
D/wpa_supplicant(  649): WPS: attr type=0x1042 len=3
D/wpa_supplicant(  649): WPS: attr type=0x1054 len=8
D/wpa_supplicant(  649): WPS: attr type=0x1011 len=7
D/wpa_supplicant(  649): WPS: attr type=0x1008 len=2
D/wpa_supplicant(  649): WPS: attr type=0x103c len=1
D/wpa_supplicant(  649): WPS: attr type=0x1049 len=6
D/wpa_supplicant(  649): WPS: WFA subelement id=0 len=1
D/wpa_supplicant(  649): WPS: attr type=0x104a len=1
D/wpa_supplicant(  649): WPS: attr type=0x1044 len=1
D/wpa_supplicant(  649): WPS: attr type=0x103b len=1
D/wpa_supplicant(  649): WPS: attr type=0x1047 len=16
D/wpa_supplicant(  649): WPS: attr type=0x1021 len=5
D/wpa_supplicant(  649): WPS: attr type=0x1023 len=7
D/wpa_supplicant(  649): WPS: attr type=0x1024 len=7
D/wpa_supplicant(  649): WPS: attr type=0x1042 len=2
D/wpa_supplicant(  649): WPS: attr type=0x1054 len=8
D/wpa_supplicant(  649): WPS: attr type=0x1011 len=7
D/wpa_supplicant(  649): WPS: attr type=0x1008 len=2
D/wpa_supplicant(  649): WPS: attr type=0x103c len=1
D/wpa_supplicant(  649): WPS: attr type=0x104a len=1
D/wpa_supplicant(  649): WPS: attr type=0x1044 len=1
D/wpa_supplicant(  649): WPS: attr type=0x103b len=1
D/wpa_supplicant(  649): WPS: attr type=0x1047 len=16
D/wpa_supplicant(  649): WPS: attr type=0x1021 len=5
D/wpa_supplicant(  649): WPS: attr type=0x1023 len=7
D/wpa_supplicant(  649): WPS: attr type=0x1024 len=7
D/wpa_supplicant(  649): WPS: attr type=0x1042 len=2
D/wpa_supplicant(  649): WPS: attr type=0x1054 len=8
D/wpa_supplicant(  649): WPS: attr type=0x1011 len=7
D/wpa_supplicant(  649): WPS: attr type=0x1008 len=2
D/wpa_supplicant(  649): WPS: attr type=0x103c len=1
D/wpa_supplicant(  649): WPS: attr type=0x104a len=1
D/wpa_supplicant(  649): WPS: attr type=0x1044 len=1
D/wpa_supplicant(  649): WPS: attr type=0x103b len=1
D/wpa_supplicant(  649): WPS: attr type=0x1047 len=16
D/wpa_supplicant(  649): WPS: attr type=0x1021 len=5
D/wpa_supplicant(  649): WPS: attr type=0x1023 len=7
D/wpa_supplicant(  649): WPS: attr type=0x1024 len=7
D/wpa_supplicant(  649): WPS: attr type=0x1042 len=2
D/wpa_supplicant(  649): WPS: attr type=0x1054 len=8
D/wpa_supplicant(  649): WPS: attr type=0x1011 len=7
D/wpa_supplicant(  649): WPS: attr type=0x1008 len=2
D/wpa_supplicant(  649): WPS: attr type=0x103c len=1
D/wpa_supplicant(  649): WPS: attr type=0x104a len=1
D/wpa_supplicant(  649): WPS: attr type=0x1044 len=1
D/wpa_supplicant(  649): WPS: attr type=0x103b len=1
D/wpa_supplicant(  649): WPS: attr type=0x1047 len=16
D/wpa_supplicant(  649): WPS: attr type=0x1021 len=7
D/wpa_supplicant(  649): WPS: attr type=0x1023 len=9
D/wpa_supplicant(  649): WPS: attr type=0x1024 len=3
D/wpa_supplicant(  649): WPS: attr type=0x1042 len=3
D/wpa_supplicant(  649): WPS: attr type=0x1054 len=8
D/wpa_supplicant(  649): WPS: attr type=0x1011 len=24
D/wpa_supplicant(  649): WPS: attr type=0x1008 len=2
D/wpa_supplicant(  649): WPS: attr type=0x103c len=1
D/wpa_supplicant(  649): WPS: attr type=0x104a len=1
D/wpa_supplicant(  649): WPS: attr type=0x1044 len=1
D/wpa_supplicant(  649): WPS: attr type=0x103b len=1
D/wpa_supplicant(  649): WPS: attr type=0x1047 len=16
D/wpa_supplicant(  649): WPS: attr type=0x1021 len=7
D/wpa_supplicant(  649): WPS: attr type=0x1023 len=9
D/wpa_supplicant(  649): WPS: attr type=0x1024 len=3
D/wpa_supplicant(  649): WPS: attr type=0x1042 len=3
D/wpa_supplicant(  649): WPS: attr type=0x1054 len=8
D/wpa_supplicant(  649): WPS: attr type=0x1011 len=24
D/wpa_supplicant(  649): WPS: attr type=0x1008 len=2
D/wpa_supplicant(  649): WPS: attr type=0x103c len=1
D/wpa_supplicant(  649): WPS: attr type=0x104a len=1
D/wpa_supplicant(  649): WPS: attr type=0x1044 len=1
D/wpa_supplicant(  649): WPS: attr type=0x103b len=1
D/wpa_supplicant(  649): WPS: attr type=0x1047 len=16
D/wpa_supplicant(  649): WPS: attr type=0x1021 len=7
D/wpa_supplicant(  649): WPS: attr type=0x1023 len=9
D/wpa_supplicant(  649): WPS: attr type=0x1024 len=3
D/wpa_supplicant(  649): WPS: attr type=0x1042 len=3
D/wpa_supplicant(  649): WPS: attr type=0x1054 len=8
D/wpa_supplicant(  649): WPS: attr type=0x1011 len=24
D/wpa_supplicant(  649): WPS: attr type=0x1008 len=2
D/wpa_supplicant(  649): WPS: attr type=0x103c len=1
D/wpa_supplicant(  649): WPS: attr type=0x104a len=1
D/wpa_supplicant(  649): WPS: attr type=0x1044 len=1
D/wpa_supplicant(  649): WPS: attr type=0x103b len=1
D/wpa_supplicant(  649): WPS: attr type=0x1047 len=16
D/wpa_supplicant(  649): WPS: attr type=0x1021 len=7
D/wpa_supplicant(  649): WPS: attr type=0x1023 len=9
D/wpa_supplicant(  649): WPS: attr type=0x1024 len=7
D/wpa_supplicant(  649): WPS: attr type=0x1042 len=3
D/wpa_supplicant(  649): WPS: attr type=0x1054 len=8
D/wpa_supplicant(  649): WPS: attr type=0x1011 len=25
D/wpa_supplicant(  649): WPS: attr type=0x1008 len=2
D/wpa_supplicant(  649): WPS: attr type=0x103c len=1
D/wpa_supplicant(  649): WPS: attr type=0x104a len=1
D/wpa_supplicant(  649): WPS: attr type=0x1044 len=1
D/wpa_supplicant(  649): WPS: attr type=0x103b len=1
D/wpa_supplicant(  649): WPS: attr type=0x1047 len=16
D/wpa_supplicant(  649): WPS: attr type=0x1021 len=7
D/wpa_supplicant(  649): WPS: attr type=0x1023 len=9
D/wpa_supplicant(  649): WPS: attr type=0x1024 len=7
D/wpa_supplicant(  649): WPS: attr type=0x1042 len=3
D/wpa_supplicant(  649): WPS: attr type=0x1054 len=8
D/wpa_supplicant(  649): WPS: attr type=0x1011 len=25
D/wpa_supplicant(  649): WPS: attr type=0x1008 len=2
D/wpa_supplicant(  649): WPS: attr type=0x103c len=1
D/wpa_supplicant(  649): WPS: attr type=0x104a len=1
D/wpa_supplicant(  649): WPS: attr type=0x1044 len=1
D/wpa_supplicant(  649): WPS: attr type=0x103b len=1
D/wpa_supplicant(  649): WPS: attr type=0x1047 len=16
D/wpa_supplicant(  649): WPS: attr type=0x1021 len=7
D/wpa_supplicant(  649): WPS: attr type=0x1023 len=9
D/wpa_supplicant(  649): WPS: attr type=0x1024 len=7
D/wpa_supplicant(  649): WPS: attr type=0x1042 len=3
D/wpa_supplicant(  649): WPS: attr type=0x1054 len=8
D/wpa_supplicant(  649): WPS: attr type=0x1011 len=25
D/wpa_supplicant(  649): WPS: attr type=0x1008 len=2
D/wpa_supplicant(  649): WPS: attr type=0x103c len=1
D/wpa_supplicant(  649): WPS: attr type=0x104a len=1
D/wpa_supplicant(  649): WPS: attr type=0x1044 len=1
D/wpa_supplicant(  649): WPS: attr type=0x1041 len=1
D/wpa_supplicant(  649): WPS: attr type=0x103b len=1
D/wpa_supplicant(  649): WPS: attr type=0x1047 len=16
D/wpa_supplicant(  649): WPS: attr type=0x1021 len=5
D/wpa_supplicant(  649): WPS: attr type=0x1023 len=13
D/wpa_supplicant(  649): WPS: attr type=0x1024 len=7
D/wpa_supplicant(  649): WPS: attr type=0x1042 len=2
D/wpa_supplicant(  649): WPS: attr type=0x1054 len=8
D/wpa_supplicant(  649): WPS: attr type=0x1011 len=13
D/wpa_supplicant(  649): WPS: attr type=0x1008 len=2
D/wpa_supplicant(  649): WPS: attr type=0x103c len=1
D/wpa_supplicant(  649): WPS: attr type=0x104a len=1
D/wpa_supplicant(  649): WPS: attr type=0x1044 len=1
D/wpa_supplicant(  649): WPS: attr type=0x1041 len=1
D/wpa_supplicant(  649): WPS: attr type=0x103b len=1
D/wpa_supplicant(  649): WPS: attr type=0x1047 len=16
D/wpa_supplicant(  649): WPS: attr type=0x1021 len=5
D/wpa_supplicant(  649): WPS: attr type=0x1023 len=13
D/wpa_supplicant(  649): WPS: attr type=0x1024 len=7
D/wpa_supplicant(  649): WPS: attr type=0x1042 len=2
D/wpa_supplicant(  649): WPS: attr type=0x1054 len=8
D/wpa_supplicant(  649): WPS: attr type=0x1011 len=13
D/wpa_supplicant(  649): WPS: attr type=0x1008 len=2
D/wpa_supplicant(  649): WPS: attr type=0x103c len=1
D/wpa_supplicant(  649): WPS: attr type=0x104a len=1
D/wpa_supplicant(  649): WPS: attr type=0x1044 len=1
D/wpa_supplicant(  649): WPS: attr type=0x1041 len=1
D/wpa_supplicant(  649): WPS: attr type=0x103b len=1
D/wpa_supplicant(  649): WPS: attr type=0x1047 len=16
D/wpa_supplicant(  649): WPS: attr type=0x1021 len=5
D/wpa_supplicant(  649): WPS: attr type=0x1023 len=13
D/wpa_supplicant(  649): WPS: attr type=0x1024 len=7
D/wpa_supplicant(  649): WPS: attr type=0x1042 len=2
D/wpa_supplicant(  649): WPS: attr type=0x1054 len=8
D/wpa_supplicant(  649): WPS: attr type=0x1011 len=13
D/wpa_supplicant(  649): WPS: attr type=0x1008 len=2
D/wpa_supplicant(  649): WPS: attr type=0x103c len=1
D/wpa_supplicant(  649): WPS: attr type=0x104a len=1
D/wpa_supplicant(  649): WPS: attr type=0x1044 len=1
D/wpa_supplicant(  649): WPS: attr type=0x104a len=1
D/wpa_supplicant(  649): WPS: attr type=0x1044 len=1
D/wpa_supplicant(  649): WPS: attr type=0x104a len=1
D/wpa_supplicant(  649): WPS: attr type=0x1044 len=1
D/wpa_supplicant(  649): WPS: attr type=0x104a len=1
D/wpa_supplicant(  649): WPS: attr type=0x1044 len=1
D/wpa_supplicant(  649): WPS: attr type=0x103b len=1
D/wpa_supplicant(  649): WPS: attr type=0x1047 len=16
D/wpa_supplicant(  649): WPS: attr type=0x1021 len=5
D/wpa_supplicant(  649): WPS: attr type=0x1023 len=8
D/wpa_supplicant(  649): WPS: attr type=0x1024 len=2
D/wpa_supplicant(  649): WPS: attr type=0x1042 len=5
D/wpa_supplicant(  649): WPS: attr type=0x1054 len=8
D/wpa_supplicant(  649): WPS: attr type=0x1011 len=12
D/wpa_supplicant(  649): WPS: attr type=0x1008 len=2
D/wpa_supplicant(  649): WPS: attr type=0x1049 len=6
D/wpa_supplicant(  649): WPS: WFA subelement id=0 len=1
D/wpa_supplicant(  649): WPS: attr type=0x104a len=1
D/wpa_supplicant(  649): WPS: attr type=0x1044 len=1
D/wpa_supplicant(  649): WPS: attr type=0x103b len=1
D/wpa_supplicant(  649): WPS: attr type=0x1047 len=16
D/wpa_supplicant(  649): WPS: attr type=0x1021 len=5
D/wpa_supplicant(  649): WPS: attr type=0x1023 len=8
D/wpa_supplicant(  649): WPS: attr type=0x1024 len=2
D/wpa_supplicant(  649): WPS: attr type=0x1042 len=5
D/wpa_supplicant(  649): WPS: attr type=0x1054 len=8
D/wpa_supplicant(  649): WPS: attr type=0x1011 len=12
D/wpa_supplicant(  649): WPS: attr type=0x1008 len=2
D/wpa_supplicant(  649): WPS: attr type=0x1049 len=6
D/wpa_supplicant(  649): WPS: WFA subelement id=0 len=1
D/wpa_supplicant(  649): WPS: attr type=0x104a len=1
D/wpa_supplicant(  649): WPS: attr type=0x1044 len=1
D/wpa_supplicant(  649): WPS: attr type=0x103b len=1
D/wpa_supplicant(  649): WPS: attr type=0x1047 len=16
D/wpa_supplicant(  649): WPS: attr type=0x1021 len=5
D/wpa_supplicant(  649): WPS: attr type=0x1023 len=8
D/wpa_supplicant(  649): WPS: attr type=0x1024 len=2
D/wpa_supplicant(  649): WPS: attr type=0x1042 len=5
D/wpa_supplicant(  649): WPS: attr type=0x1054 len=8
D/wpa_supplicant(  649): WPS: attr type=0x1011 len=12
D/wpa_supplicant(  649): WPS: attr type=0x1008 len=2
D/wpa_supplicant(  649): WPS: attr type=0x1049 len=6
D/wpa_supplicant(  649): WPS: WFA subelement id=0 len=1
I/WifiHW  (  591): REPLY: id=0
I/WifiHW  (  591): REPLY: bssid=98:fc:11:8b:81:24
I/WifiHW  (  591): REPLY: freq=2457
I/WifiHW  (  591): REPLY: level=-30
I/WifiHW  (  591): REPLY: tsf=0000530157300051
I/WifiHW  (  591): REPLY: flags=[WPA2-PSK-CCMP][WPS][ESS]
I/WifiHW  (  591): REPLY: ssid=shz24f-umg-ap02-Racer
I/WifiHW  (  591): REPLY: ====
I/WifiHW  (  591): REPLY: id=864
I/WifiHW  (  591): REPLY: bssid=0c:72:2c:50:95:de
I/WifiHW  (  591): REPLY: freq=2412
I/WifiHW  (  591): REPLY: level=-46
I/WifiHW  (  591): REPLY: tsf=0000017592484760
I/WifiHW  (  591): REPLY: flags=[WPA2-PSK-CCMP][WPS][ESS]
I/WifiHW  (  591): REPLY: ssid=TPLINK-1
I/WifiHW  (  591): REPLY: ====
I/WifiHW  (  591): REPLY: id=865
I/WifiHW  (  591): REPLY: bssid=c8:be:19:73:3b:e8
I/WifiHW  (  591): REPLY: freq=2457
I/WifiHW  (  591): REPLY: level=-48
I/WifiHW  (  591): REPLY: tsf=0000019535875436
I/WifiHW  (  591): REPLY: flags=[WPA-PSK-CCMP+TKIP][WPA2-PSK-CCMP+TKIP][WPS][ESS]
I/WifiHW  (  591): REPLY: ssid=channel
I/WifiHW  (  591): REPLY: ====
I/WifiHW  (  591): REPLY: id=866
I/WifiHW  (  591): REPLY: bssid=9c:d6:43:c7:3c:28
I/WifiHW  (  591): REPLY: freq=2457
I/WifiHW  (  591): REPLY: level=-48
I/WifiHW  (  591): REPLY: tsf=0000536988263421
I/WifiHW  (  591): REPLY: flags=[WPA-PSK-CCMP+TKIP][WPA2-PSK-CCMP+TKIP][ESS]
I/WifiHW  (  591): REPLY: ssid=shz24f-umg-stress-2.4G
I/WifiHW  (  591): REPLY: ====
I/WifiHW  (  591): REPLY: id=867
I/WifiHW  (  591): REPLY: bssid=c4:04:15:15:90:a1
I/WifiHW  (  591): REPLY: freq=2412
I/WifiHW  (  591): REPLY: level=-48
I/WifiHW  (  591): REPLY: tsf=0000019761435192
I/WifiHW  (  591): REPLY: flags=[WPA2-PSK-CCMP][WPS][ESS]
I/WifiHW  (  591): REPLY: ssid=shz24f-UMG-ap01-Interoperation
I/WifiHW  (  591): REPLY: ====
I/WifiHW  (  591): REPLY: id=868
I/WifiHW  (  591): REPLY: bssid=d8:24:bd:76:9e:b7
I/WifiHW  (  591): REPLY: freq=2442
I/WifiHW  (  591): REPLY: level=-52
I/WifiHW  (  591): REPLY: tsf=0000009685192582
I/WifiHW  (  591): REPLY: flags=[WPA-PSK-CCMP+TKIP][WPA2-PSK-CCMP+TKIP][WPS][ESS]
I/WifiHW  (  591): REPLY: ssid=shz24f-umg-stability
I/WifiHW  (  591): REPLY: ====
I/WifiHW  (  591): REPLY: id=869
I/WifiHW  (  591): REPLY: bssid=00:09:4c:af:6d:b3
I/WifiHW  (  591): REPLY: freq=2437
I/WifiHW  (  591): REPLY: level=-52
I/WifiHW  (  591): REPLY: tsf=0000000011093441
I/WifiHW  (  591): REPLY: flags=[WPA2-PSK-CCMP][ESS]
I/WifiHW  (  591): REPLY: ssid=AndroidAProseggyggftygfgfffddfty
I/WifiHW  (  591): REPLY: ====
I/WifiHW  (  591): REPLY: id=870
I/WifiHW  (  591): REPLY: bssid=14:e6:e4:a9:ef:9e
I/WifiHW  (  591): REPLY: freq=2412
I/WifiHW  (  591): REPLY: level=-54
I/WifiHW  (  591): REPLY: tsf=0000358615710718
I/WifiHW  (  591): REPLY: flags=[WPA-PSK-CCMP][WPA2-PSK-CCMP][WPS][ESS]
I/WifiHW  (  591): REPLY: ssid=shz24f-mcgopenlabd1-videoconfere
I/WifiHW  (  591): REPLY: ====
I/WifiHW  (  591): REPLY: id=871
I/WifiHW  (  591): REPLY: bssid=f4:7f:35:98:b5:60
I/WifiHW  (  591): REPLY: freq=2462
I/WifiHW  (  591): REPLY: level=-56
I/WifiHW  (  591): REPLY: tsf=0000081104595272
I/WifiHW  (  591): REPLY: flags=[WPA2-PSK-CCMP+TKIP][ESS]
I/WifiHW  (  591): REPLY: ssid=shz24f-umg-ap01-pnp
I/WifiHW  (  591): REPLY: ====
I/WifiHW  (  591): REPLY: id=872
I/WifiHW  (  591): REPLY: bssid=14:e6:e4:44:f9:06
I/WifiHW  (  591): REPLY: freq=2427
I/WifiHW  (  591): REPLY: level=-56
I/WifiHW  (  591): REPLY: tsf=0000000182770858
I/WifiHW  (  591): REPLY: flags=[WPA2-PSK-CCMP][WPS][ESS]
I/WifiHW  (  591): REPLY: ssid=shz24f-mcg-qctv-auto01
I/WifiHW  (  591): REPLY: ====
I/WifiHW  (  591): REPLY: id=873
I/WifiHW  (  591): REPLY: bssid=58:6d:8f:0c:50:f2
I/WifiHW  (  591): REPLY: freq=2462
I/WifiHW  (  591): REPLY: level=-56
I/WifiHW  (  591): REPLY: tsf=0000000000000000
I/WifiHW  (  591): REPLY: flags=[WPA-PSK-CCMP+TKIP][WPA2-PSK-CCMP+TKIP][WPS][ESS]
I/WifiHW  (  591): REPLY: ssid=shz24f-mcg-cisco-2.4G
I/WifiHW  (  591): REPLY: ====
I/WifiHW  (  591): REPLY: id=874
I/WifiHW  (  591): REPLY: bssid=5c:63:bf:e1:3d:26
I/WifiHW  (  591): REPLY: freq=2437
I/WifiHW  (  591): REPLY: level=-58
I/WifiHW  (  591): REPLY: tsf=0000618488100907
I/WifiHW  (  591): REPLY: flags=[WPA-PSK-CCMP][WPA2-PSK-CCMP][WPS][ESS]
I/WifiHW  (  591): REPLY: ssid=
I/WifiHW  (  591): REPLY: ====
I/WifiHW  (  591): REPLY: id=875
I/WifiHW  (  591): REPLY: bssid=02:09:4c:8e:17:5f
I/WifiHW  (  591): REPLY: freq=2412
I/WifiHW  (  591): REPLY: level=-64
I/WifiHW  (  591): REPLY: tsf=0000001801159337
I/WifiHW  (  591): REPLY: flags=[WPA2-PSK-CCMP][WPS][ESS]
I/WifiHW  (  591): REPLY: ssid=DIRECT-pm-Android_8599
I/WifiHW  (  591): REPLY: ====
I/WifiHW  (  591): REPLY: id=876
I/WifiHW  (  591): REPLY: bssid=3c:ce:73:6c:8f:69
I/WifiHW  (  591): REPLY: freq=2412
I/WifiHW  (  591): REPLY: level=-72
I/WifiHW  (  591): REPLY: tsf=0009520944279604
I/WifiHW  (  591): REPLY: flags=[WPA2-EAP-CCMP][ESS]
I/WifiHW  (  591): REPLY: ssid=LabWLAN
I/WifiHW  (  591): REPLY: ====
I/WifiHW  (  591): REPLY: id=877
I/WifiHW  (  591): REPLY: bssid=08:bd:43:bf:f1:37
I/WifiHW  (  591): REPLY: freq=2437
I/WifiHW  (  591): REPLY: level=-74
I/WifiHW  (  591): REPLY: tsf=0000989465499026
I/WifiHW  (  591): REPLY: flags=[WPA2-PSK-CCMP][ESS]
I/WifiHW  (  591): REPLY: ssid=shz24f-mcg-graphics-ap01
I/WifiHW  (  591): REPLY: ====
I/WifiHW  (  591): REPLY: id=878
I/WifiHW  (  591): REPLY: bssid=3c:ce:73:70:70:52
I/WifiHW  (  591): REPLY: freq=2437
I/WifiHW  (  591): REPLY: level=-56
I/WifiHW  (  591): REPLY: tsf=0000963976182258
I/WifiHW  (  591): REPLY: flags=[ESS]
I/WifiHW  (  591): REPLY: ssid=Guest
I/WifiHW  (  591): REPLY: ####
I/WAKELOCK_ACQUIRE(  591): TIMESTAMP=11076870814479, TAG=Ze, TYPE=PARTIAL_WAKE_LOCK             , COUNT=0, PID=12134, UID=10085, FLAGS=
I/WAKELOCK_ACQUIRE(  591): TIMESTAMP=11076913743888, TAG=Ze, TYPE=PARTIAL_WAKE_LOCK             , COUNT=0, PID=12134, UID=10085, FLAGS=
I/WAKELOCK_ACQUIRE(  591): TIMESTAMP=11076920675383, TAG=NlpWakeLock, TYPE=PARTIAL_WAKE_LOCK             , COUNT=0, PID=3031, UID=10009, FLAGS=
