D/hwcomposer(  429): virtual bool IntelDisplayDevice::flipFramebufferContexts(void*, hwc_layer_1_t*): buf stamp 13...
D/hwcomposer(  429): virtual bool IntelMIPIDisplayDevice::commit(hwc_display_contents_1_t*, const native_handle_t**, int*, int**, int&): flip plane 2, flags: 0x0
D/hwcomposer(  429): virtual bool IntelOverlayPlane::flip(void*, uint32_t): overlay context ovadd: 0x8010001, pipe:0x0, index: 0x0
D/hwcomposer(  429): bool IntelHWComposer::commitDisplays(size_t, hwc_display_contents_1_t**): commits 2 buffers
D/hwcomposer(  429): virtual bool IntelMIPIDisplayDevice::prepare(hwc_display_contents_1_t*)
D/hwcomposer(  429): virtual void IntelMIPIDisplayDevice::onGeometryChanged(hwc_display_contents_1_t*)
D/hwcomposer(  429): void IntelDisplayPlaneManager::reclaimPlane(IntelDisplayPlane*): reclaimPlane 0
D/hwcomposer(  429): isRGBOverlayLayer: got an RGB overlay layer
D/hwcomposer(  429): void IntelOverlayContext::setPosition(int, int, int, int): 0, 0, 720, 50
D/hwcomposer(  429): int IntelDisplayPlaneManager::setZOrderConfig(int, int): 3
D/hwcomposer(  429): convertBuffer: handle 0x69added0
I/WifiHW  (  429): CMD: SIGNAL_POLL
D/hwcomposer(  429): convertBuffer: found handle 0x69added0 at 0 value 0x67c931c0
D/hwcomposer(  429): virtual bool IntelOverlayPlane::setDataBuffer(uint32_t, uint32_t, IMG_native_handle_t*): next buffer 1
D/hwcomposer(  429): bool IntelOverlayContext::bufferOffsetSetup(IntelDisplayDataBuffer&): setting up buffer offset...
D/hwcomposer(  429): bool IntelOverlayContext::bufferOffsetSetup(IntelDisplayDataBuffer&): done. offset (0, 38400, 0)
D/hwcomposer(  429): bool IntelOverlayContext::coordinateSetup(IntelDisplayDataBuffer&): setting up coordinates...
D/hwcomposer(  429): bool IntelOverlayContext::scalingSetup(IntelDisplayDataBuffer&): Final position (0, 0, 720, 50)
D/wpa_supplicant(  548): ctrl_iface: SIGNAL_POLL
D/hwcomposer(  429): bool IntelOverlayContext::scalingSetup(IntelDisplayDataBuffer&): src (720x50) v.s. (720x50)
D/hwcomposer(  429): bool IntelOverlayContext::scalingSetup(IntelDisplayDataBuffer&): done
D/hwcomposer(  429): bool IntelOverlayContext::setDataBuffer(IntelDisplayDataBuffer&): done
D/wpa_supplicant(  548): nl80211: survey data missing!
I/WifiHW  (  429): REPLY: RSSI=-32
I/WifiHW  (  429): REPLY: LINKSPEED=11
I/WifiHW  (  429): REPLY: NOISE=-95
I/WifiHW  (  429): REPLY: FREQUENCY=2452
D/hwcomposer(  429): virtual bool IntelMIPIDisplayDevice::commit(hwc_display_contents_1_t*, const native_handle_t**, int*, int**, int&)
D/hwcomposer(  429): flipFrameBufferContexts
D/hwcomposer(  429): virtual bool IntelDisplayDevice::flipFramebufferContexts(void*, hwc_layer_1_t*): buf stamp 14...
D/hwcomposer(  429): virtual bool IntelMIPIDisplayDevice::commit(hwc_display_contents_1_t*, const native_handle_t**, int*, int**, int&): flip plane 2, flags: 0x0
D/hwcomposer(  429): virtual bool IntelOverlayPlane::flip(void*, uint32_t): overlay context ovadd: 0x8010001, pipe:0x0, index: 0x0
D/hwcomposer(  429): bool IntelHWComposer::commitDisplays(size_t, hwc_display_contents_1_t**): commits 2 buffers
D/hwcomposer(  429): virtual bool IntelMIPIDisplayDevice::prepare(hwc_display_contents_1_t*)
D/hwcomposer(  429): virtual void IntelMIPIDisplayDevice::onGeometryChanged(hwc_display_contents_1_t*)
D/hwcomposer(  429): void IntelDisplayPlaneManager::reclaimPlane(IntelDisplayPlane*): reclaimPlane 0
D/hwcomposer(  429): isRGBOverlayLayer: got an RGB overlay layer
D/hwcomposer(  429): void IntelOverlayContext::setPosition(int, int, int, int): 0, 0, 720, 50
D/hwcomposer(  429): int IntelDisplayPlaneManager::setZOrderConfig(int, int): 3
D/hwcomposer(  429): convertBuffer: handle 0x69added0
D/hwcomposer(  429): convertBuffer: found handle 0x69added0 at 0 value 0x67c931c0
D/hwcomposer(  429): virtual bool IntelOverlayPlane::setDataBuffer(uint32_t, uint32_t, IMG_native_handle_t*): next buffer 1
D/hwcomposer(  429): bool IntelOverlayContext::bufferOffsetSetup(IntelDisplayDataBuffer&): setting up buffer offset...
D/hwcomposer(  429): bool IntelOverlayContext::bufferOffsetSetup(IntelDisplayDataBuffer&): done. offset (0, 38400, 0)
D/hwcomposer(  429): bool IntelOverlayContext::coordinateSetup(IntelDisplayDataBuffer&): setting up coordinates...
D/hwcomposer(  429): bool IntelOverlayContext::scalingSetup(IntelDisplayDataBuffer&): Final position (0, 0, 720, 50)
D/hwcomposer(  429): bool IntelOverlayContext::scalingSetup(IntelDisplayDataBuffer&): src (720x50) v.s. (720x50)
D/hwcomposer(  429): bool IntelOverlayContext::scalingSetup(IntelDisplayDataBuffer&): done
D/hwcomposer(  429): bool IntelOverlayContext::setDataBuffer(IntelDisplayDataBuffer&): done
D/hwcomposer(  429): virtual bool IntelMIPIDisplayDevice::commit(hwc_display_contents_1_t*, const native_handle_t**, int*, int**, int&)
D/hwcomposer(  429): flipFrameBufferContexts
D/hwcomposer(  429): virtual bool IntelDisplayDevice::flipFramebufferContexts(void*, hwc_layer_1_t*): buf stamp 2...
D/hwcomposer(  429): virtual bool IntelMIPIDisplayDevice::commit(hwc_display_contents_1_t*, const native_handle_t**, int*, int**, int&): flip plane 2, flags: 0x0
D/hwcomposer(  429): virtual bool IntelOverlayPlane::flip(void*, uint32_t): overlay context ovadd: 0x8010001, pipe:0x0, index: 0x0
D/hwcomposer(  429): bool IntelHWComposer::commitDisplays(size_t, hwc_display_contents_1_t**): commits 2 buffers
D/hwcomposer(  429): virtual bool IntelMIPIDisplayDevice::prepare(hwc_display_contents_1_t*)
D/hwcomposer(  429): virtual void IntelMIPIDisplayDevice::onGeometryChanged(hwc_display_contents_1_t*)
D/hwcomposer(  429): void IntelDisplayPlaneManager::reclaimPlane(IntelDisplayPlane*): reclaimPlane 0
D/hwcomposer(  429): isRGBOverlayLayer: got an RGB overlay layer
D/hwcomposer(  429): void IntelOverlayContext::setPosition(int, int, int, int): 0, 0, 720, 50
D/hwcomposer(  429): int IntelDisplayPlaneManager::setZOrderConfig(int, int): 3
D/hwcomposer(  429): convertBuffer: handle 0x69added0
D/hwcomposer(  429): convertBuffer: found handle 0x69added0 at 0 value 0x67c931c0
D/hwcomposer(  429): virtual bool IntelOverlayPlane::setDataBuffer(uint32_t, uint32_t, IMG_native_handle_t*): next buffer 1
D/hwcomposer(  429): bool IntelOverlayContext::bufferOffsetSetup(IntelDisplayDataBuffer&): setting up buffer offset...
D/hwcomposer(  429): bool IntelOverlayContext::bufferOffsetSetup(IntelDisplayDataBuffer&): done. offset (0, 38400, 0)
D/hwcomposer(  429): bool IntelOverlayContext::coordinateSetup(IntelDisplayDataBuffer&): setting up coordinates...
D/hwcomposer(  429): bool IntelOverlayContext::scalingSetup(IntelDisplayDataBuffer&): Final position (0, 0, 720, 50)
D/hwcomposer(  429): bool IntelOverlayContext::scalingSetup(IntelDisplayDataBuffer&): src (720x50) v.s. (720x50)
D/hwcomposer(  429): bool IntelOverlayContext::scalingSetup(IntelDisplayDataBuffer&): done
D/hwcomposer(  429): bool IntelOverlayContext::setDataBuffer(IntelDisplayDataBuffer&): done
D/hwcomposer(  429): virtual bool IntelMIPIDisplayDevice::commit(hwc_display_contents_1_t*, const native_handle_t**, int*, int**, int&)
D/hwcomposer(  429): flipFrameBufferContexts
D/hwcomposer(  429): virtual bool IntelDisplayDevice::flipFramebufferContexts(void*, hwc_layer_1_t*): buf stamp 13...
D/hwcomposer(  429): virtual bool IntelMIPIDisplayDevice::commit(hwc_display_contents_1_t*, const native_handle_t**, int*, int**, int&): flip plane 2, flags: 0x0
D/hwcomposer(  429): virtual bool IntelOverlayPlane::flip(void*, uint32_t): overlay context ovadd: 0x8010001, pipe:0x0, index: 0x0
D/hwcomposer(  429): bool IntelHWComposer::commitDisplays(size_t, hwc_display_contents_1_t**): commits 2 buffers
D/hwcomposer(  429): virtual bool IntelMIPIDisplayDevice::prepare(hwc_display_contents_1_t*)
D/hwcomposer(  429): virtual void IntelMIPIDisplayDevice::onGeometryChanged(hwc_display_contents_1_t*)
D/hwcomposer(  429): void IntelDisplayPlaneManager::reclaimPlane(IntelDisplayPlane*): reclaimPlane 0
D/hwcomposer(  429): isRGBOverlayLayer: got an RGB overlay layer
D/hwcomposer(  429): void IntelOverlayContext::setPosition(int, int, int, int): 0, 0, 720, 50
D/hwcomposer(  429): int IntelDisplayPlaneManager::setZOrderConfig(int, int): 3
D/hwcomposer(  429): convertBuffer: handle 0x69added0
D/hwcomposer(  429): convertBuffer: found handle 0x69added0 at 0 value 0x67c931c0
D/hwcomposer(  429): virtual bool IntelOverlayPlane::setDataBuffer(uint32_t, uint32_t, IMG_native_handle_t*): next buffer 1
D/hwcomposer(  429): bool IntelOverlayContext::bufferOffsetSetup(IntelDisplayDataBuffer&): setting up buffer offset...
D/hwcomposer(  429): bool IntelOverlayContext::bufferOffsetSetup(IntelDisplayDataBuffer&): done. offset (0, 38400, 0)
D/hwcomposer(  429): bool IntelOverlayContext::coordinateSetup(IntelDisplayDataBuffer&): setting up coordinates...
D/hwcomposer(  429): bool IntelOverlayContext::scalingSetup(IntelDisplayDataBuffer&): Final position (0, 0, 720, 50)
D/hwcomposer(  429): bool IntelOverlayContext::scalingSetup(IntelDisplayDataBuffer&): src (720x50) v.s. (720x50)
D/hwcomposer(  429): bool IntelOverlayContext::scalingSetup(IntelDisplayDataBuffer&): done
D/hwcomposer(  429): bool IntelOverlayContext::setDataBuffer(IntelDisplayDataBuffer&): done
D/hwcomposer(  429): virtual bool IntelMIPIDisplayDevice::commit(hwc_display_contents_1_t*, const native_handle_t**, int*, int**, int&)
D/hwcomposer(  429): flipFrameBufferContexts
D/hwcomposer(  429): virtual bool IntelDisplayDevice::flipFramebufferContexts(void*, hwc_layer_1_t*): buf stamp 14...
D/hwcomposer(  429): virtual bool IntelMIPIDisplayDevice::commit(hwc_display_contents_1_t*, const native_handle_t**, int*, int**, int&): flip plane 2, flags: 0x0
D/hwcomposer(  429): virtual bool IntelOverlayPlane::flip(void*, uint32_t): overlay context ovadd: 0x8010001, pipe:0x0, index: 0x0
D/hwcomposer(  429): bool IntelHWComposer::commitDisplays(size_t, hwc_display_contents_1_t**): commits 2 buffers
D/hwcomposer(  429): virtual bool IntelMIPIDisplayDevice::prepare(hwc_display_contents_1_t*)
D/hwcomposer(  429): convertBuffer: handle 0x69added0
D/hwcomposer(  429): convertBuffer: found handle 0x69added0 at 0 value 0x67c931c0
D/hwcomposer(  429): virtual bool IntelOverlayPlane::setDataBuffer(uint32_t, uint32_t, IMG_native_handle_t*): next buffer 1
D/hwcomposer(  429): bool IntelOverlayContext::bufferOffsetSetup(IntelDisplayDataBuffer&): setting up buffer offset...
D/hwcomposer(  429): bool IntelOverlayContext::bufferOffsetSetup(IntelDisplayDataBuffer&): done. offset (0, 38400, 0)
D/hwcomposer(  429): bool IntelOverlayContext::coordinateSetup(IntelDisplayDataBuffer&): setting up coordinates...
D/hwcomposer(  429): bool IntelOverlayContext::setDataBuffer(IntelDisplayDataBuffer&): done
D/hwcomposer(  429): virtual bool IntelMIPIDisplayDevice::commit(hwc_display_contents_1_t*, const native_handle_t**, int*, int**, int&)
D/hwcomposer(  429): flipFrameBufferContexts
D/hwcomposer(  429): virtual bool IntelDisplayDevice::flipFramebufferContexts(void*, hwc_layer_1_t*): buf stamp 2...
D/hwcomposer(  429): virtual bool IntelMIPIDisplayDevice::commit(hwc_display_contents_1_t*, const native_handle_t**, int*, int**, int&): flip plane 2, flags: 0x0
D/hwcomposer(  429): virtual bool IntelOverlayPlane::flip(void*, uint32_t): overlay context ovadd: 0x8010001, pipe:0x0, index: 0x0
D/hwcomposer(  429): bool IntelHWComposer::commitDisplays(size_t, hwc_display_contents_1_t**): commits 2 buffers
D/hwcomposer(  429): virtual bool IntelMIPIDisplayDevice::prepare(hwc_display_contents_1_t*)
D/hwcomposer(  429): convertBuffer: handle 0x69added0
D/hwcomposer(  429): convertBuffer: found handle 0x69added0 at 0 value 0x67c931c0
D/hwcomposer(  429): virtual bool IntelOverlayPlane::setDataBuffer(uint32_t, uint32_t, IMG_native_handle_t*): next buffer 1
D/hwcomposer(  429): bool IntelOverlayContext::bufferOffsetSetup(IntelDisplayDataBuffer&): setting up buffer offset...
D/hwcomposer(  429): bool IntelOverlayContext::bufferOffsetSetup(IntelDisplayDataBuffer&): done. offset (0, 38400, 0)
D/hwcomposer(  429): bool IntelOverlayContext::coordinateSetup(IntelDisplayDataBuffer&): setting up coordinates...
D/hwcomposer(  429): bool IntelOverlayContext::setDataBuffer(IntelDisplayDataBuffer&): done
D/hwcomposer(  429): virtual bool IntelMIPIDisplayDevice::commit(hwc_display_contents_1_t*, const native_handle_t**, int*, int**, int&)
D/hwcomposer(  429): flipFrameBufferContexts
D/hwcomposer(  429): virtual bool IntelDisplayDevice::flipFramebufferContexts(void*, hwc_layer_1_t*): buf stamp 13...
D/hwcomposer(  429): virtual bool IntelMIPIDisplayDevice::commit(hwc_display_contents_1_t*, const native_handle_t**, int*, int**, int&): flip plane 2, flags: 0x0
D/hwcomposer(  429): virtual bool IntelOverlayPlane::flip(void*, uint32_t): overlay context ovadd: 0x8010001, pipe:0x0, index: 0x0
D/hwcomposer(  429): bool IntelHWComposer::commitDisplays(size_t, hwc_display_contents_1_t**): commits 2 buffers
D/hwcomposer(  429): virtual bool IntelMIPIDisplayDevice::prepare(hwc_display_contents_1_t*)
D/hwcomposer(  429): convertBuffer: handle 0x69added0
D/hwcomposer(  429): convertBuffer: found handle 0x69added0 at 0 value 0x67c931c0
D/hwcomposer(  429): virtual bool IntelOverlayPlane::setDataBuffer(uint32_t, uint32_t, IMG_native_handle_t*): next buffer 1
D/hwcomposer(  429): bool IntelOverlayContext::bufferOffsetSetup(IntelDisplayDataBuffer&): setting up buffer offset...
D/hwcomposer(  429): bool IntelOverlayContext::bufferOffsetSetup(IntelDisplayDataBuffer&): done. offset (0, 38400, 0)
D/hwcomposer(  429): bool IntelOverlayContext::coordinateSetup(IntelDisplayDataBuffer&): setting up coordinates...
D/hwcomposer(  429): bool IntelOverlayContext::setDataBuffer(IntelDisplayDataBuffer&): done
D/hwcomposer(  429): virtual bool IntelMIPIDisplayDevice::commit(hwc_display_contents_1_t*, const native_handle_t**, int*, int**, int&)
D/hwcomposer(  429): flipFrameBufferContexts
D/hwcomposer(  429): virtual bool IntelDisplayDevice::flipFramebufferContexts(void*, hwc_layer_1_t*): buf stamp 14...
D/hwcomposer(  429): virtual bool IntelMIPIDisplayDevice::commit(hwc_display_contents_1_t*, const native_handle_t**, int*, int**, int&): flip plane 2, flags: 0x0
D/hwcomposer(  429): virtual bool IntelOverlayPlane::flip(void*, uint32_t): overlay context ovadd: 0x8010001, pipe:0x0, index: 0x0
D/hwcomposer(  429): bool IntelHWComposer::commitDisplays(size_t, hwc_display_contents_1_t**): commits 2 buffers
D/hwcomposer(  429): virtual bool IntelMIPIDisplayDevice::prepare(hwc_display_contents_1_t*)
D/hwcomposer(  429): convertBuffer: handle 0x69added0
D/hwcomposer(  429): convertBuffer: found handle 0x69added0 at 0 value 0x67c931c0
D/hwcomposer(  429): virtual bool IntelOverlayPlane::setDataBuffer(uint32_t, uint32_t, IMG_native_handle_t*): next buffer 1
D/hwcomposer(  429): bool IntelOverlayContext::bufferOffsetSetup(IntelDisplayDataBuffer&): setting up buffer offset...
D/hwcomposer(  429): bool IntelOverlayContext::bufferOffsetSetup(IntelDisplayDataBuffer&): done. offset (0, 38400, 0)
D/hwcomposer(  429): bool IntelOverlayContext::coordinateSetup(IntelDisplayDataBuffer&): setting up coordinates...
D/hwcomposer(  429): bool IntelOverlayContext::setDataBuffer(IntelDisplayDataBuffer&): done
D/hwcomposer(  429): virtual bool IntelMIPIDisplayDevice::commit(hwc_display_contents_1_t*, const native_handle_t**, int*, int**, int&)
D/hwcomposer(  429): flipFrameBufferContexts
D/hwcomposer(  429): virtual bool IntelDisplayDevice::flipFramebufferContexts(void*, hwc_layer_1_t*): buf stamp 2...
D/hwcomposer(  429): virtual bool IntelMIPIDisplayDevice::commit(hwc_display_contents_1_t*, const native_handle_t**, int*, int**, int&): flip plane 2, flags: 0x0
D/hwcomposer(  429): virtual bool IntelOverlayPlane::flip(void*, uint32_t): overlay context ovadd: 0x8010001, pipe:0x0, index: 0x0
D/hwcomposer(  429): bool IntelHWComposer::commitDisplays(size_t, hwc_display_contents_1_t**): commits 2 buffers
D/hwcomposer(  429): virtual bool IntelMIPIDisplayDevice::prepare(hwc_display_contents_1_t*)
D/hwcomposer(  429): convertBuffer: handle 0x69added0
D/hwcomposer(  429): convertBuffer: found handle 0x69added0 at 0 value 0x67c931c0
D/hwcomposer(  429): virtual bool IntelOverlayPlane::setDataBuffer(uint32_t, uint32_t, IMG_native_handle_t*): next buffer 1
D/hwcomposer(  429): bool IntelOverlayContext::bufferOffsetSetup(IntelDisplayDataBuffer&): setting up buffer offset...
D/hwcomposer(  429): bool IntelOverlayContext::bufferOffsetSetup(IntelDisplayDataBuffer&): done. offset (0, 38400, 0)
D/hwcomposer(  429): bool IntelOverlayContext::coordinateSetup(IntelDisplayDataBuffer&): setting up coordinates...
D/hwcomposer(  429): bool IntelOverlayContext::setDataBuffer(IntelDisplayDataBuffer&): done
D/hwcomposer(  429): virtual bool IntelMIPIDisplayDevice::commit(hwc_display_contents_1_t*, const native_handle_t**, int*, int**, int&)
D/hwcomposer(  429): flipFrameBufferContexts
D/hwcomposer(  429): virtual bool IntelDisplayDevice::flipFramebufferContexts(void*, hwc_layer_1_t*): buf stamp 13...
D/hwcomposer(  429): virtual bool IntelMIPIDisplayDevice::commit(hwc_display_contents_1_t*, const native_handle_t**, int*, int**, int&): flip plane 2, flags: 0x0
D/hwcomposer(  429): virtual bool IntelOverlayPlane::flip(void*, uint32_t): overlay context ovadd: 0x8010001, pipe:0x0, index: 0x0
D/hwcomposer(  429): bool IntelHWComposer::commitDisplays(size_t, hwc_display_contents_1_t**): commits 2 buffers
D/Vibrator(  429): switchOff : Turn OFF vibrator request
D/EVENT_THREAD(  429): void CEventThread::cancelAlarm()
D/EVENT_THREAD(  429): void CEventThread::run() Do poll with timeout: -1
D/Vibrator(  429): switchOn : Turn ON vibrator for 10 ms request
D/EVENT_THREAD(  429): void CEventThread::startAlarm(uint32_t) 10ms
D/EVENT_THREAD(  429): void CEventThread::run() Do poll with timeout: 10
D/hwcomposer(  429): virtual bool IntelMIPIDisplayDevice::prepare(hwc_display_contents_1_t*)
D/hwcomposer(  429): convertBuffer: handle 0x69added0
D/hwcomposer(  429): convertBuffer: found handle 0x69added0 at 0 value 0x67c931c0
D/hwcomposer(  429): virtual bool IntelOverlayPlane::setDataBuffer(uint32_t, uint32_t, IMG_native_handle_t*): next buffer 1
D/hwcomposer(  429): bool IntelOverlayContext::bufferOffsetSetup(IntelDisplayDataBuffer&): setting up buffer offset...
D/hwcomposer(  429): bool IntelOverlayContext::bufferOffsetSetup(IntelDisplayDataBuffer&): done. offset (0, 38400, 0)
D/hwcomposer(  429): bool IntelOverlayContext::coordinateSetup(IntelDisplayDataBuffer&): setting up coordinates...
D/hwcomposer(  429): bool IntelOverlayContext::setDataBuffer(IntelDisplayDataBuffer&): done
D/hwcomposer(  429): virtual bool IntelMIPIDisplayDevice::commit(hwc_display_contents_1_t*, const native_handle_t**, int*, int**, int&)
D/hwcomposer(  429): flipFrameBufferContexts
D/hwcomposer(  429): virtual bool IntelDisplayDevice::flipFramebufferContexts(void*, hwc_layer_1_t*): buf stamp 14...
D/hwcomposer(  429): virtual bool IntelMIPIDisplayDevice::commit(hwc_display_contents_1_t*, const native_handle_t**, int*, int**, int&): flip plane 2, flags: 0x0
D/hwcomposer(  429): virtual bool IntelOverlayPlane::flip(void*, uint32_t): overlay context ovadd: 0x8010001, pipe:0x0, index: 0x0
D/hwcomposer(  429): bool IntelHWComposer::commitDisplays(size_t, hwc_display_contents_1_t**): commits 2 buffers
I/WAKELOCK_ACQUIRE(  429): TIMESTAMP=20829605326782, TAG=*vibrator*, TYPE=PARTIAL_WAKE_LOCK             , COUNT=0, PID=429, UID=1000, FLAGS=
D/EVENT_THREAD(  429): void CEventThread::cancelAlarm()
D/EVENT_THREAD(  429): void CEventThread::run() Do poll with timeout: -1
D/hwcomposer(  429): virtual bool IntelMIPIDisplayDevice::prepare(hwc_display_contents_1_t*)
D/hwcomposer(  429): convertBuffer: handle 0x69added0
D/hwcomposer(  429): convertBuffer: found handle 0x69added0 at 0 value 0x67c931c0
D/hwcomposer(  429): virtual bool IntelOverlayPlane::setDataBuffer(uint32_t, uint32_t, IMG_native_handle_t*): next buffer 1
D/hwcomposer(  429): bool IntelOverlayContext::bufferOffsetSetup(IntelDisplayDataBuffer&): setting up buffer offset...
D/hwcomposer(  429): bool IntelOverlayContext::bufferOffsetSetup(IntelDisplayDataBuffer&): done. offset (0, 38400, 0)
D/hwcomposer(  429): bool IntelOverlayContext::coordinateSetup(IntelDisplayDataBuffer&): setting up coordinates...
D/hwcomposer(  429): bool IntelOverlayContext::setDataBuffer(IntelDisplayDataBuffer&): done
D/hwcomposer(  429): virtual bool IntelMIPIDisplayDevice::commit(hwc_display_contents_1_t*, const native_handle_t**, int*, int**, int&)
D/hwcomposer(  429): flipFrameBufferContexts
D/hwcomposer(  429): virtual bool IntelDisplayDevice::flipFramebufferContexts(void*, hwc_layer_1_t*): buf stamp 2...
D/hwcomposer(  429): virtual bool IntelMIPIDisplayDevice::commit(hwc_display_contents_1_t*, const native_handle_t**, int*, int**, int&): flip plane 2, flags: 0x0
D/hwcomposer(  429): virtual bool IntelOverlayPlane::flip(void*, uint32_t): overlay context ovadd: 0x8010001, pipe:0x0, index: 0x0
D/hwcomposer(  429): bool IntelHWComposer::commitDisplays(size_t, hwc_display_contents_1_t**): commits 2 buffers
D/Vibrator(  429): switchOn : Turn ON vibrator for 30 ms request
D/EVENT_THREAD(  429): void CEventThread::startAlarm(uint32_t) 30ms
D/EVENT_THREAD(  429): void CEventThread::run() Do poll with timeout: 30
D/hwcomposer(  429): virtual bool IntelMIPIDisplayDevice::prepare(hwc_display_contents_1_t*)
D/hwcomposer(  429): convertBuffer: handle 0x69added0
D/hwcomposer(  429): convertBuffer: found handle 0x69added0 at 0 value 0x67c931c0
D/hwcomposer(  429): virtual bool IntelOverlayPlane::setDataBuffer(uint32_t, uint32_t, IMG_native_handle_t*): next buffer 1
D/hwcomposer(  429): bool IntelOverlayContext::bufferOffsetSetup(IntelDisplayDataBuffer&): setting up buffer offset...
D/hwcomposer(  429): bool IntelOverlayContext::bufferOffsetSetup(IntelDisplayDataBuffer&): done. offset (0, 38400, 0)
D/hwcomposer(  429): bool IntelOverlayContext::coordinateSetup(IntelDisplayDataBuffer&): setting up coordinates...
D/hwcomposer(  429): bool IntelOverlayContext::setDataBuffer(IntelDisplayDataBuffer&): done
D/hwcomposer(  429): virtual bool IntelMIPIDisplayDevice::commit(hwc_display_contents_1_t*, const native_handle_t**, int*, int**, int&)
D/hwcomposer(  429): flipFrameBufferContexts
D/hwcomposer(  429): virtual bool IntelDisplayDevice::flipFramebufferContexts(void*, hwc_layer_1_t*): buf stamp 13...
D/hwcomposer(  429): virtual bool IntelMIPIDisplayDevice::commit(hwc_display_contents_1_t*, const native_handle_t**, int*, int**, int&): flip plane 2, flags: 0x0
D/hwcomposer(  429): virtual bool IntelOverlayPlane::flip(void*, uint32_t): overlay context ovadd: 0x8010001, pipe:0x0, index: 0x0
D/hwcomposer(  429): bool IntelHWComposer::commitDisplays(size_t, hwc_display_contents_1_t**): commits 2 buffers
I/AudioPolicyManagerBase(  159): getOutput() stream 1, samplingRate 0, format 0, channelMask 3, flags 0
I/AudioPolicyManagerBase(  159): getOutput() stream 1, samplingRate 0, format 0, channelMask 3, flags 0
I/AudioPolicyManagerBase(  159): getOutput() stream 1, samplingRate 44100, format 1, channelMask 1, flags 4
D/hwcomposer(  429): virtual bool IntelMIPIDisplayDevice::prepare(hwc_display_contents_1_t*)
D/AudioPolicyManagerALSA(  159): startOutput() output 2, stream type 1, session 166
D/hwcomposer(  429): convertBuffer: handle 0x69added0
D/hwcomposer(  429): convertBuffer: found handle 0x69added0 at 0 value 0x67c931c0
D/hwcomposer(  429): virtual bool IntelOverlayPlane::setDataBuffer(uint32_t, uint32_t, IMG_native_handle_t*): next buffer 1
D/hwcomposer(  429): bool IntelOverlayContext::bufferOffsetSetup(IntelDisplayDataBuffer&): setting up buffer offset...
D/hwcomposer(  429): bool IntelOverlayContext::bufferOffsetSetup(IntelDisplayDataBuffer&): done. offset (0, 38400, 0)
D/hwcomposer(  429): bool IntelOverlayContext::coordinateSetup(IntelDisplayDataBuffer&): setting up coordinates...
D/hwcomposer(  429): bool IntelOverlayContext::setDataBuffer(IntelDisplayDataBuffer&): done
D/AudioFlinger(  159): reconfig due to o/p flag ?
V/EffectBundle(  159): 	LVSE: Effect_command(): cmdCode Case: EFFECT_CMD_SET_DEVICE start for session  54
V/EffectBundle(  159): 	LVSE: Effect_command(): Device is now: DEVICE_SPEAKER for session  54
V/EffectBundle(  159): 	LVSE: Effect_command(): Device is now (ICS convention): AUDIO_DEVICE_OUT_SPEAKER for session  54
V/EffectBundle(  159): 	LVSE: Effect_command(): EFFECT_CMD_SET_DEVICE device is valid for LVM_LOUDNESS_MAXIMIZER 2
V/EffectBundle(  159): 	LVSE: Effect_command cmdCode Case: EFFECT_CMD_SET_DEVICE end
V/EffectBundle(  159): 	LVSE: Effect_command(): cmdCode Case: EFFECT_CMD_SET_DEVICE start for session  54
V/EffectBundle(  159): 	LVSE: Effect_command(): Device is now: DEVICE_SPEAKER for session  54
V/EffectBundle(  159): 	LVSE: Effect_command(): Device is now (ICS convention): AUDIO_DEVICE_OUT_SPEAKER for session  54
V/EffectBundle(  159): 	LVSE: Effect_command cmdCode Case: EFFECT_CMD_SET_DEVICE end
V/EffectBundle(  159): 	LVSE: Effect_command(): cmdCode Case: EFFECT_CMD_SET_DEVICE start for session  54
V/EffectBundle(  159): 	LVSE: Effect_command(): Device is now: DEVICE_SPEAKER for session  54
V/EffectBundle(  159): 	LVSE: Effect_command(): Device is now (ICS convention): AUDIO_DEVICE_OUT_SPEAKER for session  54
V/EffectBundle(  159): 	LVSE: Effect_command cmdCode Case: EFFECT_CMD_SET_DEVICE end
D/hwcomposer(  429): virtual bool IntelMIPIDisplayDevice::commit(hwc_display_contents_1_t*, const native_handle_t**, int*, int**, int&)
D/hwcomposer(  429): flipFrameBufferContexts
D/hwcomposer(  429): virtual bool IntelDisplayDevice::flipFramebufferContexts(void*, hwc_layer_1_t*): buf stamp 14...
D/hwcomposer(  429): virtual bool IntelMIPIDisplayDevice::commit(hwc_display_contents_1_t*, const native_handle_t**, int*, int**, int&): flip plane 2, flags: 0x0
V/EffectBundle(  159): 	LVSE: Effect_command(): cmdCode Case: EFFECT_CMD_SET_DEVICE start for session  54
D/hwcomposer(  429): virtual bool IntelOverlayPlane::flip(void*, uint32_t): overlay context ovadd: 0x8010001, pipe:0x0, index: 0x0
D/hwcomposer(  429): bool IntelHWComposer::commitDisplays(size_t, hwc_display_contents_1_t**): commits 2 buffers
V/EffectBundle(  159): 	LVSE: Effect_command(): Device is now: DEVICE_SPEAKER for session  54
V/EffectBundle(  159): 	LVSE: Effect_command(): Device is now (ICS convention): AUDIO_DEVICE_OUT_SPEAKER for session  54
V/EffectBundle(  159): 	LVSE: Effect_command(): EFFECT_CMD_SET_DEVICE device is invalid for LVM_BASS_BOOST 2
V/EffectBundle(  159): 	LVSE: Effect_command(): EFFECT_CMD_SET_DEVICE temporary disable LVM_BAS_BOOST
V/EffectBundle(  159): 	LVSE: Effect_command cmdCode Case: EFFECT_CMD_SET_DEVICE end
V/EffectBundle(  159): 	LVSE: Effect_command(): cmdCode Case: EFFECT_CMD_SET_DEVICE start for session  54
V/EffectBundle(  159): 	LVSE: Effect_command(): Device is now: DEVICE_SPEAKER for session  54
V/EffectBundle(  159): 	LVSE: Effect_command(): Device is now (ICS convention): AUDIO_DEVICE_OUT_SPEAKER for session  54
V/EffectBundle(  159): 	LVSE: EFFECT_CMD_SET_DEVICE device is valid for LVM_VIRTUALIZER 2
V/EffectBundle(  159): 	LVSE: EFFECT_CMD_SET_DEVICE device format is valid   for LVM_VIRTUALIZER -> LVM_SPEAKER_STEREO
V/EffectBundle(  159): 	LVSE: EFFECT_CMD_SET_DEVICE bVirtualizerTempDisabled is LVM_FALSE
V/EffectBundle(  159): 	LVSE: EFFECT_CMD_SET_DEVICE is DEVICE_SPEAKER and type is LVM_SPEAKER_STEREO
V/EffectBundle(  159): 	LVSE: Effect_command(): EFFECT_CMD_SET_DEVICE Save VirtualizerType as 3
V/EffectBundle(  159): 	LVSE: Effect_command(): EFFECT_CMD_SET_DEVICE Set SpeakerType     to LVM_MOBILE_SPEAKERS_MEDIUM
V/EffectBundle(  159): 	LVSE: Effect_command(): EFFECT_CMD_SET_DEVICE Set VirtualizerType to LVM_CONCERTSOUND
V/EffectBundle(  159): 	LVSE: Effect_command cmdCode Case: EFFECT_CMD_SET_DEVICE end
D/AudioHardwareALSA(  159): setStreamParameters: key value pair routing=2;stream_flags=2
D/RouteManager(  159): setOutputFlags: output flags = 0x2 (Prev Flags=0x2)
D/RouteManager(  159): setDevices: set device = IHF to output stream
D/RouteManager(  159): setStreamParameters: identical Platform State, do not reconsider routing
I/WAKELOCK_ACQUIRE(  429): TIMESTAMP=20829661019690, TAG=AudioOut_2, TYPE=PARTIAL_WAKE_LOCK             , COUNT=0, PID=159, UID=1013, FLAGS=
D/EVENT_THREAD(  429): void CEventThread::cancelAlarm()
D/EVENT_THREAD(  429): void CEventThread::run() Do poll with timeout: -1
I/WAKELOCK_RELEASE(  429): TIMESTAMP=20829667637995, TAG=*vibrator*, TYPE=PARTIAL_WAKE_LOCK             , COUNT=0, PID=429, UID=1000, FLAGS=
D/AudioResamplerIA(  159): Create AudioResamplerIA Resampler: Input rate 44100, output rate 48000
D/RouteManager(  159): startStream: {+++ RECONSIDER ROUTING +++} due to output stream start event
D/RouteManager(  159): reconsiderRouting
D/EVENT_THREAD(  159): void CEventThread::trig(uint16_t): in
D/EVENT_THREAD(  159): void CEventThread::trig(uint16_t): out
D/RouteManager(  159): doReconsiderRouting:       Platform State:
D/RouteManager(  159): doReconsiderRouting:          -Modem Alive = 1 
D/RouteManager(  159): doReconsiderRouting:          -Modem Call Active = 0 
D/RouteManager(  159): doReconsiderRouting:          -Is Shared I2S glitch free=1 
D/RouteManager(  159): doReconsiderRouting:          -Android Telephony Mode = Normal 
D/RouteManager(  159): doReconsiderRouting:          -RTE MGR HW Mode = Normal 
D/RouteManager(  159): doReconsiderRouting:          -BT Enabled = 1 
D/RouteManager(  159): doReconsiderRouting:          -BT NREC = 0 
D/RouteManager(  159): doReconsiderRouting:          -BT Band = NB 
D/RouteManager(  159): doReconsiderRouting:          -Platform output device = IHF 
D/RouteManager(  159): doReconsiderRouting:          -Platform input device = <none> 
D/RouteManager(  159): doReconsiderRouting:          -Platform input source = VoiceRecognition 
D/RouteManager(  159): doReconsiderRouting:          -Platform Band type = NB 
D/RouteManager(  159): doReconsiderRouting:          -Platform Has Direct Stream = no 
D/RouteManager(  159): doReconsiderRouting:          -Platform TTY direction = <none> 
D/RouteManager(  159): doReconsiderRouting:          -Platform HAC Mode = Off 
D/RouteManager(  159): doReconsiderRouting:          -Platform Screen State = On 
D/RouteManager(  159): doReconsiderRouting:          -Platform Context Awareness = false 
D/RouteManager(  159): doReconsiderRouting:          -Platform FM State = Off 
D/RouteManager(  159): doReconsiderRouting:      Route state:
D/RouteManager(  159): doReconsiderRouting:          -Previously Enabled Route in Input = <none>
D/RouteManager(  159): doReconsiderRouting:          -Previously Enabled Route in Output = VirtualASP
D/RouteManager(  159): doReconsiderRouting:          -Selected Route in Input = <none>
D/RouteManager(  159): doReconsiderRouting:          -Selected Route in Output = Media|HwCodecMedia|VirtualASP
D/RouteManager(  159): doReconsiderRouting:          -Route that need reconfiguration in Input = <none>
D/RouteManager(  159): doReconsiderRouting:          -Route that need reconfiguration in Output = <none>
D/RouteManager(  159): executeMuteStage: --------------- Routing Stage = Mute ---------------
D/RouteManager(  159): parameter-framework: Selection criterion changed event: Criterion name: RoutageState, current state: Flow
D/RouteManager(  159): parameter-framework: Configuration application request {
D/RouteManager(  159): parameter-framework:     Applying configurations {
D/RouteManager(  159): parameter-framework:     } Applying configurations
D/RouteManager(  159): parameter-framework: } Configuration application request
D/RouteManager(  159): executeDisableStage: --------------- Routing Stage = Disable ---------------
D/RouteManager(  159): parameter-framework: Selection criterion changed event: Criterion name: RoutageState, current state: Path
D/RouteManager(  159): parameter-framework: Configuration application request {
D/RouteManager(  159): parameter-framework:     Applying configurations {
D/RouteManager(  159): parameter-framework:     } Applying configurations
D/RouteManager(  159): parameter-framework: } Configuration application request
D/RouteManager(  159): executeConfigureStage: --------------- Routing Stage = Configure ---------------
D/RouteManager(  159): parameter-framework: Selection criterion changed event: Criterion name: RoutageState, current state: Configure
D/RouteManager(  159): parameter-framework: Selection criterion changed event: Criterion name: OpenedPlaybackRoutes, current state: Media|HwCodecMedia|VirtualASP
D/RouteManager(  159): parameter-framework: Configuration application request {
D/RouteManager(  159): parameter-framework:     Applying configurations {
D/RouteManager(  159): parameter-framework:         Applying configuration "Activated" from domain "Routing.Configure.LPE_Mixer.IHF"
D/CAT     (  673): StkAppService$2: got intent: Intent { act=com.android.launcher.SHOW_ALL_APPS flg=0x10 }
D/RouteManager(  159): parameter-framework:     } Applying configurations
D/RouteManager(  159): parameter-framework: } Configuration application request
D/RouteManager(  159): executeEnableStage: --------------- Routing Stage = Enable ---------------
D/RouteManager(  159): parameter-framework: Selection criterion changed event: Criterion name: RoutageState, current state: Path|Configure
D/RouteManager(  159): doEnableRoutes: Routes to be enabled(routed) in Output = Media|HwCodecMedia
D/RouteManager(  159): parameter-framework: Configuration application request {
D/RouteManager(  159): parameter-framework:     Applying configurations {
D/RouteManager(  159): parameter-framework:     } Applying configurations
D/RouteManager(  159): parameter-framework: } Configuration application request
D/RouteManager(  159): doEnableRoutes: Routes to be enabled(routed) in Output = Media|HwCodecMedia
D/RouteManager/StreamRoute(  159): openPcmDevice called for card (cloverviewaudio,0)
D/RouteManager/StreamRoute(  159): openPcmDevice		 config=rate(48000), format(0), channels(2))
D/RouteManager/StreamRoute(  159): openPcmDevice		 period_size=1152, period_count=4
D/RouteManager/StreamRoute(  159): openPcmDevice		 startTh=4607, stop Th=4608 silence Th=0
D/ALSAStreamOps(  159): attachRoute output stream
D/AudioConversion(  159): configure: no convertion required
D/RouteManager(  159): executeUnmuteStage: --------------- Routing Stage = Unmute ---------------
D/RouteManager(  159): parameter-framework: Selection criterion changed event: Criterion name: RoutageState, current state: Flow|Path|Configure
D/RouteManager(  159): parameter-framework: Configuration application request {
D/RouteManager(  159): parameter-framework:     Applying configurations {
D/RouteManager(  159): parameter-framework:         Applying configuration "Unmute" from domain "Routing.Mute.HWCodec.Playback.EarpieceSpeaker"
D/RouteManager(  159): parameter-framework:     } Applying configurations
D/RouteManager(  159): parameter-framework: } Configuration application request
D/EVENT_THREAD(  159): void CEventThread::run() Do poll with timeout: -1
D/RouteManager(  159): reconsiderRouting: DONE
D/hwcomposer(  429): virtual bool IntelMIPIDisplayDevice::prepare(hwc_display_contents_1_t*)
D/hwcomposer(  429): convertBuffer: handle 0x69added0
D/hwcomposer(  429): convertBuffer: found handle 0x69added0 at 0 value 0x67c931c0
D/hwcomposer(  429): virtual bool IntelOverlayPlane::setDataBuffer(uint32_t, uint32_t, IMG_native_handle_t*): next buffer 1
D/hwcomposer(  429): bool IntelOverlayContext::bufferOffsetSetup(IntelDisplayDataBuffer&): setting up buffer offset...
D/hwcomposer(  429): bool IntelOverlayContext::bufferOffsetSetup(IntelDisplayDataBuffer&): done. offset (0, 38400, 0)
D/hwcomposer(  429): bool IntelOverlayContext::coordinateSetup(IntelDisplayDataBuffer&): setting up coordinates...
D/hwcomposer(  429): bool IntelOverlayContext::setDataBuffer(IntelDisplayDataBuffer&): done
D/hwcomposer(  429): virtual bool IntelMIPIDisplayDevice::commit(hwc_display_contents_1_t*, const native_handle_t**, int*, int**, int&)
D/hwcomposer(  429): flipFrameBufferContexts
D/hwcomposer(  429): virtual bool IntelDisplayDevice::flipFramebufferContexts(void*, hwc_layer_1_t*): buf stamp 2...
D/hwcomposer(  429): virtual bool IntelMIPIDisplayDevice::commit(hwc_display_contents_1_t*, const native_handle_t**, int*, int**, int&): flip plane 2, flags: 0x0
D/hwcomposer(  429): virtual bool IntelOverlayPlane::flip(void*, uint32_t): overlay context ovadd: 0x8010001, pipe:0x0, index: 0x0
D/hwcomposer(  429): bool IntelHWComposer::commitDisplays(size_t, hwc_display_contents_1_t**): commits 2 buffers
D/hwcomposer(  429): virtual bool IntelMIPIDisplayDevice::prepare(hwc_display_contents_1_t*)
D/hwcomposer(  429): convertBuffer: handle 0x69added0
D/hwcomposer(  429): convertBuffer: found handle 0x69added0 at 0 value 0x67c931c0
D/hwcomposer(  429): virtual bool IntelOverlayPlane::setDataBuffer(uint32_t, uint32_t, IMG_native_handle_t*): next buffer 1
D/hwcomposer(  429): bool IntelOverlayContext::bufferOffsetSetup(IntelDisplayDataBuffer&): setting up buffer offset...
D/hwcomposer(  429): bool IntelOverlayContext::bufferOffsetSetup(IntelDisplayDataBuffer&): done. offset (0, 38400, 0)
D/hwcomposer(  429): bool IntelOverlayContext::coordinateSetup(IntelDisplayDataBuffer&): setting up coordinates...
D/hwcomposer(  429): bool IntelOverlayContext::setDataBuffer(IntelDisplayDataBuffer&): done
D/hwcomposer(  429): virtual bool IntelMIPIDisplayDevice::commit(hwc_display_contents_1_t*, const native_handle_t**, int*, int**, int&)
D/hwcomposer(  429): flipFrameBufferContexts
D/hwcomposer(  429): virtual bool IntelDisplayDevice::flipFramebufferContexts(void*, hwc_layer_1_t*): buf stamp 13...
D/hwcomposer(  429): virtual bool IntelMIPIDisplayDevice::commit(hwc_display_contents_1_t*, const native_handle_t**, int*, int**, int&): flip plane 2, flags: 0x0
D/hwcomposer(  429): virtual bool IntelOverlayPlane::flip(void*, uint32_t): overlay context ovadd: 0x8010001, pipe:0x0, index: 0x0
D/hwcomposer(  429): bool IntelHWComposer::commitDisplays(size_t, hwc_display_contents_1_t**): commits 2 buffers
D/hwcomposer(  429): virtual bool IntelMIPIDisplayDevice::prepare(hwc_display_contents_1_t*)
D/hwcomposer(  429): convertBuffer: handle 0x69added0
D/hwcomposer(  429): convertBuffer: found handle 0x69added0 at 0 value 0x67c931c0
D/hwcomposer(  429): virtual bool IntelOverlayPlane::setDataBuffer(uint32_t, uint32_t, IMG_native_handle_t*): next buffer 1
D/hwcomposer(  429): bool IntelOverlayContext::bufferOffsetSetup(IntelDisplayDataBuffer&): setting up buffer offset...
D/hwcomposer(  429): bool IntelOverlayContext::bufferOffsetSetup(IntelDisplayDataBuffer&): done. offset (0, 38400, 0)
D/hwcomposer(  429): bool IntelOverlayContext::coordinateSetup(IntelDisplayDataBuffer&): setting up coordinates...
D/hwcomposer(  429): bool IntelOverlayContext::setDataBuffer(IntelDisplayDataBuffer&): done
D/hwcomposer(  429): virtual bool IntelMIPIDisplayDevice::commit(hwc_display_contents_1_t*, const native_handle_t**, int*, int**, int&)
D/hwcomposer(  429): flipFrameBufferContexts
D/hwcomposer(  429): virtual bool IntelDisplayDevice::flipFramebufferContexts(void*, hwc_layer_1_t*): buf stamp 14...
D/hwcomposer(  429): virtual bool IntelMIPIDisplayDevice::commit(hwc_display_contents_1_t*, const native_handle_t**, int*, int**, int&): flip plane 2, flags: 0x0
D/hwcomposer(  429): virtual bool IntelOverlayPlane::flip(void*, uint32_t): overlay context ovadd: 0x8010001, pipe:0x0, index: 0x0
D/hwcomposer(  429): bool IntelHWComposer::commitDisplays(size_t, hwc_display_contents_1_t**): commits 2 buffers
D/hwcomposer(  429): virtual bool IntelMIPIDisplayDevice::prepare(hwc_display_contents_1_t*)
D/hwcomposer(  429): convertBuffer: handle 0x69added0
D/hwcomposer(  429): convertBuffer: found handle 0x69added0 at 0 value 0x67c931c0
D/hwcomposer(  429): virtual bool IntelOverlayPlane::setDataBuffer(uint32_t, uint32_t, IMG_native_handle_t*): next buffer 1
D/hwcomposer(  429): bool IntelOverlayContext::bufferOffsetSetup(IntelDisplayDataBuffer&): setting up buffer offset...
D/hwcomposer(  429): bool IntelOverlayContext::bufferOffsetSetup(IntelDisplayDataBuffer&): done. offset (0, 38400, 0)
D/hwcomposer(  429): bool IntelOverlayContext::coordinateSetup(IntelDisplayDataBuffer&): setting up coordinates...
D/hwcomposer(  429): bool IntelOverlayContext::setDataBuffer(IntelDisplayDataBuffer&): done
D/hwcomposer(  429): virtual bool IntelMIPIDisplayDevice::commit(hwc_display_contents_1_t*, const native_handle_t**, int*, int**, int&)
D/hwcomposer(  429): flipFrameBufferContexts
D/hwcomposer(  429): virtual bool IntelDisplayDevice::flipFramebufferContexts(void*, hwc_layer_1_t*): buf stamp 2...
D/hwcomposer(  429): virtual bool IntelMIPIDisplayDevice::commit(hwc_display_contents_1_t*, const native_handle_t**, int*, int**, int&): flip plane 2, flags: 0x0
D/hwcomposer(  429): virtual bool IntelOverlayPlane::flip(void*, uint32_t): overlay context ovadd: 0x8010001, pipe:0x0, index: 0x0
D/hwcomposer(  429): bool IntelHWComposer::commitDisplays(size_t, hwc_display_contents_1_t**): commits 2 buffers
D/hwcomposer(  429): virtual bool IntelMIPIDisplayDevice::prepare(hwc_display_contents_1_t*)
D/hwcomposer(  429): convertBuffer: handle 0x69added0
D/hwcomposer(  429): convertBuffer: found handle 0x69added0 at 0 value 0x67c931c0
D/hwcomposer(  429): virtual bool IntelOverlayPlane::setDataBuffer(uint32_t, uint32_t, IMG_native_handle_t*): next buffer 1
D/hwcomposer(  429): bool IntelOverlayContext::bufferOffsetSetup(IntelDisplayDataBuffer&): setting up buffer offset...
D/hwcomposer(  429): bool IntelOverlayContext::bufferOffsetSetup(IntelDisplayDataBuffer&): done. offset (0, 38400, 0)
D/hwcomposer(  429): bool IntelOverlayContext::coordinateSetup(IntelDisplayDataBuffer&): setting up coordinates...
D/hwcomposer(  429): bool IntelOverlayContext::setDataBuffer(IntelDisplayDataBuffer&): done
D/hwcomposer(  429): virtual bool IntelMIPIDisplayDevice::commit(hwc_display_contents_1_t*, const native_handle_t**, int*, int**, int&)
D/hwcomposer(  429): flipFrameBufferContexts
D/hwcomposer(  429): virtual bool IntelDisplayDevice::flipFramebufferContexts(void*, hwc_layer_1_t*): buf stamp 13...
D/hwcomposer(  429): virtual bool IntelMIPIDisplayDevice::commit(hwc_display_contents_1_t*, const native_handle_t**, int*, int**, int&): flip plane 2, flags: 0x0
D/hwcomposer(  429): virtual bool IntelOverlayPlane::flip(void*, uint32_t): overlay context ovadd: 0x8010001, pipe:0x0, index: 0x0
D/hwcomposer(  429): bool IntelHWComposer::commitDisplays(size_t, hwc_display_contents_1_t**): commits 2 buffers
D/hwcomposer(  429): virtual bool IntelMIPIDisplayDevice::prepare(hwc_display_contents_1_t*)
D/hwcomposer(  429): convertBuffer: handle 0x69added0
D/hwcomposer(  429): convertBuffer: found handle 0x69added0 at 0 value 0x67c931c0
D/hwcomposer(  429): virtual bool IntelOverlayPlane::setDataBuffer(uint32_t, uint32_t, IMG_native_handle_t*): next buffer 1
D/hwcomposer(  429): bool IntelOverlayContext::bufferOffsetSetup(IntelDisplayDataBuffer&): setting up buffer offset...
D/hwcomposer(  429): bool IntelOverlayContext::bufferOffsetSetup(IntelDisplayDataBuffer&): done. offset (0, 38400, 0)
D/hwcomposer(  429): bool IntelOverlayContext::coordinateSetup(IntelDisplayDataBuffer&): setting up coordinates...
D/hwcomposer(  429): bool IntelOverlayContext::setDataBuffer(IntelDisplayDataBuffer&): done
D/hwcomposer(  429): virtual bool IntelMIPIDisplayDevice::commit(hwc_display_contents_1_t*, const native_handle_t**, int*, int**, int&)
D/hwcomposer(  429): flipFrameBufferContexts
D/hwcomposer(  429): virtual bool IntelDisplayDevice::flipFramebufferContexts(void*, hwc_layer_1_t*): buf stamp 14...
D/hwcomposer(  429): virtual bool IntelMIPIDisplayDevice::commit(hwc_display_contents_1_t*, const native_handle_t**, int*, int**, int&): flip plane 2, flags: 0x0
D/hwcomposer(  429): virtual bool IntelOverlayPlane::flip(void*, uint32_t): overlay context ovadd: 0x8010001, pipe:0x0, index: 0x0
D/hwcomposer(  429): bool IntelHWComposer::commitDisplays(size_t, hwc_display_contents_1_t**): commits 2 buffers
D/hwcomposer(  429): virtual bool IntelMIPIDisplayDevice::prepare(hwc_display_contents_1_t*)
D/hwcomposer(  429): convertBuffer: handle 0x69added0
D/hwcomposer(  429): convertBuffer: found handle 0x69added0 at 0 value 0x67c931c0
D/hwcomposer(  429): virtual bool IntelOverlayPlane::setDataBuffer(uint32_t, uint32_t, IMG_native_handle_t*): next buffer 1
D/hwcomposer(  429): bool IntelOverlayContext::bufferOffsetSetup(IntelDisplayDataBuffer&): setting up buffer offset...
D/hwcomposer(  429): bool IntelOverlayContext::bufferOffsetSetup(IntelDisplayDataBuffer&): done. offset (0, 38400, 0)
D/hwcomposer(  429): bool IntelOverlayContext::coordinateSetup(IntelDisplayDataBuffer&): setting up coordinates...
D/hwcomposer(  429): bool IntelOverlayContext::setDataBuffer(IntelDisplayDataBuffer&): done
D/hwcomposer(  429): virtual bool IntelMIPIDisplayDevice::commit(hwc_display_contents_1_t*, const native_handle_t**, int*, int**, int&)
D/hwcomposer(  429): flipFrameBufferContexts
D/hwcomposer(  429): virtual bool IntelDisplayDevice::flipFramebufferContexts(void*, hwc_layer_1_t*): buf stamp 2...
D/hwcomposer(  429): virtual bool IntelMIPIDisplayDevice::commit(hwc_display_contents_1_t*, const native_handle_t**, int*, int**, int&): flip plane 2, flags: 0x0
D/hwcomposer(  429): virtual bool IntelOverlayPlane::flip(void*, uint32_t): overlay context ovadd: 0x8010001, pipe:0x0, index: 0x0
D/hwcomposer(  429): bool IntelHWComposer::commitDisplays(size_t, hwc_display_contents_1_t**): commits 2 buffers
D/hwcomposer(  429): virtual bool IntelMIPIDisplayDevice::prepare(hwc_display_contents_1_t*)
D/hwcomposer(  429): convertBuffer: handle 0x69added0
D/hwcomposer(  429): convertBuffer: found handle 0x69added0 at 0 value 0x67c931c0
D/hwcomposer(  429): virtual bool IntelOverlayPlane::setDataBuffer(uint32_t, uint32_t, IMG_native_handle_t*): next buffer 1
D/hwcomposer(  429): bool IntelOverlayContext::bufferOffsetSetup(IntelDisplayDataBuffer&): setting up buffer offset...
D/hwcomposer(  429): bool IntelOverlayContext::bufferOffsetSetup(IntelDisplayDataBuffer&): done. offset (0, 38400, 0)
D/hwcomposer(  429): bool IntelOverlayContext::coordinateSetup(IntelDisplayDataBuffer&): setting up coordinates...
D/hwcomposer(  429): bool IntelOverlayContext::setDataBuffer(IntelDisplayDataBuffer&): done
D/hwcomposer(  429): virtual bool IntelMIPIDisplayDevice::commit(hwc_display_contents_1_t*, const native_handle_t**, int*, int**, int&)
D/hwcomposer(  429): flipFrameBufferContexts
D/hwcomposer(  429): virtual bool IntelDisplayDevice::flipFramebufferContexts(void*, hwc_layer_1_t*): buf stamp 13...
D/hwcomposer(  429): virtual bool IntelMIPIDisplayDevice::commit(hwc_display_contents_1_t*, const native_handle_t**, int*, int**, int&): flip plane 2, flags: 0x0
D/hwcomposer(  429): virtual bool IntelOverlayPlane::flip(void*, uint32_t): overlay context ovadd: 0x8010001, pipe:0x0, index: 0x0
D/hwcomposer(  429): bool IntelHWComposer::commitDisplays(size_t, hwc_display_contents_1_t**): commits 2 buffers
D/hwcomposer(  429): virtual bool IntelMIPIDisplayDevice::prepare(hwc_display_contents_1_t*)
D/hwcomposer(  429): convertBuffer: handle 0x69added0
D/hwcomposer(  429): convertBuffer: found handle 0x69added0 at 0 value 0x67c931c0
D/hwcomposer(  429): virtual bool IntelOverlayPlane::setDataBuffer(uint32_t, uint32_t, IMG_native_handle_t*): next buffer 1
D/hwcomposer(  429): bool IntelOverlayContext::bufferOffsetSetup(IntelDisplayDataBuffer&): setting up buffer offset...
D/hwcomposer(  429): bool IntelOverlayContext::bufferOffsetSetup(IntelDisplayDataBuffer&): done. offset (0, 38400, 0)
D/hwcomposer(  429): bool IntelOverlayContext::coordinateSetup(IntelDisplayDataBuffer&): setting up coordinates...
D/hwcomposer(  429): bool IntelOverlayContext::setDataBuffer(IntelDisplayDataBuffer&): done
D/hwcomposer(  429): virtual bool IntelMIPIDisplayDevice::commit(hwc_display_contents_1_t*, const native_handle_t**, int*, int**, int&)
D/hwcomposer(  429): flipFrameBufferContexts
D/hwcomposer(  429): virtual bool IntelDisplayDevice::flipFramebufferContexts(void*, hwc_layer_1_t*): buf stamp 14...
D/hwcomposer(  429): virtual bool IntelMIPIDisplayDevice::commit(hwc_display_contents_1_t*, const native_handle_t**, int*, int**, int&): flip plane 2, flags: 0x0
D/hwcomposer(  429): virtual bool IntelOverlayPlane::flip(void*, uint32_t): overlay context ovadd: 0x8010001, pipe:0x0, index: 0x0
D/hwcomposer(  429): bool IntelHWComposer::commitDisplays(size_t, hwc_display_contents_1_t**): commits 2 buffers
D/hwcomposer(  429): virtual bool IntelMIPIDisplayDevice::prepare(hwc_display_contents_1_t*)
D/hwcomposer(  429): convertBuffer: handle 0x69added0
D/hwcomposer(  429): convertBuffer: found handle 0x69added0 at 0 value 0x67c931c0
D/hwcomposer(  429): virtual bool IntelOverlayPlane::setDataBuffer(uint32_t, uint32_t, IMG_native_handle_t*): next buffer 1
D/hwcomposer(  429): bool IntelOverlayContext::bufferOffsetSetup(IntelDisplayDataBuffer&): setting up buffer offset...
D/hwcomposer(  429): bool IntelOverlayContext::bufferOffsetSetup(IntelDisplayDataBuffer&): done. offset (0, 38400, 0)
D/hwcomposer(  429): bool IntelOverlayContext::coordinateSetup(IntelDisplayDataBuffer&): setting up coordinates...
D/hwcomposer(  429): bool IntelOverlayContext::setDataBuffer(IntelDisplayDataBuffer&): done
D/hwcomposer(  429): virtual bool IntelMIPIDisplayDevice::commit(hwc_display_contents_1_t*, const native_handle_t**, int*, int**, int&)
D/hwcomposer(  429): flipFrameBufferContexts
D/hwcomposer(  429): virtual bool IntelDisplayDevice::flipFramebufferContexts(void*, hwc_layer_1_t*): buf stamp 2...
D/hwcomposer(  429): virtual bool IntelMIPIDisplayDevice::commit(hwc_display_contents_1_t*, const native_handle_t**, int*, int**, int&): flip plane 2, flags: 0x0
