D/hwcomposer(  429): virtual bool IntelMIPIDisplayDevice::commit(hwc_display_contents_1_t*, const native_handle_t**, int*, int**, int&)
D/hwcomposer(  429): virtual bool IntelMIPIDisplayDevice::commit(hwc_display_contents_1_t*, const native_handle_t**, int*, int**, int&): primary plane in use
D/hwcomposer(  429): virtual bool IntelMIPIDisplayDevice::commit(hwc_display_contents_1_t*, const native_handle_t**, int*, int**, int&): flip plane 0, flags: 0x0
D/hwcomposer(  429): virtual bool MedfieldSpritePlane::flip(void*, uint32_t): flip to surface 0x254f000
D/hwcomposer(  429): virtual bool IntelMIPIDisplayDevice::commit(hwc_display_contents_1_t*, const native_handle_t**, int*, int**, int&): flip plane 1, flags: 0x0
D/hwcomposer(  429): virtual bool IntelOverlayPlane::flip(void*, uint32_t): overlay context ovadd: 0x8010001, pipe:0x0, index: 0x0
D/hwcomposer(  429): bool IntelHWComposer::commitDisplays(size_t, hwc_display_contents_1_t**): commits 2 buffers
D/hwcomposer(  429): virtual bool IntelMIPIDisplayDevice::prepare(hwc_display_contents_1_t*)
D/hwcomposer(  429): virtual bool MedfieldSpritePlane::setDataBuffer(IntelDisplayBuffer&): srcX 0x0, srcY 0x32, bufWidth 0x2d0, bufHeight 0x500
D/hwcomposer(  429): virtual bool MedfieldSpritePlane::setDataBuffer(IntelDisplayBuffer&): format 0x18000000, bpp  0x4, linoff 0x23f00
D/hwcomposer(  429): virtual bool MedfieldSpritePlane::setDataBuffer(IntelDisplayBuffer&): cntr 0x98000004, stride 0xb80, surf 0x3026000
D/hwcomposer(  429): convertBuffer: handle 0x69added0
D/hwcomposer(  429): convertBuffer: found handle 0x69added0 at 0 value 0x67c931c0
D/hwcomposer(  429): virtual bool IntelOverlayPlane::setDataBuffer(uint32_t, uint32_t, IMG_native_handle_t*): next buffer 1
D/hwcomposer(  429): bool IntelOverlayContext::bufferOffsetSetup(IntelDisplayDataBuffer&): setting up buffer offset...
D/hwcomposer(  429): bool IntelOverlayContext::bufferOffsetSetup(IntelDisplayDataBuffer&): done. offset (0, 38400, 0)
D/hwcomposer(  429): bool IntelOverlayContext::coordinateSetup(IntelDisplayDataBuffer&): setting up coordinates...
D/hwcomposer(  429): bool IntelOverlayContext::setDataBuffer(IntelDisplayDataBuffer&): done
D/hwcomposer(  429): virtual bool IntelMIPIDisplayDevice::commit(hwc_display_contents_1_t*, const native_handle_t**, int*, int**, int&)
D/hwcomposer(  429): virtual bool IntelMIPIDisplayDevice::commit(hwc_display_contents_1_t*, const native_handle_t**, int*, int**, int&): primary plane in use
D/hwcomposer(  429): virtual bool IntelMIPIDisplayDevice::commit(hwc_display_contents_1_t*, const native_handle_t**, int*, int**, int&): flip plane 0, flags: 0x0
D/hwcomposer(  429): virtual bool MedfieldSpritePlane::flip(void*, uint32_t): flip to surface 0x3026000
D/hwcomposer(  429): virtual bool IntelMIPIDisplayDevice::commit(hwc_display_contents_1_t*, const native_handle_t**, int*, int**, int&): flip plane 1, flags: 0x0
D/hwcomposer(  429): virtual bool IntelOverlayPlane::flip(void*, uint32_t): overlay context ovadd: 0x8010001, pipe:0x0, index: 0x0
D/hwcomposer(  429): bool IntelHWComposer::commitDisplays(size_t, hwc_display_contents_1_t**): commits 2 buffers
D/hwcomposer(  429): virtual bool IntelMIPIDisplayDevice::prepare(hwc_display_contents_1_t*)
D/hwcomposer(  429): virtual bool MedfieldSpritePlane::setDataBuffer(IntelDisplayBuffer&): srcX 0x0, srcY 0x32, bufWidth 0x2d0, bufHeight 0x500
D/hwcomposer(  429): virtual bool MedfieldSpritePlane::setDataBuffer(IntelDisplayBuffer&): format 0x18000000, bpp  0x4, linoff 0x23f00
D/hwcomposer(  429): virtual bool MedfieldSpritePlane::setDataBuffer(IntelDisplayBuffer&): cntr 0x98000004, stride 0xb80, surf 0x33cd000
D/hwcomposer(  429): convertBuffer: handle 0x69added0
D/hwcomposer(  429): convertBuffer: found handle 0x69added0 at 0 value 0x67c931c0
D/hwcomposer(  429): virtual bool IntelOverlayPlane::setDataBuffer(uint32_t, uint32_t, IMG_native_handle_t*): next buffer 1
D/hwcomposer(  429): bool IntelOverlayContext::bufferOffsetSetup(IntelDisplayDataBuffer&): setting up buffer offset...
D/hwcomposer(  429): bool IntelOverlayContext::bufferOffsetSetup(IntelDisplayDataBuffer&): done. offset (0, 38400, 0)
D/hwcomposer(  429): bool IntelOverlayContext::coordinateSetup(IntelDisplayDataBuffer&): setting up coordinates...
D/hwcomposer(  429): bool IntelOverlayContext::setDataBuffer(IntelDisplayDataBuffer&): done
D/hwcomposer(  429): virtual bool IntelMIPIDisplayDevice::commit(hwc_display_contents_1_t*, const native_handle_t**, int*, int**, int&)
D/hwcomposer(  429): virtual bool IntelMIPIDisplayDevice::commit(hwc_display_contents_1_t*, const native_handle_t**, int*, int**, int&): primary plane in use
D/hwcomposer(  429): virtual bool IntelMIPIDisplayDevice::commit(hwc_display_contents_1_t*, const native_handle_t**, int*, int**, int&): flip plane 0, flags: 0x0
D/hwcomposer(  429): virtual bool MedfieldSpritePlane::flip(void*, uint32_t): flip to surface 0x33cd000
D/hwcomposer(  429): virtual bool IntelMIPIDisplayDevice::commit(hwc_display_contents_1_t*, const native_handle_t**, int*, int**, int&): flip plane 1, flags: 0x0
D/hwcomposer(  429): virtual bool IntelOverlayPlane::flip(void*, uint32_t): overlay context ovadd: 0x8010001, pipe:0x0, index: 0x0
D/hwcomposer(  429): bool IntelHWComposer::commitDisplays(size_t, hwc_display_contents_1_t**): commits 2 buffers
D/hwcomposer(  429): virtual bool IntelMIPIDisplayDevice::prepare(hwc_display_contents_1_t*)
D/hwcomposer(  429): virtual bool MedfieldSpritePlane::setDataBuffer(IntelDisplayBuffer&): srcX 0x0, srcY 0x32, bufWidth 0x2d0, bufHeight 0x500
D/hwcomposer(  429): virtual bool MedfieldSpritePlane::setDataBuffer(IntelDisplayBuffer&): format 0x18000000, bpp  0x4, linoff 0x23f00
D/hwcomposer(  429): virtual bool MedfieldSpritePlane::setDataBuffer(IntelDisplayBuffer&): cntr 0x98000004, stride 0xb80, surf 0x254f000
D/hwcomposer(  429): convertBuffer: handle 0x69added0
D/hwcomposer(  429): convertBuffer: found handle 0x69added0 at 0 value 0x67c931c0
D/hwcomposer(  429): virtual bool IntelOverlayPlane::setDataBuffer(uint32_t, uint32_t, IMG_native_handle_t*): next buffer 1
D/hwcomposer(  429): bool IntelOverlayContext::bufferOffsetSetup(IntelDisplayDataBuffer&): setting up buffer offset...
D/hwcomposer(  429): bool IntelOverlayContext::bufferOffsetSetup(IntelDisplayDataBuffer&): done. offset (0, 38400, 0)
D/hwcomposer(  429): bool IntelOverlayContext::coordinateSetup(IntelDisplayDataBuffer&): setting up coordinates...
D/hwcomposer(  429): bool IntelOverlayContext::setDataBuffer(IntelDisplayDataBuffer&): done
D/hwcomposer(  429): virtual bool IntelMIPIDisplayDevice::commit(hwc_display_contents_1_t*, const native_handle_t**, int*, int**, int&)
D/hwcomposer(  429): virtual bool IntelMIPIDisplayDevice::commit(hwc_display_contents_1_t*, const native_handle_t**, int*, int**, int&): primary plane in use
D/hwcomposer(  429): virtual bool IntelMIPIDisplayDevice::commit(hwc_display_contents_1_t*, const native_handle_t**, int*, int**, int&): flip plane 0, flags: 0x0
D/hwcomposer(  429): virtual bool MedfieldSpritePlane::flip(void*, uint32_t): flip to surface 0x254f000
D/hwcomposer(  429): virtual bool IntelMIPIDisplayDevice::commit(hwc_display_contents_1_t*, const native_handle_t**, int*, int**, int&): flip plane 1, flags: 0x0
D/hwcomposer(  429): virtual bool IntelOverlayPlane::flip(void*, uint32_t): overlay context ovadd: 0x8010001, pipe:0x0, index: 0x0
D/hwcomposer(  429): bool IntelHWComposer::commitDisplays(size_t, hwc_display_contents_1_t**): commits 2 buffers
D/hwcomposer(  429): virtual bool IntelMIPIDisplayDevice::prepare(hwc_display_contents_1_t*)
D/hwcomposer(  429): virtual bool MedfieldSpritePlane::setDataBuffer(IntelDisplayBuffer&): srcX 0x0, srcY 0x32, bufWidth 0x2d0, bufHeight 0x500
D/hwcomposer(  429): virtual bool MedfieldSpritePlane::setDataBuffer(IntelDisplayBuffer&): format 0x18000000, bpp  0x4, linoff 0x23f00
D/hwcomposer(  429): virtual bool MedfieldSpritePlane::setDataBuffer(IntelDisplayBuffer&): cntr 0x98000004, stride 0xb80, surf 0x3026000
D/hwcomposer(  429): convertBuffer: handle 0x69added0
D/hwcomposer(  429): convertBuffer: found handle 0x69added0 at 0 value 0x67c931c0
D/hwcomposer(  429): virtual bool IntelOverlayPlane::setDataBuffer(uint32_t, uint32_t, IMG_native_handle_t*): next buffer 1
D/hwcomposer(  429): bool IntelOverlayContext::bufferOffsetSetup(IntelDisplayDataBuffer&): setting up buffer offset...
D/hwcomposer(  429): bool IntelOverlayContext::bufferOffsetSetup(IntelDisplayDataBuffer&): done. offset (0, 38400, 0)
D/hwcomposer(  429): bool IntelOverlayContext::coordinateSetup(IntelDisplayDataBuffer&): setting up coordinates...
D/hwcomposer(  429): bool IntelOverlayContext::setDataBuffer(IntelDisplayDataBuffer&): done
D/hwcomposer(  429): virtual bool IntelMIPIDisplayDevice::commit(hwc_display_contents_1_t*, const native_handle_t**, int*, int**, int&)
D/hwcomposer(  429): virtual bool IntelMIPIDisplayDevice::commit(hwc_display_contents_1_t*, const native_handle_t**, int*, int**, int&): primary plane in use
D/hwcomposer(  429): virtual bool IntelMIPIDisplayDevice::commit(hwc_display_contents_1_t*, const native_handle_t**, int*, int**, int&): flip plane 0, flags: 0x0
D/hwcomposer(  429): virtual bool MedfieldSpritePlane::flip(void*, uint32_t): flip to surface 0x3026000
D/hwcomposer(  429): virtual bool IntelMIPIDisplayDevice::commit(hwc_display_contents_1_t*, const native_handle_t**, int*, int**, int&): flip plane 1, flags: 0x0
D/hwcomposer(  429): virtual bool IntelOverlayPlane::flip(void*, uint32_t): overlay context ovadd: 0x8010001, pipe:0x0, index: 0x0
D/hwcomposer(  429): bool IntelHWComposer::commitDisplays(size_t, hwc_display_contents_1_t**): commits 2 buffers
D/hwcomposer(  429): virtual bool IntelMIPIDisplayDevice::prepare(hwc_display_contents_1_t*)
D/hwcomposer(  429): virtual bool MedfieldSpritePlane::setDataBuffer(IntelDisplayBuffer&): srcX 0x0, srcY 0x32, bufWidth 0x2d0, bufHeight 0x500
D/hwcomposer(  429): virtual bool MedfieldSpritePlane::setDataBuffer(IntelDisplayBuffer&): format 0x18000000, bpp  0x4, linoff 0x23f00
D/hwcomposer(  429): virtual bool MedfieldSpritePlane::setDataBuffer(IntelDisplayBuffer&): cntr 0x98000004, stride 0xb80, surf 0x33cd000
D/hwcomposer(  429): convertBuffer: handle 0x69added0
D/hwcomposer(  429): convertBuffer: found handle 0x69added0 at 0 value 0x67c931c0
D/hwcomposer(  429): virtual bool IntelOverlayPlane::setDataBuffer(uint32_t, uint32_t, IMG_native_handle_t*): next buffer 1
D/hwcomposer(  429): bool IntelOverlayContext::bufferOffsetSetup(IntelDisplayDataBuffer&): setting up buffer offset...
D/hwcomposer(  429): bool IntelOverlayContext::bufferOffsetSetup(IntelDisplayDataBuffer&): done. offset (0, 38400, 0)
D/hwcomposer(  429): bool IntelOverlayContext::coordinateSetup(IntelDisplayDataBuffer&): setting up coordinates...
D/hwcomposer(  429): bool IntelOverlayContext::setDataBuffer(IntelDisplayDataBuffer&): done
D/hwcomposer(  429): virtual bool IntelMIPIDisplayDevice::commit(hwc_display_contents_1_t*, const native_handle_t**, int*, int**, int&)
D/hwcomposer(  429): virtual bool IntelMIPIDisplayDevice::commit(hwc_display_contents_1_t*, const native_handle_t**, int*, int**, int&): primary plane in use
D/hwcomposer(  429): virtual bool IntelMIPIDisplayDevice::commit(hwc_display_contents_1_t*, const native_handle_t**, int*, int**, int&): flip plane 0, flags: 0x0
D/hwcomposer(  429): virtual bool MedfieldSpritePlane::flip(void*, uint32_t): flip to surface 0x33cd000
D/hwcomposer(  429): virtual bool IntelMIPIDisplayDevice::commit(hwc_display_contents_1_t*, const native_handle_t**, int*, int**, int&): flip plane 1, flags: 0x0
D/hwcomposer(  429): virtual bool IntelOverlayPlane::flip(void*, uint32_t): overlay context ovadd: 0x8010001, pipe:0x0, index: 0x0
D/hwcomposer(  429): bool IntelHWComposer::commitDisplays(size_t, hwc_display_contents_1_t**): commits 2 buffers
D/hwcomposer(  429): virtual bool IntelMIPIDisplayDevice::prepare(hwc_display_contents_1_t*)
D/hwcomposer(  429): virtual bool MedfieldSpritePlane::setDataBuffer(IntelDisplayBuffer&): srcX 0x0, srcY 0x32, bufWidth 0x2d0, bufHeight 0x500
D/hwcomposer(  429): virtual bool MedfieldSpritePlane::setDataBuffer(IntelDisplayBuffer&): format 0x18000000, bpp  0x4, linoff 0x23f00
D/hwcomposer(  429): virtual bool MedfieldSpritePlane::setDataBuffer(IntelDisplayBuffer&): cntr 0x98000004, stride 0xb80, surf 0x254f000
D/hwcomposer(  429): convertBuffer: handle 0x69added0
D/hwcomposer(  429): convertBuffer: found handle 0x69added0 at 0 value 0x67c931c0
D/hwcomposer(  429): virtual bool IntelOverlayPlane::setDataBuffer(uint32_t, uint32_t, IMG_native_handle_t*): next buffer 1
D/hwcomposer(  429): bool IntelOverlayContext::bufferOffsetSetup(IntelDisplayDataBuffer&): setting up buffer offset...
D/hwcomposer(  429): bool IntelOverlayContext::bufferOffsetSetup(IntelDisplayDataBuffer&): done. offset (0, 38400, 0)
D/hwcomposer(  429): bool IntelOverlayContext::coordinateSetup(IntelDisplayDataBuffer&): setting up coordinates...
D/hwcomposer(  429): bool IntelOverlayContext::setDataBuffer(IntelDisplayDataBuffer&): done
D/hwcomposer(  429): virtual bool IntelMIPIDisplayDevice::commit(hwc_display_contents_1_t*, const native_handle_t**, int*, int**, int&)
D/hwcomposer(  429): virtual bool IntelMIPIDisplayDevice::commit(hwc_display_contents_1_t*, const native_handle_t**, int*, int**, int&): primary plane in use
D/hwcomposer(  429): virtual bool IntelMIPIDisplayDevice::commit(hwc_display_contents_1_t*, const native_handle_t**, int*, int**, int&): flip plane 0, flags: 0x0
D/hwcomposer(  429): virtual bool MedfieldSpritePlane::flip(void*, uint32_t): flip to surface 0x254f000
D/hwcomposer(  429): virtual bool IntelMIPIDisplayDevice::commit(hwc_display_contents_1_t*, const native_handle_t**, int*, int**, int&): flip plane 1, flags: 0x0
D/hwcomposer(  429): virtual bool IntelOverlayPlane::flip(void*, uint32_t): overlay context ovadd: 0x8010001, pipe:0x0, index: 0x0
D/hwcomposer(  429): bool IntelHWComposer::commitDisplays(size_t, hwc_display_contents_1_t**): commits 2 buffers
I/WifiHW  (  429): CMD: SIGNAL_POLL
D/wpa_supplicant(  548): ctrl_iface: SIGNAL_POLL
D/wpa_supplicant(  548): nl80211: survey data missing!
I/WifiHW  (  429): REPLY: RSSI=-37
I/WifiHW  (  429): REPLY: LINKSPEED=11
I/WifiHW  (  429): REPLY: NOISE=-97
I/WifiHW  (  429): REPLY: FREQUENCY=2452
D/RouteManager(  159): stopStream: {+++ RECONSIDER ROUTING +++} due to output stream stop event
D/RouteManager(  159): reconsiderRouting
D/EVENT_THREAD(  159): void CEventThread::trig(uint16_t): in
D/EVENT_THREAD(  159): void CEventThread::trig(uint16_t): out
D/RouteManager(  159): doReconsiderRouting:       Platform State:
D/RouteManager(  159): doReconsiderRouting:          -Modem Alive = 1 
D/RouteManager(  159): doReconsiderRouting:          -Modem Call Active = 0 
D/RouteManager(  159): doReconsiderRouting:          -Is Shared I2S glitch free=1 
D/RouteManager(  159): doReconsiderRouting:          -Android Telephony Mode = Normal 
D/RouteManager(  159): doReconsiderRouting:          -RTE MGR HW Mode = Normal 
D/RouteManager(  159): doReconsiderRouting:          -BT Enabled = 1 
D/RouteManager(  159): doReconsiderRouting:          -BT NREC = 0 
D/RouteManager(  159): doReconsiderRouting:          -BT Band = NB 
D/RouteManager(  159): doReconsiderRouting:          -Platform output device = IHF 
D/RouteManager(  159): doReconsiderRouting:          -Platform input device = <none> 
D/RouteManager(  159): doReconsiderRouting:          -Platform input source = VoiceRecognition 
D/RouteManager(  159): doReconsiderRouting:          -Platform Band type = NB 
D/RouteManager(  159): doReconsiderRouting:          -Platform Has Direct Stream = no 
D/RouteManager(  159): doReconsiderRouting:          -Platform TTY direction = <none> 
D/RouteManager(  159): doReconsiderRouting:          -Platform HAC Mode = Off 
D/RouteManager(  159): doReconsiderRouting:          -Platform Screen State = On 
D/RouteManager(  159): doReconsiderRouting:          -Platform Context Awareness = false 
D/RouteManager(  159): doReconsiderRouting:          -Platform FM State = Off 
D/RouteManager(  159): doReconsiderRouting:      Route state:
D/RouteManager(  159): doReconsiderRouting:          -Previously Enabled Route in Input = <none>
D/RouteManager(  159): doReconsiderRouting:          -Previously Enabled Route in Output = Media|HwCodecMedia|VirtualASP
D/RouteManager(  159): doReconsiderRouting:          -Selected Route in Input = <none>
D/RouteManager(  159): doReconsiderRouting:          -Selected Route in Output = VirtualASP
D/RouteManager(  159): doReconsiderRouting:          -Route that need reconfiguration in Input = <none>
D/RouteManager(  159): doReconsiderRouting:          -Route that need reconfiguration in Output = <none>
D/RouteManager(  159): executeMuteStage: --------------- Routing Stage = Mute ---------------
D/RouteManager(  159): parameter-framework: Selection criterion changed event: Criterion name: RoutageState, current state: Flow
D/RouteManager(  159): muteRoutes: Expected Routes to be muted in Output = Media|HwCodecMedia
D/RouteManager(  159): parameter-framework: Selection criterion changed event: Criterion name: ClosingPlaybackRoutes, current state: Media|HwCodecMedia
D/RouteManager(  159): parameter-framework: Selection criterion changed event: Criterion name: OpenedPlaybackRoutes, current state: VirtualASP
D/RouteManager(  159): parameter-framework: Configuration application request {
D/RouteManager(  159): parameter-framework:     Applying configurations {
D/RouteManager(  159): parameter-framework:         Applying configuration "Mute" from domain "Routing.Mute.HWCodec.Playback.EarpieceSpeaker"
D/RouteManager(  159): parameter-framework:     } Applying configurations
D/RouteManager(  159): parameter-framework: } Configuration application request
D/RouteManager(  159): executeDisableStage: --------------- Routing Stage = Disable ---------------
D/RouteManager(  159): parameter-framework: Selection criterion changed event: Criterion name: RoutageState, current state: Path
D/RouteManager(  159): prepareDisableRoutes: Routes to be disabled(unrouted) in Output = Media|HwCodecMedia
D/RouteManager/StreamRoute(  159): closePcmDevice called for card (cloverviewaudio,0)
D/ALSAStreamOps(  159): detachRoute output stream
D/RouteManager(  159): parameter-framework: Configuration application request {
D/RouteManager(  159): parameter-framework:     Applying configurations {
D/RouteManager(  159): parameter-framework:     } Applying configurations
D/RouteManager(  159): parameter-framework: } Configuration application request
D/RouteManager(  159): executeConfigureStage: --------------- Routing Stage = Configure ---------------
D/RouteManager(  159): parameter-framework: Selection criterion changed event: Criterion name: RoutageState, current state: Configure
D/RouteManager(  159): parameter-framework: Selection criterion changed event: Criterion name: ClosingPlaybackRoutes, current state: <none>
D/RouteManager(  159): parameter-framework: Configuration application request {
D/RouteManager(  159): parameter-framework:     Applying configurations {
D/RouteManager(  159): parameter-framework:         Applying configuration "Deactivated" from domain "Routing.Configure.LPE_Mixer.IHF"
D/RouteManager(  159): parameter-framework:     } Applying configurations
D/RouteManager(  159): parameter-framework: } Configuration application request
D/RouteManager(  159): executeEnableStage: --------------- Routing Stage = Enable ---------------
D/RouteManager(  159): parameter-framework: Selection criterion changed event: Criterion name: RoutageState, current state: Path|Configure
D/RouteManager(  159): parameter-framework: Configuration application request {
D/RouteManager(  159): parameter-framework:     Applying configurations {
D/RouteManager(  159): parameter-framework:     } Applying configurations
D/RouteManager(  159): parameter-framework: } Configuration application request
D/RouteManager(  159): executeUnmuteStage: --------------- Routing Stage = Unmute ---------------
D/RouteManager(  159): parameter-framework: Selection criterion changed event: Criterion name: RoutageState, current state: Flow|Path|Configure
D/RouteManager(  159): parameter-framework: Configuration application request {
D/RouteManager(  159): parameter-framework:     Applying configurations {
D/RouteManager(  159): parameter-framework:     } Applying configurations
D/RouteManager(  159): parameter-framework: } Configuration application request
D/RouteManager(  159): reconsiderRouting: DONE
D/EVENT_THREAD(  159): void CEventThread::run() Do poll with timeout: -1
I/WAKELOCK_RELEASE(  429): TIMESTAMP=20781322049334, TAG=AudioOut_2, TYPE=PARTIAL_WAKE_LOCK             , COUNT=0, PID=159, UID=1013, FLAGS=
I/WAKELOCK_ACQUIRE(  429): TIMESTAMP=20783399990980, TAG=AlarmManager, TYPE=PARTIAL_WAKE_LOCK             , COUNT=0, PID=429, UID=1000, FLAGS=
I/WAKELOCK_ACQUIRE(  429): TIMESTAMP=20783408111413, TAG=GTALK_CONN, TYPE=PARTIAL_WAKE_LOCK             , COUNT=0, PID=919, UID=10016, FLAGS=
I/WAKELOCK_RELEASE(  429): TIMESTAMP=20783413679482, TAG=GTALK_CONN, TYPE=PARTIAL_WAKE_LOCK             , COUNT=0, PID=919, UID=10016, FLAGS=
I/WAKELOCK_RELEASE(  429): TIMESTAMP=20783420505012, TAG=AlarmManager, TYPE=PARTIAL_WAKE_LOCK             , COUNT=0, PID=429, UID=1000, FLAGS=
V/AlarmManager(  429): triggered: act=com.google.android.intent.action.MCS_HEARTBEAT flg=0x14
V/AlarmManager(  429): Pkg: com.google.android.gsf
I/WAKELOCK_ACQUIRE(  429): TIMESTAMP=20784136969713, TAG=GTALK_CONN, TYPE=PARTIAL_WAKE_LOCK             , COUNT=0, PID=919, UID=10016, FLAGS=
I/WAKELOCK_RELEASE(  429): TIMESTAMP=20784143888014, TAG=GTALK_CONN, TYPE=PARTIAL_WAKE_LOCK             , COUNT=0, PID=919, UID=10016, FLAGS=
I/WAKELOCK_ACQUIRE(  429): TIMESTAMP=20784145830402, TAG=GTALK_CONN, TYPE=PARTIAL_WAKE_LOCK             , COUNT=0, PID=919, UID=10016, FLAGS=
I/WAKELOCK_RELEASE(  429): TIMESTAMP=20784148505804, TAG=GTALK_CONN, TYPE=PARTIAL_WAKE_LOCK             , COUNT=0, PID=919, UID=10016, FLAGS=
I/WifiHW  (  429): CMD: SIGNAL_POLL
D/wpa_supplicant(  548): ctrl_iface: SIGNAL_POLL
D/wpa_supplicant(  548): nl80211: survey data missing!
I/WifiHW  (  429): REPLY: RSSI=-32
I/WifiHW  (  429): REPLY: LINKSPEED=11
I/WifiHW  (  429): REPLY: NOISE=-95
I/WifiHW  (  429): REPLY: FREQUENCY=2452
D/hwcomposer(  429): virtual bool IntelMIPIDisplayDevice::prepare(hwc_display_contents_1_t*)
D/hwcomposer(  429): virtual bool MedfieldSpritePlane::setDataBuffer(IntelDisplayBuffer&): srcX 0x0, srcY 0x32, bufWidth 0x2d0, bufHeight 0x500
D/hwcomposer(  429): virtual bool MedfieldSpritePlane::setDataBuffer(IntelDisplayBuffer&): format 0x18000000, bpp  0x4, linoff 0x23f00
D/hwcomposer(  429): virtual bool MedfieldSpritePlane::setDataBuffer(IntelDisplayBuffer&): cntr 0x98000004, stride 0xb80, surf 0x254f000
D/hwcomposer(  429): convertBuffer: handle 0x67cad790
D/hwcomposer(  429): virtual bool IntelOverlayPlane::setDataBuffer(uint32_t, uint32_t, IMG_native_handle_t*): next buffer 1
D/hwcomposer(  429): virtual bool IntelOverlayPlane::setDataBuffer(uint32_t, uint32_t, IMG_native_handle_t*): mapping buffer at 1...
D/hwcomposer(  429): bool IntelOverlayContext::bufferOffsetSetup(IntelDisplayDataBuffer&): setting up buffer offset...
D/hwcomposer(  429): bool IntelOverlayContext::bufferOffsetSetup(IntelDisplayDataBuffer&): done. offset (0, 38400, 0)
D/hwcomposer(  429): bool IntelOverlayContext::coordinateSetup(IntelDisplayDataBuffer&): setting up coordinates...
D/hwcomposer(  429): bool IntelOverlayContext::setDataBuffer(IntelDisplayDataBuffer&): done
D/hwcomposer(  429): virtual bool IntelMIPIDisplayDevice::commit(hwc_display_contents_1_t*, const native_handle_t**, int*, int**, int&)
D/hwcomposer(  429): virtual bool IntelMIPIDisplayDevice::commit(hwc_display_contents_1_t*, const native_handle_t**, int*, int**, int&): primary plane in use
D/hwcomposer(  429): virtual bool IntelMIPIDisplayDevice::commit(hwc_display_contents_1_t*, const native_handle_t**, int*, int**, int&): flip plane 0, flags: 0x0
D/hwcomposer(  429): virtual bool MedfieldSpritePlane::flip(void*, uint32_t): flip to surface 0x254f000
D/hwcomposer(  429): same RGB buffer handle 0x67a8d520
D/hwcomposer(  429): virtual bool IntelMIPIDisplayDevice::commit(hwc_display_contents_1_t*, const native_handle_t**, int*, int**, int&): flip plane 1, flags: 0x0
D/hwcomposer(  429): virtual bool IntelOverlayPlane::flip(void*, uint32_t): overlay context ovadd: 0x8010001, pipe:0x0, index: 0x0
D/hwcomposer(  429): bool IntelHWComposer::commitDisplays(size_t, hwc_display_contents_1_t**): commits 1 buffers
D/hwcomposer(  429): virtual bool IntelMIPIDisplayDevice::prepare(hwc_display_contents_1_t*)
D/hwcomposer(  429): virtual bool MedfieldSpritePlane::setDataBuffer(IntelDisplayBuffer&): srcX 0x0, srcY 0x32, bufWidth 0x2d0, bufHeight 0x500
D/hwcomposer(  429): virtual bool MedfieldSpritePlane::setDataBuffer(IntelDisplayBuffer&): format 0x18000000, bpp  0x4, linoff 0x23f00
D/hwcomposer(  429): virtual bool MedfieldSpritePlane::setDataBuffer(IntelDisplayBuffer&): cntr 0x98000004, stride 0xb80, surf 0x254f000
D/hwcomposer(  429): convertBuffer: handle 0x67deed60
D/hwcomposer(  429): virtual bool IntelOverlayPlane::setDataBuffer(uint32_t, uint32_t, IMG_native_handle_t*): next buffer 2
D/hwcomposer(  429): virtual bool IntelOverlayPlane::setDataBuffer(uint32_t, uint32_t, IMG_native_handle_t*): mapping buffer at 2...
D/hwcomposer(  429): bool IntelOverlayContext::bufferOffsetSetup(IntelDisplayDataBuffer&): setting up buffer offset...
D/hwcomposer(  429): bool IntelOverlayContext::bufferOffsetSetup(IntelDisplayDataBuffer&): done. offset (0, 38400, 0)
D/hwcomposer(  429): bool IntelOverlayContext::coordinateSetup(IntelDisplayDataBuffer&): setting up coordinates...
D/hwcomposer(  429): bool IntelOverlayContext::setDataBuffer(IntelDisplayDataBuffer&): done
D/hwcomposer(  429): virtual bool IntelMIPIDisplayDevice::commit(hwc_display_contents_1_t*, const native_handle_t**, int*, int**, int&)
D/hwcomposer(  429): virtual bool IntelMIPIDisplayDevice::commit(hwc_display_contents_1_t*, const native_handle_t**, int*, int**, int&): primary plane in use
D/hwcomposer(  429): virtual bool IntelMIPIDisplayDevice::commit(hwc_display_contents_1_t*, const native_handle_t**, int*, int**, int&): flip plane 0, flags: 0x0
D/hwcomposer(  429): virtual bool MedfieldSpritePlane::flip(void*, uint32_t): flip to surface 0x254f000
D/hwcomposer(  429): same RGB buffer handle 0x67a8d520
D/hwcomposer(  429): virtual bool IntelMIPIDisplayDevice::commit(hwc_display_contents_1_t*, const native_handle_t**, int*, int**, int&): flip plane 1, flags: 0x0
D/hwcomposer(  429): virtual bool IntelOverlayPlane::flip(void*, uint32_t): overlay context ovadd: 0x8010001, pipe:0x0, index: 0x0
D/hwcomposer(  429): bool IntelHWComposer::commitDisplays(size_t, hwc_display_contents_1_t**): commits 1 buffers
I/WifiHW  (  429): CMD: SIGNAL_POLL
D/wpa_supplicant(  548): ctrl_iface: SIGNAL_POLL
D/wpa_supplicant(  548): nl80211: survey data missing!
I/WifiHW  (  429): REPLY: RSSI=-32
I/WifiHW  (  429): REPLY: LINKSPEED=11
I/WifiHW  (  429): REPLY: NOISE=-95
I/WifiHW  (  429): REPLY: FREQUENCY=2452
I/WifiHW  (  429): CMD: SIGNAL_POLL
D/wpa_supplicant(  548): ctrl_iface: SIGNAL_POLL
D/wpa_supplicant(  548): nl80211: survey data missing!
I/WifiHW  (  429): REPLY: RSSI=-32
I/WifiHW  (  429): REPLY: LINKSPEED=11
I/WifiHW  (  429): REPLY: NOISE=-95
I/WifiHW  (  429): REPLY: FREQUENCY=2452
I/WifiHW  (  429): CMD: SIGNAL_POLL
D/wpa_supplicant(  548): ctrl_iface: SIGNAL_POLL
D/wpa_supplicant(  548): nl80211: survey data missing!
I/WifiHW  (  429): REPLY: RSSI=-32
I/WifiHW  (  429): REPLY: LINKSPEED=11
I/WifiHW  (  429): REPLY: NOISE=-95
I/WifiHW  (  429): REPLY: FREQUENCY=2452
I/WifiHW  (  429): CMD: SIGNAL_POLL
D/wpa_supplicant(  548): ctrl_iface: SIGNAL_POLL
D/wpa_supplicant(  548): nl80211: survey data missing!
I/WifiHW  (  429): REPLY: RSSI=-32
I/WifiHW  (  429): REPLY: LINKSPEED=11
I/WifiHW  (  429): REPLY: NOISE=-95
I/WifiHW  (  429): REPLY: FREQUENCY=2452
I/WifiHW  (  429): CMD: SIGNAL_POLL
D/wpa_supplicant(  548): ctrl_iface: SIGNAL_POLL
D/wpa_supplicant(  548): nl80211: survey data missing!
I/WifiHW  (  429): REPLY: RSSI=-32
I/WifiHW  (  429): REPLY: LINKSPEED=11
I/WifiHW  (  429): REPLY: NOISE=-95
I/WifiHW  (  429): REPLY: FREQUENCY=2452
I/WifiHW  (  429): CMD: SIGNAL_POLL
D/wpa_supplicant(  548): ctrl_iface: SIGNAL_POLL
D/wpa_supplicant(  548): nl80211: survey data missing!
I/WifiHW  (  429): REPLY: RSSI=-32
I/WifiHW  (  429): REPLY: LINKSPEED=11
I/WifiHW  (  429): REPLY: NOISE=-95
I/WifiHW  (  429): REPLY: FREQUENCY=2452
I/WifiHW  (  429): CMD: SIGNAL_POLL
D/wpa_supplicant(  548): ctrl_iface: SIGNAL_POLL
D/wpa_supplicant(  548): nl80211: survey data missing!
I/WifiHW  (  429): REPLY: RSSI=-32
I/WifiHW  (  429): REPLY: LINKSPEED=11
I/WifiHW  (  429): REPLY: NOISE=-95
I/WifiHW  (  429): REPLY: FREQUENCY=2452
I/WifiHW  (  429): CMD: SIGNAL_POLL
D/wpa_supplicant(  548): ctrl_iface: SIGNAL_POLL
D/wpa_supplicant(  548): nl80211: survey data missing!
I/WifiHW  (  429): REPLY: RSSI=-32
I/WifiHW  (  429): REPLY: LINKSPEED=11
I/WifiHW  (  429): REPLY: NOISE=-95
I/WifiHW  (  429): REPLY: FREQUENCY=2452
I/WifiHW  (  429): CMD: SIGNAL_POLL
D/wpa_supplicant(  548): ctrl_iface: SIGNAL_POLL
D/wpa_supplicant(  548): nl80211: survey data missing!
I/WifiHW  (  429): REPLY: RSSI=-32
I/WifiHW  (  429): REPLY: LINKSPEED=11
I/WifiHW  (  429): REPLY: NOISE=-95
I/WifiHW  (  429): REPLY: FREQUENCY=2452
I/WifiHW  (  429): CMD: SIGNAL_POLL
D/wpa_supplicant(  548): ctrl_iface: SIGNAL_POLL
D/wpa_supplicant(  548): nl80211: survey data missing!
I/WifiHW  (  429): REPLY: RSSI=-32
I/WifiHW  (  429): REPLY: LINKSPEED=11
I/WifiHW  (  429): REPLY: NOISE=-95
I/WifiHW  (  429): REPLY: FREQUENCY=2452
I/WifiHW  (  429): CMD: SIGNAL_POLL
D/wpa_supplicant(  548): ctrl_iface: SIGNAL_POLL
D/wpa_supplicant(  548): nl80211: survey data missing!
I/WifiHW  (  429): REPLY: RSSI=-32
I/WifiHW  (  429): REPLY: LINKSPEED=11
I/WifiHW  (  429): REPLY: NOISE=-95
I/WifiHW  (  429): REPLY: FREQUENCY=2452
I/WAKELOCK_ACQUIRE(  429): TIMESTAMP=20819845396094, TAG=AlarmManager, TYPE=PARTIAL_WAKE_LOCK             , COUNT=0, PID=429, UID=1000, FLAGS=
D/hwcomposer(  429): virtual bool IntelMIPIDisplayDevice::prepare(hwc_display_contents_1_t*)
D/hwcomposer(  429): virtual bool MedfieldSpritePlane::setDataBuffer(IntelDisplayBuffer&): srcX 0x0, srcY 0x32, bufWidth 0x2d0, bufHeight 0x500
D/hwcomposer(  429): virtual bool MedfieldSpritePlane::setDataBuffer(IntelDisplayBuffer&): format 0x18000000, bpp  0x4, linoff 0x23f00
D/hwcomposer(  429): virtual bool MedfieldSpritePlane::setDataBuffer(IntelDisplayBuffer&): cntr 0x98000004, stride 0xb80, surf 0x254f000
D/hwcomposer(  429): convertBuffer: handle 0x69added0
D/hwcomposer(  429): convertBuffer: found handle 0x69added0 at 0 value 0x67c931c0
D/hwcomposer(  429): virtual bool IntelOverlayPlane::setDataBuffer(uint32_t, uint32_t, IMG_native_handle_t*): next buffer 1
D/hwcomposer(  429): bool IntelOverlayContext::bufferOffsetSetup(IntelDisplayDataBuffer&): setting up buffer offset...
D/hwcomposer(  429): bool IntelOverlayContext::bufferOffsetSetup(IntelDisplayDataBuffer&): done. offset (0, 38400, 0)
D/hwcomposer(  429): bool IntelOverlayContext::coordinateSetup(IntelDisplayDataBuffer&): setting up coordinates...
D/hwcomposer(  429): bool IntelOverlayContext::setDataBuffer(IntelDisplayDataBuffer&): done
D/hwcomposer(  429): virtual bool IntelMIPIDisplayDevice::commit(hwc_display_contents_1_t*, const native_handle_t**, int*, int**, int&)
D/hwcomposer(  429): virtual bool IntelMIPIDisplayDevice::commit(hwc_display_contents_1_t*, const native_handle_t**, int*, int**, int&): primary plane in use
D/hwcomposer(  429): virtual bool IntelMIPIDisplayDevice::commit(hwc_display_contents_1_t*, const native_handle_t**, int*, int**, int&): flip plane 0, flags: 0x0
D/hwcomposer(  429): virtual bool MedfieldSpritePlane::flip(void*, uint32_t): flip to surface 0x254f000
D/hwcomposer(  429): same RGB buffer handle 0x67a8d520
D/hwcomposer(  429): virtual bool IntelMIPIDisplayDevice::commit(hwc_display_contents_1_t*, const native_handle_t**, int*, int**, int&): flip plane 1, flags: 0x0
D/hwcomposer(  429): virtual bool IntelOverlayPlane::flip(void*, uint32_t): overlay context ovadd: 0x8010001, pipe:0x0, index: 0x0
D/hwcomposer(  429): bool IntelHWComposer::commitDisplays(size_t, hwc_display_contents_1_t**): commits 1 buffers
I/WAKELOCK_RELEASE(  429): TIMESTAMP=20819898549447, TAG=AlarmManager, TYPE=PARTIAL_WAKE_LOCK             , COUNT=0, PID=429, UID=1000, FLAGS=
D/hwcomposer(  429): virtual bool IntelMIPIDisplayDevice::prepare(hwc_display_contents_1_t*)
D/hwcomposer(  429): virtual bool MedfieldSpritePlane::setDataBuffer(IntelDisplayBuffer&): srcX 0x0, srcY 0x32, bufWidth 0x2d0, bufHeight 0x500
D/hwcomposer(  429): virtual bool MedfieldSpritePlane::setDataBuffer(IntelDisplayBuffer&): format 0x18000000, bpp  0x4, linoff 0x23f00
D/hwcomposer(  429): virtual bool MedfieldSpritePlane::setDataBuffer(IntelDisplayBuffer&): cntr 0x98000004, stride 0xb80, surf 0x3026000
D/hwcomposer(  429): convertBuffer: handle 0x69added0
D/hwcomposer(  429): convertBuffer: found handle 0x69added0 at 0 value 0x67c931c0
D/hwcomposer(  429): virtual bool IntelOverlayPlane::setDataBuffer(uint32_t, uint32_t, IMG_native_handle_t*): next buffer 1
D/hwcomposer(  429): bool IntelOverlayContext::bufferOffsetSetup(IntelDisplayDataBuffer&): setting up buffer offset...
D/hwcomposer(  429): bool IntelOverlayContext::bufferOffsetSetup(IntelDisplayDataBuffer&): done. offset (0, 38400, 0)
D/hwcomposer(  429): bool IntelOverlayContext::coordinateSetup(IntelDisplayDataBuffer&): setting up coordinates...
D/hwcomposer(  429): bool IntelOverlayContext::setDataBuffer(IntelDisplayDataBuffer&): done
D/hwcomposer(  429): virtual bool IntelMIPIDisplayDevice::commit(hwc_display_contents_1_t*, const native_handle_t**, int*, int**, int&)
D/hwcomposer(  429): virtual bool IntelMIPIDisplayDevice::commit(hwc_display_contents_1_t*, const native_handle_t**, int*, int**, int&): primary plane in use
D/hwcomposer(  429): virtual bool IntelMIPIDisplayDevice::commit(hwc_display_contents_1_t*, const native_handle_t**, int*, int**, int&): flip plane 0, flags: 0x0
D/hwcomposer(  429): virtual bool MedfieldSpritePlane::flip(void*, uint32_t): flip to surface 0x3026000
D/hwcomposer(  429): virtual bool IntelMIPIDisplayDevice::commit(hwc_display_contents_1_t*, const native_handle_t**, int*, int**, int&): flip plane 1, flags: 0x0
D/hwcomposer(  429): virtual bool IntelOverlayPlane::flip(void*, uint32_t): overlay context ovadd: 0x8010001, pipe:0x0, index: 0x0
D/hwcomposer(  429): bool IntelHWComposer::commitDisplays(size_t, hwc_display_contents_1_t**): commits 2 buffers
I/WifiHW  (  429): CMD: SIGNAL_POLL
D/wpa_supplicant(  548): ctrl_iface: SIGNAL_POLL
D/wpa_supplicant(  548): nl80211: survey data missing!
I/WifiHW  (  429): REPLY: RSSI=-32
I/WifiHW  (  429): REPLY: LINKSPEED=11
I/WifiHW  (  429): REPLY: NOISE=-95
I/WifiHW  (  429): REPLY: FREQUENCY=2452
I/WifiHW  (  429): CMD: SIGNAL_POLL
D/wpa_supplicant(  548): ctrl_iface: SIGNAL_POLL
D/wpa_supplicant(  548): nl80211: survey data missing!
I/WifiHW  (  429): REPLY: RSSI=-32
I/WifiHW  (  429): REPLY: LINKSPEED=11
I/WifiHW  (  429): REPLY: NOISE=-95
I/WifiHW  (  429): REPLY: FREQUENCY=2452
I/WifiHW  (  429): CMD: SIGNAL_POLL
D/wpa_supplicant(  548): ctrl_iface: SIGNAL_POLL
D/wpa_supplicant(  548): nl80211: survey data missing!
I/WifiHW  (  429): REPLY: RSSI=-32
I/WifiHW  (  429): REPLY: LINKSPEED=11
I/WifiHW  (  429): REPLY: NOISE=-95
I/WifiHW  (  429): REPLY: FREQUENCY=2452
D/Vibrator(  429): switchOff : Turn OFF vibrator request
D/EVENT_THREAD(  429): void CEventThread::cancelAlarm()
D/EVENT_THREAD(  429): void CEventThread::run() Do poll with timeout: -1
D/Vibrator(  429): switchOn : Turn ON vibrator for 10 ms request
D/EVENT_THREAD(  429): void CEventThread::startAlarm(uint32_t) 10ms
D/EVENT_THREAD(  429): void CEventThread::run() Do poll with timeout: 10
I/WAKELOCK_ACQUIRE(  429): TIMESTAMP=20828528972940, TAG=*vibrator*, TYPE=PARTIAL_WAKE_LOCK             , COUNT=0, PID=429, UID=1000, FLAGS=
D/EVENT_THREAD(  429): void CEventThread::cancelAlarm()
D/EVENT_THREAD(  429): void CEventThread::run() Do poll with timeout: -1
D/Vibrator(  429): switchOn : Turn ON vibrator for 30 ms request
D/EVENT_THREAD(  429): void CEventThread::startAlarm(uint32_t) 30ms
D/EVENT_THREAD(  429): void CEventThread::run() Do poll with timeout: 30
D/EVENT_THREAD(  429): void CEventThread::cancelAlarm()
D/EVENT_THREAD(  429): void CEventThread::run() Do poll with timeout: -1
I/WAKELOCK_RELEASE(  429): TIMESTAMP=20828592692663, TAG=*vibrator*, TYPE=PARTIAL_WAKE_LOCK             , COUNT=0, PID=429, UID=1000, FLAGS=
I/ActivityManager(  429): START u0 {act=android.intent.action.MAIN cat=[android.intent.category.HOME] flg=0x10200000 cmp=com.android.launcher/com.android.launcher2.Launcher} from pid 429
D/dalvikvm(  429): GC_FOR_ALLOC freed 1036K, 23% free 20933K/26940K, paused 37ms, total 37ms
I/WAKELOCK_ACQUIRE(  429): TIMESTAMP=20828694191960, TAG=ActivityManager-Launch, TYPE=PARTIAL_WAKE_LOCK             , COUNT=0, PID=429, UID=1000, FLAGS=
I/qtaguid (  429): Failed write_ctrl(s 1 10045) res=-1 errno=1
W/NetworkManagementSocketTagger(  429): setKernelCountSet(10045, 1) failed with errno -1
D/hwcomposer(  429): virtual bool IntelMIPIDisplayDevice::prepare(hwc_display_contents_1_t*)
D/hwcomposer(  429): virtual void IntelMIPIDisplayDevice::onGeometryChanged(hwc_display_contents_1_t*)
D/hwcomposer(  429): void IntelDisplayPlaneManager::reclaimPlane(IntelDisplayPlane*): reclaimPlane 0
D/hwcomposer(  429): void IntelDisplayPlaneManager::reclaimPlane(IntelDisplayPlane*): reclaimPlane 0
D/hwcomposer(  429): isRGBOverlayLayer: got an RGB overlay layer
D/hwcomposer(  429): void IntelOverlayContext::setPosition(int, int, int, int): 0, 0, 720, 50
D/hwcomposer(  429): isSpriteLayer: got a sprite layer
D/hwcomposer(  429): isSpriteLayer: clear fb
D/hwcomposer(  429): int IntelDisplayPlaneManager::setZOrderConfig(int, int): 3
D/hwcomposer(  429): virtual bool MedfieldSpritePlane::setDataBuffer(IntelDisplayBuffer&): srcX 0x0, srcY 0x32, bufWidth 0x2d0, bufHeight 0x500
D/hwcomposer(  429): virtual bool MedfieldSpritePlane::setDataBuffer(IntelDisplayBuffer&): format 0x18000000, bpp  0x4, linoff 0x23f00
D/hwcomposer(  429): virtual bool MedfieldSpritePlane::setDataBuffer(IntelDisplayBuffer&): cntr 0x98000004, stride 0xb80, surf 0x3026000
D/hwcomposer(  429): convertBuffer: handle 0x69added0
D/hwcomposer(  429): convertBuffer: found handle 0x69added0 at 0 value 0x67c931c0
D/hwcomposer(  429): virtual bool IntelOverlayPlane::setDataBuffer(uint32_t, uint32_t, IMG_native_handle_t*): next buffer 1
D/hwcomposer(  429): bool IntelOverlayContext::bufferOffsetSetup(IntelDisplayDataBuffer&): setting up buffer offset...
D/hwcomposer(  429): bool IntelOverlayContext::bufferOffsetSetup(IntelDisplayDataBuffer&): done. offset (0, 38400, 0)
D/hwcomposer(  429): bool IntelOverlayContext::coordinateSetup(IntelDisplayDataBuffer&): setting up coordinates...
D/hwcomposer(  429): bool IntelOverlayContext::scalingSetup(IntelDisplayDataBuffer&): Final position (0, 0, 720, 50)
D/hwcomposer(  429): bool IntelOverlayContext::scalingSetup(IntelDisplayDataBuffer&): src (720x50) v.s. (720x50)
D/hwcomposer(  429): bool IntelOverlayContext::scalingSetup(IntelDisplayDataBuffer&): done
D/hwcomposer(  429): bool IntelOverlayContext::setDataBuffer(IntelDisplayDataBuffer&): done
D/hwcomposer(  429): virtual bool IntelMIPIDisplayDevice::commit(hwc_display_contents_1_t*, const native_handle_t**, int*, int**, int&)
D/hwcomposer(  429): virtual bool IntelMIPIDisplayDevice::commit(hwc_display_contents_1_t*, const native_handle_t**, int*, int**, int&): primary plane in use
D/hwcomposer(  429): virtual bool IntelMIPIDisplayDevice::commit(hwc_display_contents_1_t*, const native_handle_t**, int*, int**, int&): flip plane 0, flags: 0x0
D/hwcomposer(  429): virtual bool MedfieldSpritePlane::flip(void*, uint32_t): flip to surface 0x3026000
D/hwcomposer(  429): virtual bool IntelMIPIDisplayDevice::commit(hwc_display_contents_1_t*, const native_handle_t**, int*, int**, int&): flip plane 1, flags: 0x0
D/hwcomposer(  429): virtual bool IntelOverlayPlane::flip(void*, uint32_t): overlay context ovadd: 0x8010001, pipe:0x0, index: 0x0
D/hwcomposer(  429): bool IntelHWComposer::commitDisplays(size_t, hwc_display_contents_1_t**): commits 2 buffers
D/hwcomposer(  429): virtual bool IntelMIPIDisplayDevice::prepare(hwc_display_contents_1_t*)
D/hwcomposer(  429): virtual bool MedfieldSpritePlane::setDataBuffer(IntelDisplayBuffer&): srcX 0x0, srcY 0x32, bufWidth 0x2d0, bufHeight 0x500
D/hwcomposer(  429): virtual bool MedfieldSpritePlane::setDataBuffer(IntelDisplayBuffer&): format 0x18000000, bpp  0x4, linoff 0x23f00
D/hwcomposer(  429): virtual bool MedfieldSpritePlane::setDataBuffer(IntelDisplayBuffer&): cntr 0x98000004, stride 0xb80, surf 0x33cd000
D/hwcomposer(  429): convertBuffer: handle 0x69added0
D/hwcomposer(  429): convertBuffer: found handle 0x69added0 at 0 value 0x67c931c0
D/hwcomposer(  429): virtual bool IntelOverlayPlane::setDataBuffer(uint32_t, uint32_t, IMG_native_handle_t*): next buffer 1
D/hwcomposer(  429): bool IntelOverlayContext::bufferOffsetSetup(IntelDisplayDataBuffer&): setting up buffer offset...
D/hwcomposer(  429): bool IntelOverlayContext::bufferOffsetSetup(IntelDisplayDataBuffer&): done. offset (0, 38400, 0)
D/hwcomposer(  429): bool IntelOverlayContext::coordinateSetup(IntelDisplayDataBuffer&): setting up coordinates...
D/hwcomposer(  429): bool IntelOverlayContext::setDataBuffer(IntelDisplayDataBuffer&): done
D/hwcomposer(  429): virtual bool IntelMIPIDisplayDevice::commit(hwc_display_contents_1_t*, const native_handle_t**, int*, int**, int&)
D/hwcomposer(  429): virtual bool IntelMIPIDisplayDevice::commit(hwc_display_contents_1_t*, const native_handle_t**, int*, int**, int&): primary plane in use
D/hwcomposer(  429): virtual bool IntelMIPIDisplayDevice::commit(hwc_display_contents_1_t*, const native_handle_t**, int*, int**, int&): flip plane 0, flags: 0x0
D/hwcomposer(  429): virtual bool MedfieldSpritePlane::flip(void*, uint32_t): flip to surface 0x33cd000
D/hwcomposer(  429): virtual bool IntelMIPIDisplayDevice::commit(hwc_display_contents_1_t*, const native_handle_t**, int*, int**, int&): flip plane 1, flags: 0x0
D/hwcomposer(  429): virtual bool IntelOverlayPlane::flip(void*, uint32_t): overlay context ovadd: 0x8010001, pipe:0x0, index: 0x0
D/hwcomposer(  429): bool IntelHWComposer::commitDisplays(size_t, hwc_display_contents_1_t**): commits 2 buffers
D/CAT     (  673): StkAppService$2: got intent: Intent { act=com.android.launcher.CLOSE_ALL_APPS flg=0x10 }
D/hwcomposer(  429): virtual bool IntelMIPIDisplayDevice::prepare(hwc_display_contents_1_t*)
D/hwcomposer(  429): virtual void IntelMIPIDisplayDevice::onGeometryChanged(hwc_display_contents_1_t*)
D/hwcomposer(  429): void IntelDisplayPlaneManager::reclaimPlane(IntelDisplayPlane*): reclaimPlane 0
D/hwcomposer(  429): void IntelDisplayPlaneManager::reclaimPlane(IntelDisplayPlane*): reclaimPlane 0
D/hwcomposer(  429): isRGBOverlayLayer: got an RGB overlay layer
D/hwcomposer(  429): void IntelOverlayContext::setPosition(int, int, int, int): 0, 0, 720, 50
D/hwcomposer(  429): isSpriteLayer: got a sprite layer
D/hwcomposer(  429): isSpriteLayer: clear fb
D/hwcomposer(  429): int IntelDisplayPlaneManager::setZOrderConfig(int, int): 3
D/hwcomposer(  429): virtual bool MedfieldSpritePlane::setDataBuffer(IntelDisplayBuffer&): srcX 0x0, srcY 0x32, bufWidth 0x2d0, bufHeight 0x500
D/hwcomposer(  429): virtual bool MedfieldSpritePlane::setDataBuffer(IntelDisplayBuffer&): format 0x18000000, bpp  0x4, linoff 0x23f00
D/hwcomposer(  429): virtual bool MedfieldSpritePlane::setDataBuffer(IntelDisplayBuffer&): cntr 0x98000004, stride 0xb80, surf 0x33cd000
D/hwcomposer(  429): convertBuffer: handle 0x69added0
D/hwcomposer(  429): convertBuffer: found handle 0x69added0 at 0 value 0x67c931c0
D/hwcomposer(  429): virtual bool IntelOverlayPlane::setDataBuffer(uint32_t, uint32_t, IMG_native_handle_t*): next buffer 1
D/hwcomposer(  429): bool IntelOverlayContext::bufferOffsetSetup(IntelDisplayDataBuffer&): setting up buffer offset...
D/hwcomposer(  429): bool IntelOverlayContext::bufferOffsetSetup(IntelDisplayDataBuffer&): done. offset (0, 38400, 0)
D/hwcomposer(  429): bool IntelOverlayContext::coordinateSetup(IntelDisplayDataBuffer&): setting up coordinates...
D/hwcomposer(  429): bool IntelOverlayContext::scalingSetup(IntelDisplayDataBuffer&): Final position (0, 0, 720, 50)
D/hwcomposer(  429): bool IntelOverlayContext::scalingSetup(IntelDisplayDataBuffer&): src (720x50) v.s. (720x50)
D/hwcomposer(  429): bool IntelOverlayContext::scalingSetup(IntelDisplayDataBuffer&): done
D/hwcomposer(  429): bool IntelOverlayContext::setDataBuffer(IntelDisplayDataBuffer&): done
D/hwcomposer(  429): virtual bool IntelMIPIDisplayDevice::commit(hwc_display_contents_1_t*, const native_handle_t**, int*, int**, int&)
D/hwcomposer(  429): virtual bool IntelMIPIDisplayDevice::commit(hwc_display_contents_1_t*, const native_handle_t**, int*, int**, int&): primary plane in use
D/hwcomposer(  429): virtual bool IntelMIPIDisplayDevice::commit(hwc_display_contents_1_t*, const native_handle_t**, int*, int**, int&): flip plane 0, flags: 0x0
D/hwcomposer(  429): virtual bool MedfieldSpritePlane::flip(void*, uint32_t): flip to surface 0x33cd000
D/hwcomposer(  429): virtual bool IntelMIPIDisplayDevice::commit(hwc_display_contents_1_t*, const native_handle_t**, int*, int**, int&): flip plane 1, flags: 0x0
D/hwcomposer(  429): virtual bool IntelOverlayPlane::flip(void*, uint32_t): overlay context ovadd: 0x8010001, pipe:0x0, index: 0x0
D/hwcomposer(  429): bool IntelHWComposer::commitDisplays(size_t, hwc_display_contents_1_t**): commits 2 buffers
I/dalvikvm(  429): JIT_INFO: VRDELAY_CAN_THROW cancel was not optimized for bytecode=0xd3
D/hwcomposer(  429): virtual bool IntelMIPIDisplayDevice::prepare(hwc_display_contents_1_t*)
D/hwcomposer(  429): virtual void IntelMIPIDisplayDevice::onGeometryChanged(hwc_display_contents_1_t*)
D/hwcomposer(  429): void IntelDisplayPlaneManager::reclaimPlane(IntelDisplayPlane*): reclaimPlane 0
D/hwcomposer(  429): void IntelDisplayPlaneManager::reclaimPlane(IntelDisplayPlane*): reclaimPlane 0
D/hwcomposer(  429): isRGBOverlayLayer: got an RGB overlay layer
D/hwcomposer(  429): void IntelOverlayContext::setPosition(int, int, int, int): 0, 0, 720, 50
D/hwcomposer(  429): isSpriteLayer: got a sprite layer
D/hwcomposer(  429): isSpriteLayer: clear fb
D/hwcomposer(  429): int IntelDisplayPlaneManager::setZOrderConfig(int, int): 3
D/hwcomposer(  429): virtual bool MedfieldSpritePlane::setDataBuffer(IntelDisplayBuffer&): srcX 0x0, srcY 0x32, bufWidth 0x2d0, bufHeight 0x500
D/hwcomposer(  429): virtual bool MedfieldSpritePlane::setDataBuffer(IntelDisplayBuffer&): format 0x18000000, bpp  0x4, linoff 0x23f00
D/hwcomposer(  429): virtual bool MedfieldSpritePlane::setDataBuffer(IntelDisplayBuffer&): cntr 0x98000004, stride 0xb80, surf 0x33cd000
D/hwcomposer(  429): convertBuffer: handle 0x69added0
D/hwcomposer(  429): convertBuffer: found handle 0x69added0 at 0 value 0x67c931c0
D/hwcomposer(  429): virtual bool IntelOverlayPlane::setDataBuffer(uint32_t, uint32_t, IMG_native_handle_t*): next buffer 1
D/hwcomposer(  429): bool IntelOverlayContext::bufferOffsetSetup(IntelDisplayDataBuffer&): setting up buffer offset...
D/hwcomposer(  429): bool IntelOverlayContext::bufferOffsetSetup(IntelDisplayDataBuffer&): done. offset (0, 38400, 0)
D/hwcomposer(  429): bool IntelOverlayContext::coordinateSetup(IntelDisplayDataBuffer&): setting up coordinates...
D/hwcomposer(  429): bool IntelOverlayContext::scalingSetup(IntelDisplayDataBuffer&): Final position (0, 0, 720, 50)
D/hwcomposer(  429): bool IntelOverlayContext::scalingSetup(IntelDisplayDataBuffer&): src (720x50) v.s. (720x50)
D/hwcomposer(  429): bool IntelOverlayContext::scalingSetup(IntelDisplayDataBuffer&): done
D/hwcomposer(  429): bool IntelOverlayContext::setDataBuffer(IntelDisplayDataBuffer&): done
D/hwcomposer(  429): virtual bool IntelMIPIDisplayDevice::commit(hwc_display_contents_1_t*, const native_handle_t**, int*, int**, int&)
D/hwcomposer(  429): virtual bool IntelMIPIDisplayDevice::commit(hwc_display_contents_1_t*, const native_handle_t**, int*, int**, int&): primary plane in use
D/hwcomposer(  429): virtual bool IntelMIPIDisplayDevice::commit(hwc_display_contents_1_t*, const native_handle_t**, int*, int**, int&): flip plane 0, flags: 0x0
D/hwcomposer(  429): virtual bool MedfieldSpritePlane::flip(void*, uint32_t): flip to surface 0x33cd000
D/hwcomposer(  429): virtual bool IntelMIPIDisplayDevice::commit(hwc_display_contents_1_t*, const native_handle_t**, int*, int**, int&): flip plane 1, flags: 0x0
D/hwcomposer(  429): virtual bool IntelOverlayPlane::flip(void*, uint32_t): overlay context ovadd: 0x8010001, pipe:0x0, index: 0x0
D/hwcomposer(  429): bool IntelHWComposer::commitDisplays(size_t, hwc_display_contents_1_t**): commits 2 buffers
D/hwcomposer(  429): virtual bool IntelMIPIDisplayDevice::prepare(hwc_display_contents_1_t*)
D/hwcomposer(  429): virtual void IntelMIPIDisplayDevice::onGeometryChanged(hwc_display_contents_1_t*)
D/hwcomposer(  429): void IntelDisplayPlaneManager::reclaimPlane(IntelDisplayPlane*): reclaimPlane 0
D/hwcomposer(  429): void IntelDisplayPlaneManager::reclaimPlane(IntelDisplayPlane*): reclaimPlane 0
D/hwcomposer(  429): isRGBOverlayLayer: got an RGB overlay layer
D/hwcomposer(  429): void IntelOverlayContext::setPosition(int, int, int, int): 0, 0, 720, 50
D/hwcomposer(  429): isSpriteLayer: got a sprite layer
D/hwcomposer(  429): isSpriteLayer: clear fb
D/hwcomposer(  429): int IntelDisplayPlaneManager::setZOrderConfig(int, int): 3
